15:33:29 **** Build of configuration Debug for project lpc_board_nxp_lpcxpresso_1769 ****
make -r all 
Building file: ../src/board.c
Invoking: MCU C Compiler
arm-none-eabi-gcc -D__REDLIB__ -DDEBUG -D__CODE_RED -D__USE_LPCOPEN -DCORE_M3 -I"/home/manwinder/Documents/MCUXpresso_10.3.1_2233/workspace/lpc_chip_175x_6x/inc" -I"/home/manwinder/Documents/MCUXpresso_10.3.1_2233/workspace/lpc_board_nxp_lpcxpresso_1769/inc" -O0 -g3 -Wall -c -fmessage-length=0 -fno-builtin -ffunction-sections -fdata-sections -mcpu=cortex-m3 -mthumb -specs=redlib.specs -MMD -MP -MF"src/board.d" -MT"src/board.o" -MT"src/board.d" -o "src/board.o" "../src/board.c"
../src/board.c: In function 'Board_I2C_Init':
../src/board.c:267:2: warning: enumeration value 'I2C_NUM_INTERFACE' not handled in switch [-Wswitch]
  switch (id) {
  ^~~~~~
Finished building: ../src/board.c
 
Building file: ../src/board_sysinit.c
Invoking: MCU C Compiler
arm-none-eabi-gcc -D__REDLIB__ -DDEBUG -D__CODE_RED -D__USE_LPCOPEN -DCORE_M3 -I"/home/manwinder/Documents/MCUXpresso_10.3.1_2233/workspace/lpc_chip_175x_6x/inc" -I"/home/manwinder/Documents/MCUXpresso_10.3.1_2233/workspace/lpc_board_nxp_lpcxpresso_1769/inc" -O0 -g3 -Wall -c -fmessage-length=0 -fno-builtin -ffunction-sections -fdata-sections -mcpu=cortex-m3 -mthumb -specs=redlib.specs -MMD -MP -MF"src/board_sysinit.d" -MT"src/board_sysinit.o" -MT"src/board_sysinit.d" -o "src/board_sysinit.o" "../src/board_sysinit.c"
Finished building: ../src/board_sysinit.c
 
Building file: ../src/lpc_phy_smsc87x0.c
Invoking: MCU C Compiler
arm-none-eabi-gcc -D__REDLIB__ -DDEBUG -D__CODE_RED -D__USE_LPCOPEN -DCORE_M3 -I"/home/manwinder/Documents/MCUXpresso_10.3.1_2233/workspace/lpc_chip_175x_6x/inc" -I"/home/manwinder/Documents/MCUXpresso_10.3.1_2233/workspace/lpc_board_nxp_lpcxpresso_1769/inc" -O0 -g3 -Wall -c -fmessage-length=0 -fno-builtin -ffunction-sections -fdata-sections -mcpu=cortex-m3 -mthumb -specs=redlib.specs -MMD -MP -MF"src/lpc_phy_smsc87x0.d" -MT"src/lpc_phy_smsc87x0.o" -MT"src/lpc_phy_smsc87x0.d" -o "src/lpc_phy_smsc87x0.o" "../src/lpc_phy_smsc87x0.c"
Finished building: ../src/lpc_phy_smsc87x0.c
 
Building target: liblpc_board_nxp_lpcxpresso_1769.a
Invoking: MCU Archiver
arm-none-eabi-ar -r  "liblpc_board_nxp_lpcxpresso_1769.a"  ./src/board.o ./src/board_sysinit.o ./src/lpc_phy_smsc87x0.o   
arm-none-eabi-ar: creating liblpc_board_nxp_lpcxpresso_1769.a
Finished building target: liblpc_board_nxp_lpcxpresso_1769.a
 
make --no-print-directory post-build
Performing post-build steps
arm-none-eabi-size "liblpc_board_nxp_lpcxpresso_1769.a" ; # arm-none-eabi-objdump -h -S "liblpc_board_nxp_lpcxpresso_1769.a" >"liblpc_board_nxp_lpcxpresso_1769.lss"
   text	   data	    bss	    dec	    hex	filename
   2203	      0	      0	   2203	    89b	board.o (ex liblpc_board_nxp_lpcxpresso_1769.a)
    202	      0	      0	    202	     ca	board_sysinit.o (ex liblpc_board_nxp_lpcxpresso_1769.a)
    856	      0	     18	    874	    36a	lpc_phy_smsc87x0.o (ex liblpc_board_nxp_lpcxpresso_1769.a)
 
15:33:31 **** Build of configuration Debug for project lpc_chip_175x_6x ****
make -r all 
Building file: ../src/adc_17xx_40xx.c
Invoking: MCU C Compiler
arm-none-eabi-gcc -D__REDLIB__ -DDEBUG -D__CODE_RED -D__USE_LPCOPEN -DCORE_M3 -I"/home/manwinder/Documents/MCUXpresso_10.3.1_2233/workspace/lpc_chip_175x_6x/inc" -O0 -g3 -Wall -c -fmessage-length=0 -fno-builtin -ffunction-sections -fdata-sections -mcpu=cortex-m3 -mthumb -specs=redlib.specs -MMD -MP -MF"src/adc_17xx_40xx.d" -MT"src/adc_17xx_40xx.o" -MT"src/adc_17xx_40xx.d" -o "src/adc_17xx_40xx.o" "../src/adc_17xx_40xx.c"
Finished building: ../src/adc_17xx_40xx.c
 
Building file: ../src/can_17xx_40xx.c
Invoking: MCU C Compiler
arm-none-eabi-gcc -D__REDLIB__ -DDEBUG -D__CODE_RED -D__USE_LPCOPEN -DCORE_M3 -I"/home/manwinder/Documents/MCUXpresso_10.3.1_2233/workspace/lpc_chip_175x_6x/inc" -O0 -g3 -Wall -c -fmessage-length=0 -fno-builtin -ffunction-sections -fdata-sections -mcpu=cortex-m3 -mthumb -specs=redlib.specs -MMD -MP -MF"src/can_17xx_40xx.d" -MT"src/can_17xx_40xx.o" -MT"src/can_17xx_40xx.d" -o "src/can_17xx_40xx.o" "../src/can_17xx_40xx.c"
../src/can_17xx_40xx.c: In function 'Chip_CAN_Init':
../src/can_17xx_40xx.c:751:20: warning: variable 'i' set but not used [-Wunused-but-set-variable]
  volatile uint32_t i;
                    ^
Finished building: ../src/can_17xx_40xx.c
 
Building file: ../src/chip_17xx_40xx.c
Invoking: MCU C Compiler
arm-none-eabi-gcc -D__REDLIB__ -DDEBUG -D__CODE_RED -D__USE_LPCOPEN -DCORE_M3 -I"/home/manwinder/Documents/MCUXpresso_10.3.1_2233/workspace/lpc_chip_175x_6x/inc" -O0 -g3 -Wall -c -fmessage-length=0 -fno-builtin -ffunction-sections -fdata-sections -mcpu=cortex-m3 -mthumb -specs=redlib.specs -MMD -MP -MF"src/chip_17xx_40xx.d" -MT"src/chip_17xx_40xx.o" -MT"src/chip_17xx_40xx.d" -o "src/chip_17xx_40xx.o" "../src/chip_17xx_40xx.c"
Finished building: ../src/chip_17xx_40xx.c
 
Building file: ../src/clock_17xx_40xx.c
Invoking: MCU C Compiler
arm-none-eabi-gcc -D__REDLIB__ -DDEBUG -D__CODE_RED -D__USE_LPCOPEN -DCORE_M3 -I"/home/manwinder/Documents/MCUXpresso_10.3.1_2233/workspace/lpc_chip_175x_6x/inc" -O0 -g3 -Wall -c -fmessage-length=0 -fno-builtin -ffunction-sections -fdata-sections -mcpu=cortex-m3 -mthumb -specs=redlib.specs -MMD -MP -MF"src/clock_17xx_40xx.d" -MT"src/clock_17xx_40xx.o" -MT"src/clock_17xx_40xx.d" -o "src/clock_17xx_40xx.o" "../src/clock_17xx_40xx.c"
../src/clock_17xx_40xx.c: In function 'Chip_Clock_GetSYSCLKRate':
../src/clock_17xx_40xx.c:320:2: warning: enumeration value 'SYSCTL_PLLCLKSRC_RESERVED2' not handled in switch [-Wswitch]
  switch (Chip_Clock_GetMainPLLSource()) {
  ^~~~~~
Finished building: ../src/clock_17xx_40xx.c
 
Building file: ../src/cmp_17xx_40xx.c
Invoking: MCU C Compiler
arm-none-eabi-gcc -D__REDLIB__ -DDEBUG -D__CODE_RED -D__USE_LPCOPEN -DCORE_M3 -I"/home/manwinder/Documents/MCUXpresso_10.3.1_2233/workspace/lpc_chip_175x_6x/inc" -O0 -g3 -Wall -c -fmessage-length=0 -fno-builtin -ffunction-sections -fdata-sections -mcpu=cortex-m3 -mthumb -specs=redlib.specs -MMD -MP -MF"src/cmp_17xx_40xx.d" -MT"src/cmp_17xx_40xx.o" -MT"src/cmp_17xx_40xx.d" -o "src/cmp_17xx_40xx.o" "../src/cmp_17xx_40xx.c"
Finished building: ../src/cmp_17xx_40xx.c
 
Building file: ../src/crc_17xx_40xx.c
Invoking: MCU C Compiler
arm-none-eabi-gcc -D__REDLIB__ -DDEBUG -D__CODE_RED -D__USE_LPCOPEN -DCORE_M3 -I"/home/manwinder/Documents/MCUXpresso_10.3.1_2233/workspace/lpc_chip_175x_6x/inc" -O0 -g3 -Wall -c -fmessage-length=0 -fno-builtin -ffunction-sections -fdata-sections -mcpu=cortex-m3 -mthumb -specs=redlib.specs -MMD -MP -MF"src/crc_17xx_40xx.d" -MT"src/crc_17xx_40xx.o" -MT"src/crc_17xx_40xx.d" -o "src/crc_17xx_40xx.o" "../src/crc_17xx_40xx.c"
Finished building: ../src/crc_17xx_40xx.c
 
Building file: ../src/dac_17xx_40xx.c
Invoking: MCU C Compiler
arm-none-eabi-gcc -D__REDLIB__ -DDEBUG -D__CODE_RED -D__USE_LPCOPEN -DCORE_M3 -I"/home/manwinder/Documents/MCUXpresso_10.3.1_2233/workspace/lpc_chip_175x_6x/inc" -O0 -g3 -Wall -c -fmessage-length=0 -fno-builtin -ffunction-sections -fdata-sections -mcpu=cortex-m3 -mthumb -specs=redlib.specs -MMD -MP -MF"src/dac_17xx_40xx.d" -MT"src/dac_17xx_40xx.o" -MT"src/dac_17xx_40xx.d" -o "src/dac_17xx_40xx.o" "../src/dac_17xx_40xx.c"
Finished building: ../src/dac_17xx_40xx.c
 
Building file: ../src/eeprom_17xx_40xx.c
Invoking: MCU C Compiler
arm-none-eabi-gcc -D__REDLIB__ -DDEBUG -D__CODE_RED -D__USE_LPCOPEN -DCORE_M3 -I"/home/manwinder/Documents/MCUXpresso_10.3.1_2233/workspace/lpc_chip_175x_6x/inc" -O0 -g3 -Wall -c -fmessage-length=0 -fno-builtin -ffunction-sections -fdata-sections -mcpu=cortex-m3 -mthumb -specs=redlib.specs -MMD -MP -MF"src/eeprom_17xx_40xx.d" -MT"src/eeprom_17xx_40xx.o" -MT"src/eeprom_17xx_40xx.d" -o "src/eeprom_17xx_40xx.o" "../src/eeprom_17xx_40xx.c"
Finished building: ../src/eeprom_17xx_40xx.c
 
Building file: ../src/emc_17xx_40xx.c
Invoking: MCU C Compiler
arm-none-eabi-gcc -D__REDLIB__ -DDEBUG -D__CODE_RED -D__USE_LPCOPEN -DCORE_M3 -I"/home/manwinder/Documents/MCUXpresso_10.3.1_2233/workspace/lpc_chip_175x_6x/inc" -O0 -g3 -Wall -c -fmessage-length=0 -fno-builtin -ffunction-sections -fdata-sections -mcpu=cortex-m3 -mthumb -specs=redlib.specs -MMD -MP -MF"src/emc_17xx_40xx.d" -MT"src/emc_17xx_40xx.o" -MT"src/emc_17xx_40xx.d" -o "src/emc_17xx_40xx.o" "../src/emc_17xx_40xx.c"
Finished building: ../src/emc_17xx_40xx.c
 
Building file: ../src/enet_17xx_40xx.c
Invoking: MCU C Compiler
arm-none-eabi-gcc -D__REDLIB__ -DDEBUG -D__CODE_RED -D__USE_LPCOPEN -DCORE_M3 -I"/home/manwinder/Documents/MCUXpresso_10.3.1_2233/workspace/lpc_chip_175x_6x/inc" -O0 -g3 -Wall -c -fmessage-length=0 -fno-builtin -ffunction-sections -fdata-sections -mcpu=cortex-m3 -mthumb -specs=redlib.specs -MMD -MP -MF"src/enet_17xx_40xx.d" -MT"src/enet_17xx_40xx.o" -MT"src/enet_17xx_40xx.d" -o "src/enet_17xx_40xx.o" "../src/enet_17xx_40xx.c"
Finished building: ../src/enet_17xx_40xx.c
 
Building file: ../src/gpdma_17xx_40xx.c
Invoking: MCU C Compiler
arm-none-eabi-gcc -D__REDLIB__ -DDEBUG -D__CODE_RED -D__USE_LPCOPEN -DCORE_M3 -I"/home/manwinder/Documents/MCUXpresso_10.3.1_2233/workspace/lpc_chip_175x_6x/inc" -O0 -g3 -Wall -c -fmessage-length=0 -fno-builtin -ffunction-sections -fdata-sections -mcpu=cortex-m3 -mthumb -specs=redlib.specs -MMD -MP -MF"src/gpdma_17xx_40xx.d" -MT"src/gpdma_17xx_40xx.o" -MT"src/gpdma_17xx_40xx.d" -o "src/gpdma_17xx_40xx.o" "../src/gpdma_17xx_40xx.c"
Finished building: ../src/gpdma_17xx_40xx.c
 
Building file: ../src/gpio_17xx_40xx.c
Invoking: MCU C Compiler
arm-none-eabi-gcc -D__REDLIB__ -DDEBUG -D__CODE_RED -D__USE_LPCOPEN -DCORE_M3 -I"/home/manwinder/Documents/MCUXpresso_10.3.1_2233/workspace/lpc_chip_175x_6x/inc" -O0 -g3 -Wall -c -fmessage-length=0 -fno-builtin -ffunction-sections -fdata-sections -mcpu=cortex-m3 -mthumb -specs=redlib.specs -MMD -MP -MF"src/gpio_17xx_40xx.d" -MT"src/gpio_17xx_40xx.o" -MT"src/gpio_17xx_40xx.d" -o "src/gpio_17xx_40xx.o" "../src/gpio_17xx_40xx.c"
Finished building: ../src/gpio_17xx_40xx.c
 
Building file: ../src/gpioint_17xx_40xx.c
Invoking: MCU C Compiler
arm-none-eabi-gcc -D__REDLIB__ -DDEBUG -D__CODE_RED -D__USE_LPCOPEN -DCORE_M3 -I"/home/manwinder/Documents/MCUXpresso_10.3.1_2233/workspace/lpc_chip_175x_6x/inc" -O0 -g3 -Wall -c -fmessage-length=0 -fno-builtin -ffunction-sections -fdata-sections -mcpu=cortex-m3 -mthumb -specs=redlib.specs -MMD -MP -MF"src/gpioint_17xx_40xx.d" -MT"src/gpioint_17xx_40xx.o" -MT"src/gpioint_17xx_40xx.d" -o "src/gpioint_17xx_40xx.o" "../src/gpioint_17xx_40xx.c"
Finished building: ../src/gpioint_17xx_40xx.c
 
Building file: ../src/i2c_17xx_40xx.c
Invoking: MCU C Compiler
arm-none-eabi-gcc -D__REDLIB__ -DDEBUG -D__CODE_RED -D__USE_LPCOPEN -DCORE_M3 -I"/home/manwinder/Documents/MCUXpresso_10.3.1_2233/workspace/lpc_chip_175x_6x/inc" -O0 -g3 -Wall -c -fmessage-length=0 -fno-builtin -ffunction-sections -fdata-sections -mcpu=cortex-m3 -mthumb -specs=redlib.specs -MMD -MP -MF"src/i2c_17xx_40xx.d" -MT"src/i2c_17xx_40xx.o" -MT"src/i2c_17xx_40xx.d" -o "src/i2c_17xx_40xx.o" "../src/i2c_17xx_40xx.c"
Finished building: ../src/i2c_17xx_40xx.c
 
Building file: ../src/i2s_17xx_40xx.c
Invoking: MCU C Compiler
arm-none-eabi-gcc -D__REDLIB__ -DDEBUG -D__CODE_RED -D__USE_LPCOPEN -DCORE_M3 -I"/home/manwinder/Documents/MCUXpresso_10.3.1_2233/workspace/lpc_chip_175x_6x/inc" -O0 -g3 -Wall -c -fmessage-length=0 -fno-builtin -ffunction-sections -fdata-sections -mcpu=cortex-m3 -mthumb -specs=redlib.specs -MMD -MP -MF"src/i2s_17xx_40xx.d" -MT"src/i2s_17xx_40xx.o" -MT"src/i2s_17xx_40xx.d" -o "src/i2s_17xx_40xx.o" "../src/i2s_17xx_40xx.c"
Finished building: ../src/i2s_17xx_40xx.c
 
Building file: ../src/iap.c
Invoking: MCU C Compiler
arm-none-eabi-gcc -D__REDLIB__ -DDEBUG -D__CODE_RED -D__USE_LPCOPEN -DCORE_M3 -I"/home/manwinder/Documents/MCUXpresso_10.3.1_2233/workspace/lpc_chip_175x_6x/inc" -O0 -g3 -Wall -c -fmessage-length=0 -fno-builtin -ffunction-sections -fdata-sections -mcpu=cortex-m3 -mthumb -specs=redlib.specs -MMD -MP -MF"src/iap.d" -MT"src/iap.o" -MT"src/iap.d" -o "src/iap.o" "../src/iap.c"
Finished building: ../src/iap.c
 
Building file: ../src/iocon_17xx_40xx.c
Invoking: MCU C Compiler
arm-none-eabi-gcc -D__REDLIB__ -DDEBUG -D__CODE_RED -D__USE_LPCOPEN -DCORE_M3 -I"/home/manwinder/Documents/MCUXpresso_10.3.1_2233/workspace/lpc_chip_175x_6x/inc" -O0 -g3 -Wall -c -fmessage-length=0 -fno-builtin -ffunction-sections -fdata-sections -mcpu=cortex-m3 -mthumb -specs=redlib.specs -MMD -MP -MF"src/iocon_17xx_40xx.d" -MT"src/iocon_17xx_40xx.o" -MT"src/iocon_17xx_40xx.d" -o "src/iocon_17xx_40xx.o" "../src/iocon_17xx_40xx.c"
Finished building: ../src/iocon_17xx_40xx.c
 
Building file: ../src/lcd_17xx_40xx.c
Invoking: MCU C Compiler
arm-none-eabi-gcc -D__REDLIB__ -DDEBUG -D__CODE_RED -D__USE_LPCOPEN -DCORE_M3 -I"/home/manwinder/Documents/MCUXpresso_10.3.1_2233/workspace/lpc_chip_175x_6x/inc" -O0 -g3 -Wall -c -fmessage-length=0 -fno-builtin -ffunction-sections -fdata-sections -mcpu=cortex-m3 -mthumb -specs=redlib.specs -MMD -MP -MF"src/lcd_17xx_40xx.d" -MT"src/lcd_17xx_40xx.o" -MT"src/lcd_17xx_40xx.d" -o "src/lcd_17xx_40xx.o" "../src/lcd_17xx_40xx.c"
Finished building: ../src/lcd_17xx_40xx.c
 
Building file: ../src/pmu_17xx_40xx.c
Invoking: MCU C Compiler
arm-none-eabi-gcc -D__REDLIB__ -DDEBUG -D__CODE_RED -D__USE_LPCOPEN -DCORE_M3 -I"/home/manwinder/Documents/MCUXpresso_10.3.1_2233/workspace/lpc_chip_175x_6x/inc" -O0 -g3 -Wall -c -fmessage-length=0 -fno-builtin -ffunction-sections -fdata-sections -mcpu=cortex-m3 -mthumb -specs=redlib.specs -MMD -MP -MF"src/pmu_17xx_40xx.d" -MT"src/pmu_17xx_40xx.o" -MT"src/pmu_17xx_40xx.d" -o "src/pmu_17xx_40xx.o" "../src/pmu_17xx_40xx.c"
Finished building: ../src/pmu_17xx_40xx.c
 
Building file: ../src/ring_buffer.c
Invoking: MCU C Compiler
arm-none-eabi-gcc -D__REDLIB__ -DDEBUG -D__CODE_RED -D__USE_LPCOPEN -DCORE_M3 -I"/home/manwinder/Documents/MCUXpresso_10.3.1_2233/workspace/lpc_chip_175x_6x/inc" -O0 -g3 -Wall -c -fmessage-length=0 -fno-builtin -ffunction-sections -fdata-sections -mcpu=cortex-m3 -mthumb -specs=redlib.specs -MMD -MP -MF"src/ring_buffer.d" -MT"src/ring_buffer.o" -MT"src/ring_buffer.d" -o "src/ring_buffer.o" "../src/ring_buffer.c"
Finished building: ../src/ring_buffer.c
 
Building file: ../src/ritimer_17xx_40xx.c
Invoking: MCU C Compiler
arm-none-eabi-gcc -D__REDLIB__ -DDEBUG -D__CODE_RED -D__USE_LPCOPEN -DCORE_M3 -I"/home/manwinder/Documents/MCUXpresso_10.3.1_2233/workspace/lpc_chip_175x_6x/inc" -O0 -g3 -Wall -c -fmessage-length=0 -fno-builtin -ffunction-sections -fdata-sections -mcpu=cortex-m3 -mthumb -specs=redlib.specs -MMD -MP -MF"src/ritimer_17xx_40xx.d" -MT"src/ritimer_17xx_40xx.o" -MT"src/ritimer_17xx_40xx.d" -o "src/ritimer_17xx_40xx.o" "../src/ritimer_17xx_40xx.c"
Finished building: ../src/ritimer_17xx_40xx.c
 
Building file: ../src/rtc_17xx_40xx.c
Invoking: MCU C Compiler
arm-none-eabi-gcc -D__REDLIB__ -DDEBUG -D__CODE_RED -D__USE_LPCOPEN -DCORE_M3 -I"/home/manwinder/Documents/MCUXpresso_10.3.1_2233/workspace/lpc_chip_175x_6x/inc" -O0 -g3 -Wall -c -fmessage-length=0 -fno-builtin -ffunction-sections -fdata-sections -mcpu=cortex-m3 -mthumb -specs=redlib.specs -MMD -MP -MF"src/rtc_17xx_40xx.d" -MT"src/rtc_17xx_40xx.o" -MT"src/rtc_17xx_40xx.d" -o "src/rtc_17xx_40xx.o" "../src/rtc_17xx_40xx.c"
Finished building: ../src/rtc_17xx_40xx.c
 
Building file: ../src/sdc_17xx_40xx.c
Invoking: MCU C Compiler
arm-none-eabi-gcc -D__REDLIB__ -DDEBUG -D__CODE_RED -D__USE_LPCOPEN -DCORE_M3 -I"/home/manwinder/Documents/MCUXpresso_10.3.1_2233/workspace/lpc_chip_175x_6x/inc" -O0 -g3 -Wall -c -fmessage-length=0 -fno-builtin -ffunction-sections -fdata-sections -mcpu=cortex-m3 -mthumb -specs=redlib.specs -MMD -MP -MF"src/sdc_17xx_40xx.d" -MT"src/sdc_17xx_40xx.o" -MT"src/sdc_17xx_40xx.d" -o "src/sdc_17xx_40xx.o" "../src/sdc_17xx_40xx.c"
Finished building: ../src/sdc_17xx_40xx.c
 
Building file: ../src/sdmmc_17xx_40xx.c
Invoking: MCU C Compiler
arm-none-eabi-gcc -D__REDLIB__ -DDEBUG -D__CODE_RED -D__USE_LPCOPEN -DCORE_M3 -I"/home/manwinder/Documents/MCUXpresso_10.3.1_2233/workspace/lpc_chip_175x_6x/inc" -O0 -g3 -Wall -c -fmessage-length=0 -fno-builtin -ffunction-sections -fdata-sections -mcpu=cortex-m3 -mthumb -specs=redlib.specs -MMD -MP -MF"src/sdmmc_17xx_40xx.d" -MT"src/sdmmc_17xx_40xx.o" -MT"src/sdmmc_17xx_40xx.d" -o "src/sdmmc_17xx_40xx.o" "../src/sdmmc_17xx_40xx.c"
Finished building: ../src/sdmmc_17xx_40xx.c
 
Building file: ../src/spi_17xx_40xx.c
Invoking: MCU C Compiler
arm-none-eabi-gcc -D__REDLIB__ -DDEBUG -D__CODE_RED -D__USE_LPCOPEN -DCORE_M3 -I"/home/manwinder/Documents/MCUXpresso_10.3.1_2233/workspace/lpc_chip_175x_6x/inc" -O0 -g3 -Wall -c -fmessage-length=0 -fno-builtin -ffunction-sections -fdata-sections -mcpu=cortex-m3 -mthumb -specs=redlib.specs -MMD -MP -MF"src/spi_17xx_40xx.d" -MT"src/spi_17xx_40xx.o" -MT"src/spi_17xx_40xx.d" -o "src/spi_17xx_40xx.o" "../src/spi_17xx_40xx.c"
../src/spi_17xx_40xx.c: In function 'Chip_SPI_Int_FlushData':
../src/spi_17xx_40xx.c:138:20: warning: variable 'tmp' set but not used [-Wunused-but-set-variable]
  volatile uint32_t tmp;
                    ^~~
Finished building: ../src/spi_17xx_40xx.c
 
Building file: ../src/ssp_17xx_40xx.c
Invoking: MCU C Compiler
arm-none-eabi-gcc -D__REDLIB__ -DDEBUG -D__CODE_RED -D__USE_LPCOPEN -DCORE_M3 -I"/home/manwinder/Documents/MCUXpresso_10.3.1_2233/workspace/lpc_chip_175x_6x/inc" -O0 -g3 -Wall -c -fmessage-length=0 -fno-builtin -ffunction-sections -fdata-sections -mcpu=cortex-m3 -mthumb -specs=redlib.specs -MMD -MP -MF"src/ssp_17xx_40xx.d" -MT"src/ssp_17xx_40xx.o" -MT"src/ssp_17xx_40xx.d" -o "src/ssp_17xx_40xx.o" "../src/ssp_17xx_40xx.c"
Finished building: ../src/ssp_17xx_40xx.c
 
Building file: ../src/stopwatch_17xx_40xx.c
Invoking: MCU C Compiler
arm-none-eabi-gcc -D__REDLIB__ -DDEBUG -D__CODE_RED -D__USE_LPCOPEN -DCORE_M3 -I"/home/manwinder/Documents/MCUXpresso_10.3.1_2233/workspace/lpc_chip_175x_6x/inc" -O0 -g3 -Wall -c -fmessage-length=0 -fno-builtin -ffunction-sections -fdata-sections -mcpu=cortex-m3 -mthumb -specs=redlib.specs -MMD -MP -MF"src/stopwatch_17xx_40xx.d" -MT"src/stopwatch_17xx_40xx.o" -MT"src/stopwatch_17xx_40xx.d" -o "src/stopwatch_17xx_40xx.o" "../src/stopwatch_17xx_40xx.c"
Finished building: ../src/stopwatch_17xx_40xx.c
 
Building file: ../src/sysctl_17xx_40xx.c
Invoking: MCU C Compiler
arm-none-eabi-gcc -D__REDLIB__ -DDEBUG -D__CODE_RED -D__USE_LPCOPEN -DCORE_M3 -I"/home/manwinder/Documents/MCUXpresso_10.3.1_2233/workspace/lpc_chip_175x_6x/inc" -O0 -g3 -Wall -c -fmessage-length=0 -fno-builtin -ffunction-sections -fdata-sections -mcpu=cortex-m3 -mthumb -specs=redlib.specs -MMD -MP -MF"src/sysctl_17xx_40xx.d" -MT"src/sysctl_17xx_40xx.o" -MT"src/sysctl_17xx_40xx.d" -o "src/sysctl_17xx_40xx.o" "../src/sysctl_17xx_40xx.c"
Finished building: ../src/sysctl_17xx_40xx.c
 
Building file: ../src/sysinit_17xx_40xx.c
Invoking: MCU C Compiler
arm-none-eabi-gcc -D__REDLIB__ -DDEBUG -D__CODE_RED -D__USE_LPCOPEN -DCORE_M3 -I"/home/manwinder/Documents/MCUXpresso_10.3.1_2233/workspace/lpc_chip_175x_6x/inc" -O0 -g3 -Wall -c -fmessage-length=0 -fno-builtin -ffunction-sections -fdata-sections -mcpu=cortex-m3 -mthumb -specs=redlib.specs -MMD -MP -MF"src/sysinit_17xx_40xx.d" -MT"src/sysinit_17xx_40xx.o" -MT"src/sysinit_17xx_40xx.d" -o "src/sysinit_17xx_40xx.o" "../src/sysinit_17xx_40xx.c"
Finished building: ../src/sysinit_17xx_40xx.c
 
Building file: ../src/timer_17xx_40xx.c
Invoking: MCU C Compiler
arm-none-eabi-gcc -D__REDLIB__ -DDEBUG -D__CODE_RED -D__USE_LPCOPEN -DCORE_M3 -I"/home/manwinder/Documents/MCUXpresso_10.3.1_2233/workspace/lpc_chip_175x_6x/inc" -O0 -g3 -Wall -c -fmessage-length=0 -fno-builtin -ffunction-sections -fdata-sections -mcpu=cortex-m3 -mthumb -specs=redlib.specs -MMD -MP -MF"src/timer_17xx_40xx.d" -MT"src/timer_17xx_40xx.o" -MT"src/timer_17xx_40xx.d" -o "src/timer_17xx_40xx.o" "../src/timer_17xx_40xx.c"
Finished building: ../src/timer_17xx_40xx.c
 
Building file: ../src/uart_17xx_40xx.c
Invoking: MCU C Compiler
arm-none-eabi-gcc -D__REDLIB__ -DDEBUG -D__CODE_RED -D__USE_LPCOPEN -DCORE_M3 -I"/home/manwinder/Documents/MCUXpresso_10.3.1_2233/workspace/lpc_chip_175x_6x/inc" -O0 -g3 -Wall -c -fmessage-length=0 -fno-builtin -ffunction-sections -fdata-sections -mcpu=cortex-m3 -mthumb -specs=redlib.specs -MMD -MP -MF"src/uart_17xx_40xx.d" -MT"src/uart_17xx_40xx.o" -MT"src/uart_17xx_40xx.d" -o "src/uart_17xx_40xx.o" "../src/uart_17xx_40xx.c"
Finished building: ../src/uart_17xx_40xx.c
 
Building file: ../src/wwdt_17xx_40xx.c
Invoking: MCU C Compiler
arm-none-eabi-gcc -D__REDLIB__ -DDEBUG -D__CODE_RED -D__USE_LPCOPEN -DCORE_M3 -I"/home/manwinder/Documents/MCUXpresso_10.3.1_2233/workspace/lpc_chip_175x_6x/inc" -O0 -g3 -Wall -c -fmessage-length=0 -fno-builtin -ffunction-sections -fdata-sections -mcpu=cortex-m3 -mthumb -specs=redlib.specs -MMD -MP -MF"src/wwdt_17xx_40xx.d" -MT"src/wwdt_17xx_40xx.o" -MT"src/wwdt_17xx_40xx.d" -o "src/wwdt_17xx_40xx.o" "../src/wwdt_17xx_40xx.c"
Finished building: ../src/wwdt_17xx_40xx.c
 
Building target: liblpc_chip_175x_6x.a
Invoking: MCU Archiver
arm-none-eabi-ar -r  "liblpc_chip_175x_6x.a"  ./src/adc_17xx_40xx.o ./src/can_17xx_40xx.o ./src/chip_17xx_40xx.o ./src/clock_17xx_40xx.o ./src/cmp_17xx_40xx.o ./src/crc_17xx_40xx.o ./src/dac_17xx_40xx.o ./src/eeprom_17xx_40xx.o ./src/emc_17xx_40xx.o ./src/enet_17xx_40xx.o ./src/gpdma_17xx_40xx.o ./src/gpio_17xx_40xx.o ./src/gpioint_17xx_40xx.o ./src/i2c_17xx_40xx.o ./src/i2s_17xx_40xx.o ./src/iap.o ./src/iocon_17xx_40xx.o ./src/lcd_17xx_40xx.o ./src/pmu_17xx_40xx.o ./src/ring_buffer.o ./src/ritimer_17xx_40xx.o ./src/rtc_17xx_40xx.o ./src/sdc_17xx_40xx.o ./src/sdmmc_17xx_40xx.o ./src/spi_17xx_40xx.o ./src/ssp_17xx_40xx.o ./src/stopwatch_17xx_40xx.o ./src/sysctl_17xx_40xx.o ./src/sysinit_17xx_40xx.o ./src/timer_17xx_40xx.o ./src/uart_17xx_40xx.o ./src/wwdt_17xx_40xx.o   
arm-none-eabi-ar: creating liblpc_chip_175x_6x.a
Finished building target: liblpc_chip_175x_6x.a
 
make --no-print-directory post-build
Performing post-build steps
arm-none-eabi-size "liblpc_chip_175x_6x.a" ; # arm-none-eabi-objdump -h -S "liblpc_chip_175x_6x.a" >"liblpc_chip_175x_6x.lss"
   text	   data	    bss	    dec	    hex	filename
    928	      0	      0	    928	    3a0	adc_17xx_40xx.o (ex liblpc_chip_175x_6x.a)
   8628	      0	      0	   8628	   21b4	can_17xx_40xx.o (ex liblpc_chip_175x_6x.a)
    172	      0	      0	    172	     ac	chip_17xx_40xx.o (ex liblpc_chip_175x_6x.a)
   1596	      0	      0	   1596	    63c	clock_17xx_40xx.o (ex liblpc_chip_175x_6x.a)
      0	      0	      0	      0	      0	cmp_17xx_40xx.o (ex liblpc_chip_175x_6x.a)
      0	      0	      0	      0	      0	crc_17xx_40xx.o (ex liblpc_chip_175x_6x.a)
    140	      0	      0	    140	     8c	dac_17xx_40xx.o (ex liblpc_chip_175x_6x.a)
      0	      0	      0	      0	      0	eeprom_17xx_40xx.o (ex liblpc_chip_175x_6x.a)
      0	      0	      0	      0	      0	emc_17xx_40xx.o (ex liblpc_chip_175x_6x.a)
   1089	      0	      4	   1093	    445	enet_17xx_40xx.o (ex liblpc_chip_175x_6x.a)
   2244	     96	      8	   2348	    92c	gpdma_17xx_40xx.o (ex liblpc_chip_175x_6x.a)
      0	      0	      0	      0	      0	gpio_17xx_40xx.o (ex liblpc_chip_175x_6x.a)
      0	      0	      0	      0	      0	gpioint_17xx_40xx.o (ex liblpc_chip_175x_6x.a)
   3601	     84	    120	   3805	    edd	i2c_17xx_40xx.o (ex liblpc_chip_175x_6x.a)
   1462	      0	      0	   1462	    5b6	i2s_17xx_40xx.o (ex liblpc_chip_175x_6x.a)
    552	      0	      0	    552	    228	iap.o (ex liblpc_chip_175x_6x.a)
    300	      0	      0	    300	    12c	iocon_17xx_40xx.o (ex liblpc_chip_175x_6x.a)
      0	      0	      0	      0	      0	lcd_17xx_40xx.o (ex liblpc_chip_175x_6x.a)
    264	      0	      0	    264	    108	pmu_17xx_40xx.o (ex liblpc_chip_175x_6x.a)
    962	      0	      0	    962	    3c2	ring_buffer.o (ex liblpc_chip_175x_6x.a)
    238	      0	      0	    238	     ee	ritimer_17xx_40xx.o (ex liblpc_chip_175x_6x.a)
    738	      0	      0	    738	    2e2	rtc_17xx_40xx.o (ex liblpc_chip_175x_6x.a)
      0	      0	      0	      0	      0	sdc_17xx_40xx.o (ex liblpc_chip_175x_6x.a)
      0	      0	      0	      0	      0	sdmmc_17xx_40xx.o (ex liblpc_chip_175x_6x.a)
   1036	      0	      0	   1036	    40c	spi_17xx_40xx.o (ex liblpc_chip_175x_6x.a)
   2270	      0	      0	   2270	    8de	ssp_17xx_40xx.o (ex liblpc_chip_175x_6x.a)
    362	      0	     12	    374	    176	stopwatch_17xx_40xx.o (ex liblpc_chip_175x_6x.a)
     44	      0	      0	     44	     2c	sysctl_17xx_40xx.o (ex liblpc_chip_175x_6x.a)
    470	      0	      0	    470	    1d6	sysinit_17xx_40xx.o (ex liblpc_chip_175x_6x.a)
    310	      0	      0	    310	    136	timer_17xx_40xx.o (ex liblpc_chip_175x_6x.a)
   2274	      0	      1	   2275	    8e3	uart_17xx_40xx.o (ex liblpc_chip_175x_6x.a)
     94	      0	      0	     94	     5e	wwdt_17xx_40xx.o (ex liblpc_chip_175x_6x.a)
 
15:33:37 **** Build of configuration Debug for project led_project ****
make -r -j4 all 
Building file: ../freertos/src/FreeRTOSCommonHooks.c
Building file: ../freertos/src/heap_3.c
Building file: ../freertos/src/port.c
Invoking: MCU C Compiler
Building file: ../freertos/src/list.c
arm-none-eabi-gcc -D__REDLIB__ -DDEBUG -D__CODE_RED -D__USE_LPCOPEN -DCORE_M3 -I"/home/manwinder/Documents/MCUXpresso_10.3.1_2233/workspace/lpc_chip_175x_6x/inc" -I"/home/manwinder/Documents/MCUXpresso_10.3.1_2233/workspace/lpc_board_nxp_lpcxpresso_1769/inc" -I"/home/manwinder/Documents/MCUXpresso_10.3.1_2233/workspace/led_project/example/inc" -I"/home/manwinder/Documents/MCUXpresso_10.3.1_2233/workspace/led_project/freertos/inc" -O0 -g3 -Wall -c -fmessage-length=0 -fno-builtin -ffunction-sections -fdata-sections -mcpu=cortex-m3 -mthumb -specs=redlib.specs -MMD -MP -MF"freertos/src/heap_3.d" -MT"freertos/src/heap_3.o" -MT"freertos/src/heap_3.d" -o "freertos/src/heap_3.o" "../freertos/src/heap_3.c"
Invoking: MCU C Compiler
Invoking: MCU C Compiler
arm-none-eabi-gcc -D__REDLIB__ -DDEBUG -D__CODE_RED -D__USE_LPCOPEN -DCORE_M3 -I"/home/manwinder/Documents/MCUXpresso_10.3.1_2233/workspace/lpc_chip_175x_6x/inc" -I"/home/manwinder/Documents/MCUXpresso_10.3.1_2233/workspace/lpc_board_nxp_lpcxpresso_1769/inc" -I"/home/manwinder/Documents/MCUXpresso_10.3.1_2233/workspace/led_project/example/inc" -I"/home/manwinder/Documents/MCUXpresso_10.3.1_2233/workspace/led_project/freertos/inc" -O0 -g3 -Wall -c -fmessage-length=0 -fno-builtin -ffunction-sections -fdata-sections -mcpu=cortex-m3 -mthumb -specs=redlib.specs -MMD -MP -MF"freertos/src/FreeRTOSCommonHooks.d" -MT"freertos/src/FreeRTOSCommonHooks.o" -MT"freertos/src/FreeRTOSCommonHooks.d" -o "freertos/src/FreeRTOSCommonHooks.o" "../freertos/src/FreeRTOSCommonHooks.c"
arm-none-eabi-gcc -D__REDLIB__ -DDEBUG -D__CODE_RED -D__USE_LPCOPEN -DCORE_M3 -I"/home/manwinder/Documents/MCUXpresso_10.3.1_2233/workspace/lpc_chip_175x_6x/inc" -I"/home/manwinder/Documents/MCUXpresso_10.3.1_2233/workspace/lpc_board_nxp_lpcxpresso_1769/inc" -I"/home/manwinder/Documents/MCUXpresso_10.3.1_2233/workspace/led_project/example/inc" -I"/home/manwinder/Documents/MCUXpresso_10.3.1_2233/workspace/led_project/freertos/inc" -O0 -g3 -Wall -c -fmessage-length=0 -fno-builtin -ffunction-sections -fdata-sections -mcpu=cortex-m3 -mthumb -specs=redlib.specs -MMD -MP -MF"freertos/src/port.d" -MT"freertos/src/port.o" -MT"freertos/src/port.d" -o "freertos/src/port.o" "../freertos/src/port.c"
Invoking: MCU C Compiler
arm-none-eabi-gcc -D__REDLIB__ -DDEBUG -D__CODE_RED -D__USE_LPCOPEN -DCORE_M3 -I"/home/manwinder/Documents/MCUXpresso_10.3.1_2233/workspace/lpc_chip_175x_6x/inc" -I"/home/manwinder/Documents/MCUXpresso_10.3.1_2233/workspace/lpc_board_nxp_lpcxpresso_1769/inc" -I"/home/manwinder/Documents/MCUXpresso_10.3.1_2233/workspace/led_project/example/inc" -I"/home/manwinder/Documents/MCUXpresso_10.3.1_2233/workspace/led_project/freertos/inc" -O0 -g3 -Wall -c -fmessage-length=0 -fno-builtin -ffunction-sections -fdata-sections -mcpu=cortex-m3 -mthumb -specs=redlib.specs -MMD -MP -MF"freertos/src/list.d" -MT"freertos/src/list.o" -MT"freertos/src/list.d" -o "freertos/src/list.o" "../freertos/src/list.c"
Finished building: ../freertos/src/FreeRTOSCommonHooks.c
 
Finished building: ../freertos/src/list.c
Building file: ../freertos/src/queue.c
 
Building file: ../freertos/src/tasks.c
Invoking: MCU C Compiler
arm-none-eabi-gcc -D__REDLIB__ -DDEBUG -D__CODE_RED -D__USE_LPCOPEN -DCORE_M3 -I"/home/manwinder/Documents/MCUXpresso_10.3.1_2233/workspace/lpc_chip_175x_6x/inc" -I"/home/manwinder/Documents/MCUXpresso_10.3.1_2233/workspace/lpc_board_nxp_lpcxpresso_1769/inc" -I"/home/manwinder/Documents/MCUXpresso_10.3.1_2233/workspace/led_project/example/inc" -I"/home/manwinder/Documents/MCUXpresso_10.3.1_2233/workspace/led_project/freertos/inc" -O0 -g3 -Wall -c -fmessage-length=0 -fno-builtin -ffunction-sections -fdata-sections -mcpu=cortex-m3 -mthumb -specs=redlib.specs -MMD -MP -MF"freertos/src/queue.d" -MT"freertos/src/queue.o" -MT"freertos/src/queue.d" -o "freertos/src/queue.o" "../freertos/src/queue.c"
Invoking: MCU C Compiler
arm-none-eabi-gcc -D__REDLIB__ -DDEBUG -D__CODE_RED -D__USE_LPCOPEN -DCORE_M3 -I"/home/manwinder/Documents/MCUXpresso_10.3.1_2233/workspace/lpc_chip_175x_6x/inc" -I"/home/manwinder/Documents/MCUXpresso_10.3.1_2233/workspace/lpc_board_nxp_lpcxpresso_1769/inc" -I"/home/manwinder/Documents/MCUXpresso_10.3.1_2233/workspace/led_project/example/inc" -I"/home/manwinder/Documents/MCUXpresso_10.3.1_2233/workspace/led_project/freertos/inc" -O0 -g3 -Wall -c -fmessage-length=0 -fno-builtin -ffunction-sections -fdata-sections -mcpu=cortex-m3 -mthumb -specs=redlib.specs -MMD -MP -MF"freertos/src/tasks.d" -MT"freertos/src/tasks.o" -MT"freertos/src/tasks.d" -o "freertos/src/tasks.o" "../freertos/src/tasks.c"
Finished building: ../freertos/src/heap_3.c
Finished building: ../freertos/src/port.c
 
 
Building file: ../example/src/led_project.c
Building file: ../example/src/cr_startup_lpc175x_6x.c
Invoking: MCU C Compiler
arm-none-eabi-gcc -D__REDLIB__ -DDEBUG -D__CODE_RED -D__USE_LPCOPEN -DCORE_M3 -I"/home/manwinder/Documents/MCUXpresso_10.3.1_2233/workspace/lpc_chip_175x_6x/inc" -I"/home/manwinder/Documents/MCUXpresso_10.3.1_2233/workspace/lpc_board_nxp_lpcxpresso_1769/inc" -I"/home/manwinder/Documents/MCUXpresso_10.3.1_2233/workspace/led_project/example/inc" -I"/home/manwinder/Documents/MCUXpresso_10.3.1_2233/workspace/led_project/freertos/inc" -O0 -g3 -Wall -c -fmessage-length=0 -fno-builtin -ffunction-sections -fdata-sections -mcpu=cortex-m3 -mthumb -specs=redlib.specs -MMD -MP -MF"example/src/led_project.d" -MT"example/src/led_project.o" -MT"example/src/led_project.d" -o "example/src/led_project.o" "../example/src/led_project.c"
Invoking: MCU C Compiler
arm-none-eabi-gcc -D__REDLIB__ -DDEBUG -D__CODE_RED -D__USE_LPCOPEN -DCORE_M3 -I"/home/manwinder/Documents/MCUXpresso_10.3.1_2233/workspace/lpc_chip_175x_6x/inc" -I"/home/manwinder/Documents/MCUXpresso_10.3.1_2233/workspace/lpc_board_nxp_lpcxpresso_1769/inc" -I"/home/manwinder/Documents/MCUXpresso_10.3.1_2233/workspace/led_project/example/inc" -I"/home/manwinder/Documents/MCUXpresso_10.3.1_2233/workspace/led_project/freertos/inc" -O0 -g3 -Wall -c -fmessage-length=0 -fno-builtin -ffunction-sections -fdata-sections -mcpu=cortex-m3 -mthumb -specs=redlib.specs -MMD -MP -MF"example/src/cr_startup_lpc175x_6x.d" -MT"example/src/cr_startup_lpc175x_6x.o" -MT"example/src/cr_startup_lpc175x_6x.d" -o "example/src/cr_startup_lpc175x_6x.o" "../example/src/cr_startup_lpc175x_6x.c"
Finished building: ../example/src/cr_startup_lpc175x_6x.c
 
Finished building: ../freertos/src/queue.c
Building file: ../example/src/sysinit.c
 
Invoking: MCU C Compiler
arm-none-eabi-gcc -D__REDLIB__ -DDEBUG -D__CODE_RED -D__USE_LPCOPEN -DCORE_M3 -I"/home/manwinder/Documents/MCUXpresso_10.3.1_2233/workspace/lpc_chip_175x_6x/inc" -I"/home/manwinder/Documents/MCUXpresso_10.3.1_2233/workspace/lpc_board_nxp_lpcxpresso_1769/inc" -I"/home/manwinder/Documents/MCUXpresso_10.3.1_2233/workspace/led_project/example/inc" -I"/home/manwinder/Documents/MCUXpresso_10.3.1_2233/workspace/led_project/freertos/inc" -O0 -g3 -Wall -c -fmessage-length=0 -fno-builtin -ffunction-sections -fdata-sections -mcpu=cortex-m3 -mthumb -specs=redlib.specs -MMD -MP -MF"example/src/sysinit.d" -MT"example/src/sysinit.o" -MT"example/src/sysinit.d" -o "example/src/sysinit.o" "../example/src/sysinit.c"
Finished building: ../example/src/led_project.c
 
Finished building: ../freertos/src/tasks.c
 
Finished building: ../example/src/sysinit.c
 
Building target: led_project.axf
Invoking: MCU Linker
arm-none-eabi-gcc -nostdlib -L"/home/manwinder/Documents/MCUXpresso_10.3.1_2233/workspace/lpc_chip_175x_6x/Debug" -L"/home/manwinder/Documents/MCUXpresso_10.3.1_2233/workspace/lpc_board_nxp_lpcxpresso_1769/Debug" -Xlinker -Map="led_project.map" -Xlinker --gc-sections -mcpu=cortex-m3 -mthumb -T "freertos_blinky_Debug.ld" -o "led_project.axf"  ./freertos/src/FreeRTOSCommonHooks.o ./freertos/src/heap_3.o ./freertos/src/list.o ./freertos/src/port.o ./freertos/src/queue.o ./freertos/src/tasks.o  ./example/src/cr_startup_lpc175x_6x.o ./example/src/led_project.o ./example/src/sysinit.o   -llpc_board_nxp_lpcxpresso_1769 -llpc_chip_175x_6x
Finished building target: led_project.axf
 
make --no-print-directory post-build
Performing post-build steps
arm-none-eabi-size "led_project.axf"; # arm-none-eabi-objcopy -v -O binary "led_project.axf" "led_project.bin" ; # checksum -p LPC1769 -d "led_project.bin";
   text	   data	    bss	    dec	    hex	filename
  17492	      8	    820	  18320	   4790	led_project.axf
 
15:39:08 **** Incremental Build of configuration Debug for project lpc_board_nxp_lpcxpresso_1769 ****
make -r all 
make: Nothing to be done for 'all'.
15:39:10 **** Incremental Build of configuration Debug for project lpc_chip_175x_6x ****
make -r all 
make: Nothing to be done for 'all'.
15:39:13 **** Incremental Build of configuration Debug for project led_project ****
make -r -j4 all 
Building file: ../example/src/led_project.c
Invoking: MCU C Compiler
arm-none-eabi-gcc -D__REDLIB__ -DDEBUG -D__CODE_RED -D__USE_LPCOPEN -DCORE_M3 -I"/home/manwinder/Documents/MCUXpresso_10.3.1_2233/workspace/lpc_chip_175x_6x/inc" -I"/home/manwinder/Documents/MCUXpresso_10.3.1_2233/workspace/lpc_board_nxp_lpcxpresso_1769/inc" -I"/home/manwinder/Documents/MCUXpresso_10.3.1_2233/workspace/led_project/example/inc" -I"/home/manwinder/Documents/MCUXpresso_10.3.1_2233/workspace/led_project/freertos/inc" -O0 -g3 -Wall -c -fmessage-length=0 -fno-builtin -ffunction-sections -fdata-sections -mcpu=cortex-m3 -mthumb -specs=redlib.specs -MMD -MP -MF"example/src/led_project.d" -MT"example/src/led_project.o" -MT"example/src/led_project.d" -o "example/src/led_project.o" "../example/src/led_project.c"
../example/src/led_project.c: In function 'vReceiverTask':
../example/src/led_project.c:75:1: warning: implicit declaration of function 'TaskDelay'; did you mean 'vTaskDelay'? [-Wimplicit-function-declaration]
 TaskDelay(2000);     // 2sec delay
 ^~~~~~~~~
 vTaskDelay
Finished building: ../example/src/led_project.c
 
Building target: led_project.axf
Invoking: MCU Linker
arm-none-eabi-gcc -nostdlib -L"/home/manwinder/Documents/MCUXpresso_10.3.1_2233/workspace/lpc_chip_175x_6x/Debug" -L"/home/manwinder/Documents/MCUXpresso_10.3.1_2233/workspace/lpc_board_nxp_lpcxpresso_1769/Debug" -Xlinker -Map="led_project.map" -Xlinker --gc-sections -mcpu=cortex-m3 -mthumb -T "freertos_blinky_Debug.ld" -o "led_project.axf"  ./freertos/src/FreeRTOSCommonHooks.o ./freertos/src/heap_3.o ./freertos/src/list.o ./freertos/src/port.o ./freertos/src/queue.o ./freertos/src/tasks.o  ./example/src/cr_startup_lpc175x_6x.o ./example/src/led_project.o ./example/src/sysinit.o   -llpc_board_nxp_lpcxpresso_1769 -llpc_chip_175x_6x
./example/src/led_project.o: In function `vReceiverTask':
/home/manwinder/Documents/MCUXpresso_10.3.1_2233/workspace/led_project/Debug/../example/src/led_project.c:75: undefined reference to `TaskDelay'
collect2: error: ld returned 1 exit status
make: *** [led_project.axf] Error 1
makefile:31: recipe for target 'led_project.axf' failed
15:40:59 **** Incremental Build of configuration Debug for project lpc_board_nxp_lpcxpresso_1769 ****
make -r all 
make: Nothing to be done for 'all'.
15:41:01 **** Incremental Build of configuration Debug for project lpc_chip_175x_6x ****
make -r all 
make: Nothing to be done for 'all'.
15:41:03 **** Incremental Build of configuration Debug for project led_project ****
make -r -j4 all 
Building file: ../example/src/led_project.c
Invoking: MCU C Compiler
arm-none-eabi-gcc -D__REDLIB__ -DDEBUG -D__CODE_RED -D__USE_LPCOPEN -DCORE_M3 -I"/home/manwinder/Documents/MCUXpresso_10.3.1_2233/workspace/lpc_chip_175x_6x/inc" -I"/home/manwinder/Documents/MCUXpresso_10.3.1_2233/workspace/lpc_board_nxp_lpcxpresso_1769/inc" -I"/home/manwinder/Documents/MCUXpresso_10.3.1_2233/workspace/led_project/example/inc" -I"/home/manwinder/Documents/MCUXpresso_10.3.1_2233/workspace/led_project/freertos/inc" -O0 -g3 -Wall -c -fmessage-length=0 -fno-builtin -ffunction-sections -fdata-sections -mcpu=cortex-m3 -mthumb -specs=redlib.specs -MMD -MP -MF"example/src/led_project.d" -MT"example/src/led_project.o" -MT"example/src/led_project.d" -o "example/src/led_project.o" "../example/src/led_project.c"
Finished building: ../example/src/led_project.c
 
Building target: led_project.axf
Invoking: MCU Linker
arm-none-eabi-gcc -nostdlib -L"/home/manwinder/Documents/MCUXpresso_10.3.1_2233/workspace/lpc_chip_175x_6x/Debug" -L"/home/manwinder/Documents/MCUXpresso_10.3.1_2233/workspace/lpc_board_nxp_lpcxpresso_1769/Debug" -Xlinker -Map="led_project.map" -Xlinker --gc-sections -mcpu=cortex-m3 -mthumb -T "freertos_blinky_Debug.ld" -o "led_project.axf"  ./freertos/src/FreeRTOSCommonHooks.o ./freertos/src/heap_3.o ./freertos/src/list.o ./freertos/src/port.o ./freertos/src/queue.o ./freertos/src/tasks.o  ./example/src/cr_startup_lpc175x_6x.o ./example/src/led_project.o ./example/src/sysinit.o   -llpc_board_nxp_lpcxpresso_1769 -llpc_chip_175x_6x
Finished building target: led_project.axf
 
make --no-print-directory post-build
Performing post-build steps
arm-none-eabi-size "led_project.axf"; # arm-none-eabi-objcopy -v -O binary "led_project.axf" "led_project.bin" ; # checksum -p LPC1769 -d "led_project.bin";
   text	   data	    bss	    dec	    hex	filename
  11868	      8	    824	  12700	   319c	led_project.axf
 
17:59:27 **** Incremental Build of configuration Debug for project lpc_board_nxp_lpcxpresso_1769 ****
make -r all 
make: Nothing to be done for 'all'.
17:59:29 **** Incremental Build of configuration Debug for project lpc_chip_175x_6x ****
make -r all 
make: Nothing to be done for 'all'.
17:59:31 **** Incremental Build of configuration Debug for project led_project ****
make -r -j4 all 
Building file: ../example/src/led_project.c
Invoking: MCU C Compiler
arm-none-eabi-gcc -D__REDLIB__ -DDEBUG -D__CODE_RED -D__USE_LPCOPEN -DCORE_M3 -I"/home/manwinder/Documents/MCUXpresso_10.3.1_2233/workspace/lpc_chip_175x_6x/inc" -I"/home/manwinder/Documents/MCUXpresso_10.3.1_2233/workspace/lpc_board_nxp_lpcxpresso_1769/inc" -I"/home/manwinder/Documents/MCUXpresso_10.3.1_2233/workspace/led_project/example/inc" -I"/home/manwinder/Documents/MCUXpresso_10.3.1_2233/workspace/led_project/freertos/inc" -O0 -g3 -Wall -c -fmessage-length=0 -fno-builtin -ffunction-sections -fdata-sections -mcpu=cortex-m3 -mthumb -specs=redlib.specs -MMD -MP -MF"example/src/led_project.d" -MT"example/src/led_project.o" -MT"example/src/led_project.d" -o "example/src/led_project.o" "../example/src/led_project.c"
Finished building: ../example/src/led_project.c
 
Building target: led_project.axf
Invoking: MCU Linker
arm-none-eabi-gcc -nostdlib -L"/home/manwinder/Documents/MCUXpresso_10.3.1_2233/workspace/lpc_chip_175x_6x/Debug" -L"/home/manwinder/Documents/MCUXpresso_10.3.1_2233/workspace/lpc_board_nxp_lpcxpresso_1769/Debug" -Xlinker -Map="led_project.map" -Xlinker --gc-sections -mcpu=cortex-m3 -mthumb -T "freertos_blinky_Debug.ld" -o "led_project.axf"  ./freertos/src/FreeRTOSCommonHooks.o ./freertos/src/heap_3.o ./freertos/src/list.o ./freertos/src/port.o ./freertos/src/queue.o ./freertos/src/tasks.o  ./example/src/cr_startup_lpc175x_6x.o ./example/src/led_project.o ./example/src/sysinit.o   -llpc_board_nxp_lpcxpresso_1769 -llpc_chip_175x_6x
Finished building target: led_project.axf
 
make --no-print-directory post-build
Performing post-build steps
arm-none-eabi-size "led_project.axf"; # arm-none-eabi-objcopy -v -O binary "led_project.axf" "led_project.bin" ; # checksum -p LPC1769 -d "led_project.bin";
   text	   data	    bss	    dec	    hex	filename
  17992	      8	    824	  18824	   4988	led_project.axf
 
18:00:26 **** Incremental Build of configuration Debug for project lpc_board_nxp_lpcxpresso_1769 ****
make -r all 
make: Nothing to be done for 'all'.
18:00:28 **** Incremental Build of configuration Debug for project lpc_chip_175x_6x ****
make -r all 
make: Nothing to be done for 'all'.
18:00:30 **** Incremental Build of configuration Debug for project led_project ****
make -r -j4 all 
make: Nothing to be done for 'all'.
18:00:33 **** Incremental Build of configuration Debug for project led_project ****
make -r -j4 all 
make: Nothing to be done for 'all'.
18:06:11 **** Incremental Build of configuration Debug for project lpc_board_nxp_lpcxpresso_1769 ****
make -r all 
make: Nothing to be done for 'all'.
18:06:13 **** Incremental Build of configuration Debug for project lpc_chip_175x_6x ****
make -r all 
make: Nothing to be done for 'all'.
18:06:15 **** Incremental Build of configuration Debug for project led_project ****
make -r -j4 all 
Building file: ../example/src/led_project.c
Invoking: MCU C Compiler
arm-none-eabi-gcc -D__REDLIB__ -DDEBUG -D__CODE_RED -D__USE_LPCOPEN -DCORE_M3 -I"/home/manwinder/Documents/MCUXpresso_10.3.1_2233/workspace/lpc_chip_175x_6x/inc" -I"/home/manwinder/Documents/MCUXpresso_10.3.1_2233/workspace/lpc_board_nxp_lpcxpresso_1769/inc" -I"/home/manwinder/Documents/MCUXpresso_10.3.1_2233/workspace/led_project/example/inc" -I"/home/manwinder/Documents/MCUXpresso_10.3.1_2233/workspace/led_project/freertos/inc" -O0 -g3 -Wall -c -fmessage-length=0 -fno-builtin -ffunction-sections -fdata-sections -mcpu=cortex-m3 -mthumb -specs=redlib.specs -MMD -MP -MF"example/src/led_project.d" -MT"example/src/led_project.o" -MT"example/src/led_project.d" -o "example/src/led_project.o" "../example/src/led_project.c"
Finished building: ../example/src/led_project.c
 
Building target: led_project.axf
Invoking: MCU Linker
arm-none-eabi-gcc -nostdlib -L"/home/manwinder/Documents/MCUXpresso_10.3.1_2233/workspace/lpc_chip_175x_6x/Debug" -L"/home/manwinder/Documents/MCUXpresso_10.3.1_2233/workspace/lpc_board_nxp_lpcxpresso_1769/Debug" -Xlinker -Map="led_project.map" -Xlinker --gc-sections -mcpu=cortex-m3 -mthumb -T "freertos_blinky_Debug.ld" -o "led_project.axf"  ./freertos/src/FreeRTOSCommonHooks.o ./freertos/src/heap_3.o ./freertos/src/list.o ./freertos/src/port.o ./freertos/src/queue.o ./freertos/src/tasks.o  ./example/src/cr_startup_lpc175x_6x.o ./example/src/led_project.o ./example/src/sysinit.o   -llpc_board_nxp_lpcxpresso_1769 -llpc_chip_175x_6x
Finished building target: led_project.axf
 
make --no-print-directory post-build
Performing post-build steps
arm-none-eabi-size "led_project.axf"; # arm-none-eabi-objcopy -v -O binary "led_project.axf" "led_project.bin" ; # checksum -p LPC1769 -d "led_project.bin";
   text	   data	    bss	    dec	    hex	filename
  11352	      8	    824	  12184	   2f98	led_project.axf
 
18:08:23 **** Incremental Build of configuration Debug for project lpc_board_nxp_lpcxpresso_1769 ****
make -r all 
make: Nothing to be done for 'all'.
18:08:25 **** Incremental Build of configuration Debug for project lpc_chip_175x_6x ****
make -r all 
make: Nothing to be done for 'all'.
18:08:27 **** Incremental Build of configuration Debug for project led_project ****
make -r -j4 all 
Building file: ../example/src/led_project.c
Invoking: MCU C Compiler
arm-none-eabi-gcc -D__REDLIB__ -DDEBUG -D__CODE_RED -D__USE_LPCOPEN -DCORE_M3 -I"/home/manwinder/Documents/MCUXpresso_10.3.1_2233/workspace/lpc_chip_175x_6x/inc" -I"/home/manwinder/Documents/MCUXpresso_10.3.1_2233/workspace/lpc_board_nxp_lpcxpresso_1769/inc" -I"/home/manwinder/Documents/MCUXpresso_10.3.1_2233/workspace/led_project/example/inc" -I"/home/manwinder/Documents/MCUXpresso_10.3.1_2233/workspace/led_project/freertos/inc" -O0 -g3 -Wall -c -fmessage-length=0 -fno-builtin -ffunction-sections -fdata-sections -mcpu=cortex-m3 -mthumb -specs=redlib.specs -MMD -MP -MF"example/src/led_project.d" -MT"example/src/led_project.o" -MT"example/src/led_project.d" -o "example/src/led_project.o" "../example/src/led_project.c"
Finished building: ../example/src/led_project.c
 
Building target: led_project.axf
Invoking: MCU Linker
arm-none-eabi-gcc -nostdlib -L"/home/manwinder/Documents/MCUXpresso_10.3.1_2233/workspace/lpc_chip_175x_6x/Debug" -L"/home/manwinder/Documents/MCUXpresso_10.3.1_2233/workspace/lpc_board_nxp_lpcxpresso_1769/Debug" -Xlinker -Map="led_project.map" -Xlinker --gc-sections -mcpu=cortex-m3 -mthumb -T "freertos_blinky_Debug.ld" -o "led_project.axf"  ./freertos/src/FreeRTOSCommonHooks.o ./freertos/src/heap_3.o ./freertos/src/list.o ./freertos/src/port.o ./freertos/src/queue.o ./freertos/src/tasks.o  ./example/src/cr_startup_lpc175x_6x.o ./example/src/led_project.o ./example/src/sysinit.o   -llpc_board_nxp_lpcxpresso_1769 -llpc_chip_175x_6x
Finished building target: led_project.axf
 
make --no-print-directory post-build
Performing post-build steps
arm-none-eabi-size "led_project.axf"; # arm-none-eabi-objcopy -v -O binary "led_project.axf" "led_project.bin" ; # checksum -p LPC1769 -d "led_project.bin";
   text	   data	    bss	    dec	    hex	filename
  11404	      8	    824	  12236	   2fcc	led_project.axf
 
18:09:52 **** Incremental Build of configuration Debug for project lpc_board_nxp_lpcxpresso_1769 ****
make -r all 
make: Nothing to be done for 'all'.
18:09:54 **** Incremental Build of configuration Debug for project lpc_chip_175x_6x ****
make -r all 
make: Nothing to be done for 'all'.
18:09:56 **** Incremental Build of configuration Debug for project led_project ****
make -r -j4 all 
Building file: ../example/src/led_project.c
Invoking: MCU C Compiler
arm-none-eabi-gcc -D__REDLIB__ -DDEBUG -D__CODE_RED -D__USE_LPCOPEN -DCORE_M3 -I"/home/manwinder/Documents/MCUXpresso_10.3.1_2233/workspace/lpc_chip_175x_6x/inc" -I"/home/manwinder/Documents/MCUXpresso_10.3.1_2233/workspace/lpc_board_nxp_lpcxpresso_1769/inc" -I"/home/manwinder/Documents/MCUXpresso_10.3.1_2233/workspace/led_project/example/inc" -I"/home/manwinder/Documents/MCUXpresso_10.3.1_2233/workspace/led_project/freertos/inc" -O0 -g3 -Wall -c -fmessage-length=0 -fno-builtin -ffunction-sections -fdata-sections -mcpu=cortex-m3 -mthumb -specs=redlib.specs -MMD -MP -MF"example/src/led_project.d" -MT"example/src/led_project.o" -MT"example/src/led_project.d" -o "example/src/led_project.o" "../example/src/led_project.c"
Finished building: ../example/src/led_project.c
 
Building target: led_project.axf
Invoking: MCU Linker
arm-none-eabi-gcc -nostdlib -L"/home/manwinder/Documents/MCUXpresso_10.3.1_2233/workspace/lpc_chip_175x_6x/Debug" -L"/home/manwinder/Documents/MCUXpresso_10.3.1_2233/workspace/lpc_board_nxp_lpcxpresso_1769/Debug" -Xlinker -Map="led_project.map" -Xlinker --gc-sections -mcpu=cortex-m3 -mthumb -T "freertos_blinky_Debug.ld" -o "led_project.axf"  ./freertos/src/FreeRTOSCommonHooks.o ./freertos/src/heap_3.o ./freertos/src/list.o ./freertos/src/port.o ./freertos/src/queue.o ./freertos/src/tasks.o  ./example/src/cr_startup_lpc175x_6x.o ./example/src/led_project.o ./example/src/sysinit.o   -llpc_board_nxp_lpcxpresso_1769 -llpc_chip_175x_6x
Finished building target: led_project.axf
 
make --no-print-directory post-build
Performing post-build steps
arm-none-eabi-size "led_project.axf"; # arm-none-eabi-objcopy -v -O binary "led_project.axf" "led_project.bin" ; # checksum -p LPC1769 -d "led_project.bin";
   text	   data	    bss	    dec	    hex	filename
  11404	      8	    824	  12236	   2fcc	led_project.axf
 
18:11:51 **** Incremental Build of configuration Debug for project lpc_board_nxp_lpcxpresso_1769 ****
make -r all 
make: Nothing to be done for 'all'.
18:11:53 **** Incremental Build of configuration Debug for project lpc_chip_175x_6x ****
make -r all 
make: Nothing to be done for 'all'.
18:11:55 **** Incremental Build of configuration Debug for project led_project ****
make -r -j4 all 
Building file: ../example/src/led_project.c
Invoking: MCU C Compiler
arm-none-eabi-gcc -D__REDLIB__ -DDEBUG -D__CODE_RED -D__USE_LPCOPEN -DCORE_M3 -I"/home/manwinder/Documents/MCUXpresso_10.3.1_2233/workspace/lpc_chip_175x_6x/inc" -I"/home/manwinder/Documents/MCUXpresso_10.3.1_2233/workspace/lpc_board_nxp_lpcxpresso_1769/inc" -I"/home/manwinder/Documents/MCUXpresso_10.3.1_2233/workspace/led_project/example/inc" -I"/home/manwinder/Documents/MCUXpresso_10.3.1_2233/workspace/led_project/freertos/inc" -O0 -g3 -Wall -c -fmessage-length=0 -fno-builtin -ffunction-sections -fdata-sections -mcpu=cortex-m3 -mthumb -specs=redlib.specs -MMD -MP -MF"example/src/led_project.d" -MT"example/src/led_project.o" -MT"example/src/led_project.d" -o "example/src/led_project.o" "../example/src/led_project.c"
Finished building: ../example/src/led_project.c
 
Building target: led_project.axf
Invoking: MCU Linker
arm-none-eabi-gcc -nostdlib -L"/home/manwinder/Documents/MCUXpresso_10.3.1_2233/workspace/lpc_chip_175x_6x/Debug" -L"/home/manwinder/Documents/MCUXpresso_10.3.1_2233/workspace/lpc_board_nxp_lpcxpresso_1769/Debug" -Xlinker -Map="led_project.map" -Xlinker --gc-sections -mcpu=cortex-m3 -mthumb -T "freertos_blinky_Debug.ld" -o "led_project.axf"  ./freertos/src/FreeRTOSCommonHooks.o ./freertos/src/heap_3.o ./freertos/src/list.o ./freertos/src/port.o ./freertos/src/queue.o ./freertos/src/tasks.o  ./example/src/cr_startup_lpc175x_6x.o ./example/src/led_project.o ./example/src/sysinit.o   -llpc_board_nxp_lpcxpresso_1769 -llpc_chip_175x_6x
Finished building target: led_project.axf
 
make --no-print-directory post-build
Performing post-build steps
arm-none-eabi-size "led_project.axf"; # arm-none-eabi-objcopy -v -O binary "led_project.axf" "led_project.bin" ; # checksum -p LPC1769 -d "led_project.bin";
   text	   data	    bss	    dec	    hex	filename
  11424	      8	    828	  12260	   2fe4	led_project.axf
 
18:16:22 **** Incremental Build of configuration Debug for project lpc_board_nxp_lpcxpresso_1769 ****
make -r all 
make: Nothing to be done for 'all'.
18:16:23 **** Incremental Build of configuration Debug for project lpc_chip_175x_6x ****
make -r all 
make: Nothing to be done for 'all'.
18:16:26 **** Incremental Build of configuration Debug for project led_project ****
make -r -j4 all 
Building file: ../example/src/led_project.c
Invoking: MCU C Compiler
arm-none-eabi-gcc -D__REDLIB__ -DDEBUG -D__CODE_RED -D__USE_LPCOPEN -DCORE_M3 -I"/home/manwinder/Documents/MCUXpresso_10.3.1_2233/workspace/lpc_chip_175x_6x/inc" -I"/home/manwinder/Documents/MCUXpresso_10.3.1_2233/workspace/lpc_board_nxp_lpcxpresso_1769/inc" -I"/home/manwinder/Documents/MCUXpresso_10.3.1_2233/workspace/led_project/example/inc" -I"/home/manwinder/Documents/MCUXpresso_10.3.1_2233/workspace/led_project/freertos/inc" -O0 -g3 -Wall -c -fmessage-length=0 -fno-builtin -ffunction-sections -fdata-sections -mcpu=cortex-m3 -mthumb -specs=redlib.specs -MMD -MP -MF"example/src/led_project.d" -MT"example/src/led_project.o" -MT"example/src/led_project.d" -o "example/src/led_project.o" "../example/src/led_project.c"
Finished building: ../example/src/led_project.c
 
Building target: led_project.axf
Invoking: MCU Linker
arm-none-eabi-gcc -nostdlib -L"/home/manwinder/Documents/MCUXpresso_10.3.1_2233/workspace/lpc_chip_175x_6x/Debug" -L"/home/manwinder/Documents/MCUXpresso_10.3.1_2233/workspace/lpc_board_nxp_lpcxpresso_1769/Debug" -Xlinker -Map="led_project.map" -Xlinker --gc-sections -mcpu=cortex-m3 -mthumb -T "freertos_blinky_Debug.ld" -o "led_project.axf"  ./freertos/src/FreeRTOSCommonHooks.o ./freertos/src/heap_3.o ./freertos/src/list.o ./freertos/src/port.o ./freertos/src/queue.o ./freertos/src/tasks.o  ./example/src/cr_startup_lpc175x_6x.o ./example/src/led_project.o ./example/src/sysinit.o   -llpc_board_nxp_lpcxpresso_1769 -llpc_chip_175x_6x
Finished building target: led_project.axf
 
make --no-print-directory post-build
Performing post-build steps
arm-none-eabi-size "led_project.axf"; # arm-none-eabi-objcopy -v -O binary "led_project.axf" "led_project.bin" ; # checksum -p LPC1769 -d "led_project.bin";
   text	   data	    bss	    dec	    hex	filename
  11372	      8	    824	  12204	   2fac	led_project.axf
 
18:19:18 **** Incremental Build of configuration Debug for project lpc_board_nxp_lpcxpresso_1769 ****
make -r all 
make: Nothing to be done for 'all'.
18:19:20 **** Incremental Build of configuration Debug for project lpc_chip_175x_6x ****
make -r all 
make: Nothing to be done for 'all'.
18:19:22 **** Incremental Build of configuration Debug for project led_project ****
make -r -j4 all 
Building file: ../example/src/led_project.c
Invoking: MCU C Compiler
arm-none-eabi-gcc -D__REDLIB__ -DDEBUG -D__CODE_RED -D__USE_LPCOPEN -DCORE_M3 -I"/home/manwinder/Documents/MCUXpresso_10.3.1_2233/workspace/lpc_chip_175x_6x/inc" -I"/home/manwinder/Documents/MCUXpresso_10.3.1_2233/workspace/lpc_board_nxp_lpcxpresso_1769/inc" -I"/home/manwinder/Documents/MCUXpresso_10.3.1_2233/workspace/led_project/example/inc" -I"/home/manwinder/Documents/MCUXpresso_10.3.1_2233/workspace/led_project/freertos/inc" -O0 -g3 -Wall -c -fmessage-length=0 -fno-builtin -ffunction-sections -fdata-sections -mcpu=cortex-m3 -mthumb -specs=redlib.specs -MMD -MP -MF"example/src/led_project.d" -MT"example/src/led_project.o" -MT"example/src/led_project.d" -o "example/src/led_project.o" "../example/src/led_project.c"
Finished building: ../example/src/led_project.c
 
Building target: led_project.axf
Invoking: MCU Linker
arm-none-eabi-gcc -nostdlib -L"/home/manwinder/Documents/MCUXpresso_10.3.1_2233/workspace/lpc_chip_175x_6x/Debug" -L"/home/manwinder/Documents/MCUXpresso_10.3.1_2233/workspace/lpc_board_nxp_lpcxpresso_1769/Debug" -Xlinker -Map="led_project.map" -Xlinker --gc-sections -mcpu=cortex-m3 -mthumb -T "freertos_blinky_Debug.ld" -o "led_project.axf"  ./freertos/src/FreeRTOSCommonHooks.o ./freertos/src/heap_3.o ./freertos/src/list.o ./freertos/src/port.o ./freertos/src/queue.o ./freertos/src/tasks.o  ./example/src/cr_startup_lpc175x_6x.o ./example/src/led_project.o ./example/src/sysinit.o   -llpc_board_nxp_lpcxpresso_1769 -llpc_chip_175x_6x
Finished building target: led_project.axf
 
make --no-print-directory post-build
Performing post-build steps
arm-none-eabi-size "led_project.axf"; # arm-none-eabi-objcopy -v -O binary "led_project.axf" "led_project.bin" ; # checksum -p LPC1769 -d "led_project.bin";
   text	   data	    bss	    dec	    hex	filename
  11496	      8	    824	  12328	   3028	led_project.axf
 
18:20:44 **** Incremental Build of configuration Debug for project lpc_board_nxp_lpcxpresso_1769 ****
make -r all 
make: Nothing to be done for 'all'.
18:20:46 **** Incremental Build of configuration Debug for project lpc_chip_175x_6x ****
make -r all 
make: Nothing to be done for 'all'.
18:20:48 **** Incremental Build of configuration Debug for project led_project ****
make -r -j4 all 
Building file: ../example/src/led_project.c
Invoking: MCU C Compiler
arm-none-eabi-gcc -D__REDLIB__ -DDEBUG -D__CODE_RED -D__USE_LPCOPEN -DCORE_M3 -I"/home/manwinder/Documents/MCUXpresso_10.3.1_2233/workspace/lpc_chip_175x_6x/inc" -I"/home/manwinder/Documents/MCUXpresso_10.3.1_2233/workspace/lpc_board_nxp_lpcxpresso_1769/inc" -I"/home/manwinder/Documents/MCUXpresso_10.3.1_2233/workspace/led_project/example/inc" -I"/home/manwinder/Documents/MCUXpresso_10.3.1_2233/workspace/led_project/freertos/inc" -O0 -g3 -Wall -c -fmessage-length=0 -fno-builtin -ffunction-sections -fdata-sections -mcpu=cortex-m3 -mthumb -specs=redlib.specs -MMD -MP -MF"example/src/led_project.d" -MT"example/src/led_project.o" -MT"example/src/led_project.d" -o "example/src/led_project.o" "../example/src/led_project.c"
Finished building: ../example/src/led_project.c
 
Building target: led_project.axf
Invoking: MCU Linker
arm-none-eabi-gcc -nostdlib -L"/home/manwinder/Documents/MCUXpresso_10.3.1_2233/workspace/lpc_chip_175x_6x/Debug" -L"/home/manwinder/Documents/MCUXpresso_10.3.1_2233/workspace/lpc_board_nxp_lpcxpresso_1769/Debug" -Xlinker -Map="led_project.map" -Xlinker --gc-sections -mcpu=cortex-m3 -mthumb -T "freertos_blinky_Debug.ld" -o "led_project.axf"  ./freertos/src/FreeRTOSCommonHooks.o ./freertos/src/heap_3.o ./freertos/src/list.o ./freertos/src/port.o ./freertos/src/queue.o ./freertos/src/tasks.o  ./example/src/cr_startup_lpc175x_6x.o ./example/src/led_project.o ./example/src/sysinit.o   -llpc_board_nxp_lpcxpresso_1769 -llpc_chip_175x_6x
Finished building target: led_project.axf
 
make --no-print-directory post-build
Performing post-build steps
arm-none-eabi-size "led_project.axf"; # arm-none-eabi-objcopy -v -O binary "led_project.axf" "led_project.bin" ; # checksum -p LPC1769 -d "led_project.bin";
   text	   data	    bss	    dec	    hex	filename
  11496	      8	    824	  12328	   3028	led_project.axf
 
18:28:42 **** Incremental Build of configuration Debug for project lpc_board_nxp_lpcxpresso_1769 ****
make -r all 
make: Nothing to be done for 'all'.
18:28:44 **** Incremental Build of configuration Debug for project lpc_chip_175x_6x ****
make -r all 
make: Nothing to be done for 'all'.
18:28:46 **** Incremental Build of configuration Debug for project led_project ****
make -r -j4 all 
Building file: ../example/src/led_project.c
Invoking: MCU C Compiler
arm-none-eabi-gcc -D__REDLIB__ -DDEBUG -D__CODE_RED -D__USE_LPCOPEN -DCORE_M3 -I"/home/manwinder/Documents/MCUXpresso_10.3.1_2233/workspace/lpc_chip_175x_6x/inc" -I"/home/manwinder/Documents/MCUXpresso_10.3.1_2233/workspace/lpc_board_nxp_lpcxpresso_1769/inc" -I"/home/manwinder/Documents/MCUXpresso_10.3.1_2233/workspace/led_project/example/inc" -I"/home/manwinder/Documents/MCUXpresso_10.3.1_2233/workspace/led_project/freertos/inc" -O0 -g3 -Wall -c -fmessage-length=0 -fno-builtin -ffunction-sections -fdata-sections -mcpu=cortex-m3 -mthumb -specs=redlib.specs -MMD -MP -MF"example/src/led_project.d" -MT"example/src/led_project.o" -MT"example/src/led_project.d" -o "example/src/led_project.o" "../example/src/led_project.c"
../example/src/led_project.c: In function 'prvSetupHardware':
../example/src/led_project.c:45:19: error: 'RED' undeclared (first use in this function)
     Board_LED_Set(RED, false);
                   ^~~
../example/src/led_project.c:45:19: note: each undeclared identifier is reported only once for each function it appears in
../example/src/led_project.c:46:19: error: 'BLUE' undeclared (first use in this function); did you mean 'TRUE'?
     Board_LED_Set(BLUE, false);
                   ^~~~
                   TRUE
../example/src/led_project.c: In function 'tx':
../example/src/led_project.c:59:3: warning: this 'if' clause does not guard... [-Wmisleading-indentation]
   if (xQueueSend(RGB_colour, &Red ,1));
   ^~
../example/src/led_project.c:60:4: note: ...this statement, but the latter is misleadingly indented as if it were guarded by the 'if'
    {
    ^
../example/src/led_project.c:61:18: error: 'RED' undeclared (first use in this function)
    Board_LED_Set(RED, false);
                  ^~~
../example/src/led_project.c:63:21: error: 'BLUE' undeclared (first use in this function); did you mean 'TRUE'?
       Board_LED_Set(BLUE, true);
                     ^~~~
                     TRUE
../example/src/led_project.c: In function 'rx':
../example/src/led_project.c:76:2: warning: this 'if' clause does not guard... [-Wmisleading-indentation]
  if  (xQueueReceive(RGB_colour,&item,1));
  ^~
../example/src/led_project.c:78:2: note: ...this statement, but the latter is misleadingly indented as if it were guarded by the 'if'
  {   Board_LED_Set(RED, false);
  ^
../example/src/led_project.c:78:20: error: 'RED' undeclared (first use in this function)
  {   Board_LED_Set(RED, false);
                    ^~~
../example/src/led_project.c:79:21: error: 'BLUE' undeclared (first use in this function); did you mean 'TRUE'?
       Board_LED_Set(BLUE, true);
                     ^~~~
                     TRUE
example/src/subdir.mk:24: recipe for target 'example/src/led_project.o' failed
make: *** [example/src/led_project.o] Error 1
18:31:30 **** Incremental Build of configuration Debug for project lpc_board_nxp_lpcxpresso_1769 ****
make -r all 
make: Nothing to be done for 'all'.
18:31:32 **** Incremental Build of configuration Debug for project lpc_chip_175x_6x ****
make -r all 
make: Nothing to be done for 'all'.
18:31:34 **** Incremental Build of configuration Debug for project led_project ****
make -r -j4 all 
Building file: ../example/src/led_project.c
Invoking: MCU C Compiler
arm-none-eabi-gcc -D__REDLIB__ -DDEBUG -D__CODE_RED -D__USE_LPCOPEN -DCORE_M3 -I"/home/manwinder/Documents/MCUXpresso_10.3.1_2233/workspace/lpc_chip_175x_6x/inc" -I"/home/manwinder/Documents/MCUXpresso_10.3.1_2233/workspace/lpc_board_nxp_lpcxpresso_1769/inc" -I"/home/manwinder/Documents/MCUXpresso_10.3.1_2233/workspace/led_project/example/inc" -I"/home/manwinder/Documents/MCUXpresso_10.3.1_2233/workspace/led_project/freertos/inc" -O0 -g3 -Wall -c -fmessage-length=0 -fno-builtin -ffunction-sections -fdata-sections -mcpu=cortex-m3 -mthumb -specs=redlib.specs -MMD -MP -MF"example/src/led_project.d" -MT"example/src/led_project.o" -MT"example/src/led_project.d" -o "example/src/led_project.o" "../example/src/led_project.c"
../example/src/led_project.c: In function 'prvSetupHardware':
../example/src/led_project.c:46:19: warning: passing argument 1 of 'Board_LED_Set' makes integer from pointer without a cast [-Wint-conversion]
     Board_LED_Set(RED, false);
                   ^~~
In file included from /home/manwinder/Documents/MCUXpresso_10.3.1_2233/workspace/lpc_board_nxp_lpcxpresso_1769/inc/board.h:235:0,
                 from ../example/src/led_project.c:32:
/home/manwinder/Documents/MCUXpresso_10.3.1_2233/workspace/lpc_board_nxp_lpcxpresso_1769/inc/board_api.h:122:6: note: expected 'uint8_t {aka unsigned char}' but argument is of type 'xQueueHandle {aka void *}'
 void Board_LED_Set(uint8_t LEDNumber, bool State);
      ^~~~~~~~~~~~~
../example/src/led_project.c:47:19: warning: passing argument 1 of 'Board_LED_Set' makes integer from pointer without a cast [-Wint-conversion]
     Board_LED_Set(BLUE, false);
                   ^~~~
In file included from /home/manwinder/Documents/MCUXpresso_10.3.1_2233/workspace/lpc_board_nxp_lpcxpresso_1769/inc/board.h:235:0,
                 from ../example/src/led_project.c:32:
/home/manwinder/Documents/MCUXpresso_10.3.1_2233/workspace/lpc_board_nxp_lpcxpresso_1769/inc/board_api.h:122:6: note: expected 'uint8_t {aka unsigned char}' but argument is of type 'xQueueHandle {aka void *}'
 void Board_LED_Set(uint8_t LEDNumber, bool State);
      ^~~~~~~~~~~~~
../example/src/led_project.c: In function 'tx':
../example/src/led_project.c:60:3: warning: this 'if' clause does not guard... [-Wmisleading-indentation]
   if (xQueueSend(RGB_colour, &Red ,1));
   ^~
../example/src/led_project.c:61:4: note: ...this statement, but the latter is misleadingly indented as if it were guarded by the 'if'
    {
    ^
../example/src/led_project.c:62:18: warning: passing argument 1 of 'Board_LED_Set' makes integer from pointer without a cast [-Wint-conversion]
    Board_LED_Set(RED, false);
                  ^~~
In file included from /home/manwinder/Documents/MCUXpresso_10.3.1_2233/workspace/lpc_board_nxp_lpcxpresso_1769/inc/board.h:235:0,
                 from ../example/src/led_project.c:32:
/home/manwinder/Documents/MCUXpresso_10.3.1_2233/workspace/lpc_board_nxp_lpcxpresso_1769/inc/board_api.h:122:6: note: expected 'uint8_t {aka unsigned char}' but argument is of type 'xQueueHandle {aka void *}'
 void Board_LED_Set(uint8_t LEDNumber, bool State);
      ^~~~~~~~~~~~~
../example/src/led_project.c:64:21: warning: passing argument 1 of 'Board_LED_Set' makes integer from pointer without a cast [-Wint-conversion]
       Board_LED_Set(BLUE, true);
                     ^~~~
In file included from /home/manwinder/Documents/MCUXpresso_10.3.1_2233/workspace/lpc_board_nxp_lpcxpresso_1769/inc/board.h:235:0,
                 from ../example/src/led_project.c:32:
/home/manwinder/Documents/MCUXpresso_10.3.1_2233/workspace/lpc_board_nxp_lpcxpresso_1769/inc/board_api.h:122:6: note: expected 'uint8_t {aka unsigned char}' but argument is of type 'xQueueHandle {aka void *}'
 void Board_LED_Set(uint8_t LEDNumber, bool State);
      ^~~~~~~~~~~~~
../example/src/led_project.c: In function 'rx':
../example/src/led_project.c:77:2: warning: this 'if' clause does not guard... [-Wmisleading-indentation]
  if  (xQueueReceive(RGB_colour,&item,1));
  ^~
../example/src/led_project.c:79:2: note: ...this statement, but the latter is misleadingly indented as if it were guarded by the 'if'
  {   Board_LED_Set(RED, false);
  ^
../example/src/led_project.c:79:20: warning: passing argument 1 of 'Board_LED_Set' makes integer from pointer without a cast [-Wint-conversion]
  {   Board_LED_Set(RED, false);
                    ^~~
In file included from /home/manwinder/Documents/MCUXpresso_10.3.1_2233/workspace/lpc_board_nxp_lpcxpresso_1769/inc/board.h:235:0,
                 from ../example/src/led_project.c:32:
/home/manwinder/Documents/MCUXpresso_10.3.1_2233/workspace/lpc_board_nxp_lpcxpresso_1769/inc/board_api.h:122:6: note: expected 'uint8_t {aka unsigned char}' but argument is of type 'xQueueHandle {aka void *}'
 void Board_LED_Set(uint8_t LEDNumber, bool State);
      ^~~~~~~~~~~~~
../example/src/led_project.c:80:21: warning: passing argument 1 of 'Board_LED_Set' makes integer from pointer without a cast [-Wint-conversion]
       Board_LED_Set(BLUE, true);
                     ^~~~
In file included from /home/manwinder/Documents/MCUXpresso_10.3.1_2233/workspace/lpc_board_nxp_lpcxpresso_1769/inc/board.h:235:0,
                 from ../example/src/led_project.c:32:
/home/manwinder/Documents/MCUXpresso_10.3.1_2233/workspace/lpc_board_nxp_lpcxpresso_1769/inc/board_api.h:122:6: note: expected 'uint8_t {aka unsigned char}' but argument is of type 'xQueueHandle {aka void *}'
 void Board_LED_Set(uint8_t LEDNumber, bool State);
      ^~~~~~~~~~~~~
Finished building: ../example/src/led_project.c
 
Building target: led_project.axf
Invoking: MCU Linker
arm-none-eabi-gcc -nostdlib -L"/home/manwinder/Documents/MCUXpresso_10.3.1_2233/workspace/lpc_chip_175x_6x/Debug" -L"/home/manwinder/Documents/MCUXpresso_10.3.1_2233/workspace/lpc_board_nxp_lpcxpresso_1769/Debug" -Xlinker -Map="led_project.map" -Xlinker --gc-sections -mcpu=cortex-m3 -mthumb -T "freertos_blinky_Debug.ld" -o "led_project.axf"  ./freertos/src/FreeRTOSCommonHooks.o ./freertos/src/heap_3.o ./freertos/src/list.o ./freertos/src/port.o ./freertos/src/queue.o ./freertos/src/tasks.o  ./example/src/cr_startup_lpc175x_6x.o ./example/src/led_project.o ./example/src/sysinit.o   -llpc_board_nxp_lpcxpresso_1769 -llpc_chip_175x_6x
Finished building target: led_project.axf
 
make --no-print-directory post-build
Performing post-build steps
arm-none-eabi-size "led_project.axf"; # arm-none-eabi-objcopy -v -O binary "led_project.axf" "led_project.bin" ; # checksum -p LPC1769 -d "led_project.bin";
   text	   data	    bss	    dec	    hex	filename
  11604	      8	    832	  12444	   309c	led_project.axf
 
18:42:59 **** Incremental Build of configuration Debug for project lpc_board_nxp_lpcxpresso_1769 ****
make -r all 
make: Nothing to be done for 'all'.
18:43:00 **** Incremental Build of configuration Debug for project lpc_chip_175x_6x ****
make -r all 
make: Nothing to be done for 'all'.
18:43:02 **** Incremental Build of configuration Debug for project led_project ****
make -r -j4 all 
Building file: ../example/src/led_project.c
Invoking: MCU C Compiler
arm-none-eabi-gcc -D__REDLIB__ -DDEBUG -D__CODE_RED -D__USE_LPCOPEN -DCORE_M3 -I"/home/manwinder/Documents/MCUXpresso_10.3.1_2233/workspace/lpc_chip_175x_6x/inc" -I"/home/manwinder/Documents/MCUXpresso_10.3.1_2233/workspace/lpc_board_nxp_lpcxpresso_1769/inc" -I"/home/manwinder/Documents/MCUXpresso_10.3.1_2233/workspace/led_project/example/inc" -I"/home/manwinder/Documents/MCUXpresso_10.3.1_2233/workspace/led_project/freertos/inc" -O0 -g3 -Wall -c -fmessage-length=0 -fno-builtin -ffunction-sections -fdata-sections -mcpu=cortex-m3 -mthumb -specs=redlib.specs -MMD -MP -MF"example/src/led_project.d" -MT"example/src/led_project.o" -MT"example/src/led_project.d" -o "example/src/led_project.o" "../example/src/led_project.c"
../example/src/led_project.c:1:10: fatal error: LPC1769.h: No such file or directory
 #include "LPC1769.h"
          ^~~~~~~~~~~
compilation terminated.
example/src/subdir.mk:24: recipe for target 'example/src/led_project.o' failed
make: *** [example/src/led_project.o] Error 1
18:46:08 **** Incremental Build of configuration Debug for project lpc_board_nxp_lpcxpresso_1769 ****
make -r all 
make: Nothing to be done for 'all'.
18:46:10 **** Incremental Build of configuration Debug for project lpc_chip_175x_6x ****
make -r all 
make: Nothing to be done for 'all'.
18:46:11 **** Incremental Build of configuration Debug for project led_project ****
make -r -j4 all 
Building file: ../example/src/led_project.c
Invoking: MCU C Compiler
arm-none-eabi-gcc -D__REDLIB__ -DDEBUG -D__CODE_RED -D__USE_LPCOPEN -DCORE_M3 -I"/home/manwinder/Documents/MCUXpresso_10.3.1_2233/workspace/lpc_chip_175x_6x/inc" -I"/home/manwinder/Documents/MCUXpresso_10.3.1_2233/workspace/lpc_board_nxp_lpcxpresso_1769/inc" -I"/home/manwinder/Documents/MCUXpresso_10.3.1_2233/workspace/led_project/example/inc" -I"/home/manwinder/Documents/MCUXpresso_10.3.1_2233/workspace/led_project/freertos/inc" -O0 -g3 -Wall -c -fmessage-length=0 -fno-builtin -ffunction-sections -fdata-sections -mcpu=cortex-m3 -mthumb -specs=redlib.specs -MMD -MP -MF"example/src/led_project.d" -MT"example/src/led_project.o" -MT"example/src/led_project.d" -o "example/src/led_project.o" "../example/src/led_project.c"
../example/src/led_project.c:1:10: fatal error: lpc1769.h: No such file or directory
 #include "lpc1769.h"
          ^~~~~~~~~~~
compilation terminated.
make: *** [example/src/led_project.o] Error 1
example/src/subdir.mk:24: recipe for target 'example/src/led_project.o' failed
18:48:23 **** Incremental Build of configuration Debug for project lpc_board_nxp_lpcxpresso_1769 ****
make -r all 
make: Nothing to be done for 'all'.
18:48:25 **** Incremental Build of configuration Debug for project lpc_chip_175x_6x ****
make -r all 
make: Nothing to be done for 'all'.
18:48:27 **** Incremental Build of configuration Debug for project led_project ****
make -r -j4 all 
Building file: ../example/src/led_project.c
Invoking: MCU C Compiler
arm-none-eabi-gcc -D__REDLIB__ -DDEBUG -D__CODE_RED -D__USE_LPCOPEN -DCORE_M3 -I"/home/manwinder/Documents/MCUXpresso_10.3.1_2233/workspace/lpc_chip_175x_6x/inc" -I"/home/manwinder/Documents/MCUXpresso_10.3.1_2233/workspace/lpc_board_nxp_lpcxpresso_1769/inc" -I"/home/manwinder/Documents/MCUXpresso_10.3.1_2233/workspace/led_project/example/inc" -I"/home/manwinder/Documents/MCUXpresso_10.3.1_2233/workspace/led_project/freertos/inc" -O0 -g3 -Wall -c -fmessage-length=0 -fno-builtin -ffunction-sections -fdata-sections -mcpu=cortex-m3 -mthumb -specs=redlib.specs -MMD -MP -MF"example/src/led_project.d" -MT"example/src/led_project.o" -MT"example/src/led_project.d" -o "example/src/led_project.o" "../example/src/led_project.c"
../example/src/led_project.c: In function 'main':
../example/src/led_project.c:23:5: warning: implicit declaration of function 'SystemInit'; did you mean 'Chip_SystemInit'? [-Wimplicit-function-declaration]
     SystemInit();                        //Clock and PLL configuration
     ^~~~~~~~~~
     Chip_SystemInit
../example/src/led_project.c:24:5: warning: implicit declaration of function 'GPIO_PinFunction' [-Wimplicit-function-declaration]
     GPIO_PinFunction(LED,PINSEL_FUNC_0); // Configure Pin for Gpio
     ^~~~~~~~~~~~~~~~
../example/src/led_project.c:24:22: error: 'LED' undeclared (first use in this function)
     GPIO_PinFunction(LED,PINSEL_FUNC_0); // Configure Pin for Gpio
                      ^~~
../example/src/led_project.c:24:22: note: each undeclared identifier is reported only once for each function it appears in
../example/src/led_project.c:24:26: error: 'PINSEL_FUNC_0' undeclared (first use in this function); did you mean 'IOCON_FUNC0'?
     GPIO_PinFunction(LED,PINSEL_FUNC_0); // Configure Pin for Gpio
                          ^~~~~~~~~~~~~
                          IOCON_FUNC0
../example/src/led_project.c:25:5: warning: implicit declaration of function 'GPIO_PinDirection' [-Wimplicit-function-declaration]
     GPIO_PinDirection(LED,OUTPUT);       // Configure the pin as OUTPUT
     ^~~~~~~~~~~~~~~~~
../example/src/led_project.c:25:27: error: 'OUTPUT' undeclared (first use in this function)
     GPIO_PinDirection(LED,OUTPUT);       // Configure the pin as OUTPUT
                           ^~~~~~
../example/src/led_project.c:30:9: warning: implicit declaration of function 'GPIO_PinWrite' [-Wimplicit-function-declaration]
         GPIO_PinWrite(LED,HIGH);     // Make all the Port pin as high
         ^~~~~~~~~~~~~
../example/src/led_project.c:30:27: error: 'HIGH' undeclared (first use in this function)
         GPIO_PinWrite(LED,HIGH);     // Make all the Port pin as high
                           ^~~~
../example/src/led_project.c:31:9: warning: implicit declaration of function 'DELAY_ms' [-Wimplicit-function-declaration]
         DELAY_ms(100);
         ^~~~~~~~
example/src/subdir.mk:24: recipe for target 'example/src/led_project.o' failed
../example/src/led_project.c:33:27: error: 'LOW' undeclared (first use in this function)
         GPIO_PinWrite(LED,LOW);     // Make all the Port pin as low
                           ^~~
At top level:
../example/src/led_project.c:12:13: warning: 'prvSetupHardware' defined but not used [-Wunused-function]
 static void prvSetupHardware(void)
             ^~~~~~~~~~~~~~~~
make: *** [example/src/led_project.o] Error 1
18:48:57 **** Incremental Build of configuration Debug for project lpc_board_nxp_lpcxpresso_1769 ****
make -r all 
make: Nothing to be done for 'all'.
18:48:59 **** Incremental Build of configuration Debug for project lpc_chip_175x_6x ****
make -r all 
make: Nothing to be done for 'all'.
18:49:01 **** Incremental Build of configuration Debug for project led_project ****
make -r -j4 all 
Building file: ../example/src/led_project.c
Invoking: MCU C Compiler
arm-none-eabi-gcc -D__REDLIB__ -DDEBUG -D__CODE_RED -D__USE_LPCOPEN -DCORE_M3 -I"/home/manwinder/Documents/MCUXpresso_10.3.1_2233/workspace/lpc_chip_175x_6x/inc" -I"/home/manwinder/Documents/MCUXpresso_10.3.1_2233/workspace/lpc_board_nxp_lpcxpresso_1769/inc" -I"/home/manwinder/Documents/MCUXpresso_10.3.1_2233/workspace/led_project/example/inc" -I"/home/manwinder/Documents/MCUXpresso_10.3.1_2233/workspace/led_project/freertos/inc" -O0 -g3 -Wall -c -fmessage-length=0 -fno-builtin -ffunction-sections -fdata-sections -mcpu=cortex-m3 -mthumb -specs=redlib.specs -MMD -MP -MF"example/src/led_project.d" -MT"example/src/led_project.o" -MT"example/src/led_project.d" -o "example/src/led_project.o" "../example/src/led_project.c"
../example/src/led_project.c:3:10: fatal error: delay.h: No such file or directory
 #include "delay.h"     //User defined library which conatins the delay routines
          ^~~~~~~~~
compilation terminated.
example/src/subdir.mk:24: recipe for target 'example/src/led_project.o' failed
make: *** [example/src/led_project.o] Error 1
18:52:51 **** Incremental Build of configuration Debug for project lpc_board_nxp_lpcxpresso_1769 ****
make -r all 
make: Nothing to be done for 'all'.
18:52:53 **** Incremental Build of configuration Debug for project lpc_chip_175x_6x ****
make -r all 
make: Nothing to be done for 'all'.
18:52:54 **** Incremental Build of configuration Debug for project led_project ****
make -r -j4 all 
Building file: ../example/src/led_project.c
Invoking: MCU C Compiler
arm-none-eabi-gcc -D__REDLIB__ -DDEBUG -D__CODE_RED -D__USE_LPCOPEN -DCORE_M3 -I"/home/manwinder/Documents/MCUXpresso_10.3.1_2233/workspace/lpc_chip_175x_6x/inc" -I"/home/manwinder/Documents/MCUXpresso_10.3.1_2233/workspace/lpc_board_nxp_lpcxpresso_1769/inc" -I"/home/manwinder/Documents/MCUXpresso_10.3.1_2233/workspace/led_project/example/inc" -I"/home/manwinder/Documents/MCUXpresso_10.3.1_2233/workspace/led_project/freertos/inc" -O0 -g3 -Wall -c -fmessage-length=0 -fno-builtin -ffunction-sections -fdata-sections -mcpu=cortex-m3 -mthumb -specs=redlib.specs -MMD -MP -MF"example/src/led_project.d" -MT"example/src/led_project.o" -MT"example/src/led_project.d" -o "example/src/led_project.o" "../example/src/led_project.c"
Finished building: ../example/src/led_project.c
 
Building target: led_project.axf
Invoking: MCU Linker
arm-none-eabi-gcc -nostdlib -L"/home/manwinder/Documents/MCUXpresso_10.3.1_2233/workspace/lpc_chip_175x_6x/Debug" -L"/home/manwinder/Documents/MCUXpresso_10.3.1_2233/workspace/lpc_board_nxp_lpcxpresso_1769/Debug" -Xlinker -Map="led_project.map" -Xlinker --gc-sections -mcpu=cortex-m3 -mthumb -T "freertos_blinky_Debug.ld" -o "led_project.axf"  ./freertos/src/FreeRTOSCommonHooks.o ./freertos/src/heap_3.o ./freertos/src/list.o ./freertos/src/port.o ./freertos/src/queue.o ./freertos/src/tasks.o  ./example/src/cr_startup_lpc175x_6x.o ./example/src/led_project.o ./example/src/sysinit.o   -llpc_board_nxp_lpcxpresso_1769 -llpc_chip_175x_6x
Finished building target: led_project.axf
 
make --no-print-directory post-build
Performing post-build steps
arm-none-eabi-size "led_project.axf"; # arm-none-eabi-objcopy -v -O binary "led_project.axf" "led_project.bin" ; # checksum -p LPC1769 -d "led_project.bin";
   text	   data	    bss	    dec	    hex	filename
   9176	      8	    820	  10004	   2714	led_project.axf
 
19:00:27 **** Incremental Build of configuration Debug for project lpc_board_nxp_lpcxpresso_1769 ****
make -r all 
make: Nothing to be done for 'all'.
19:00:28 **** Incremental Build of configuration Debug for project lpc_chip_175x_6x ****
make -r all 
make: Nothing to be done for 'all'.
19:00:30 **** Incremental Build of configuration Debug for project led_project ****
make -r -j4 all 
Building file: ../example/src/led_project.c
Invoking: MCU C Compiler
arm-none-eabi-gcc -D__REDLIB__ -DDEBUG -D__CODE_RED -D__USE_LPCOPEN -DCORE_M3 -I"/home/manwinder/Documents/MCUXpresso_10.3.1_2233/workspace/lpc_chip_175x_6x/inc" -I"/home/manwinder/Documents/MCUXpresso_10.3.1_2233/workspace/lpc_board_nxp_lpcxpresso_1769/inc" -I"/home/manwinder/Documents/MCUXpresso_10.3.1_2233/workspace/led_project/example/inc" -I"/home/manwinder/Documents/MCUXpresso_10.3.1_2233/workspace/led_project/freertos/inc" -O0 -g3 -Wall -c -fmessage-length=0 -fno-builtin -ffunction-sections -fdata-sections -mcpu=cortex-m3 -mthumb -specs=redlib.specs -MMD -MP -MF"example/src/led_project.d" -MT"example/src/led_project.o" -MT"example/src/led_project.d" -o "example/src/led_project.o" "../example/src/led_project.c"
../example/src/led_project.c: In function 'main':
../example/src/led_project.c:51:2: warning: implicit declaration of function 'TaskCreate'; did you mean 'xTaskCreate'? [-Wimplicit-function-declaration]
  TaskCreate(vLEDTask0, (signed char *) "vTaskLed0",
  ^~~~~~~~~~
  xTaskCreate
Finished building: ../example/src/led_project.c
 
Building target: led_project.axf
Invoking: MCU Linker
[...]
Finished building: ../example/src/mutex_led.c
 
Building target: mutux_led.axf
Invoking: MCU Linker
arm-none-eabi-gcc -nostdlib -L"/home/manwinder/Documents/MCUXpresso_10.3.1_2233/workspace/lpc_chip_175x_6x/Debug" -L"/home/manwinder/Documents/MCUXpresso_10.3.1_2233/workspace/lpc_board_nxp_lpcxpresso_1769/Debug" -Xlinker -Map="mutux_led.map" -Xlinker --gc-sections -mcpu=cortex-m3 -mthumb -T "freertos_blinky_Debug.ld" -o "mutux_led.axf"  ./freertos/src/FreeRTOSCommonHooks.o ./freertos/src/heap_3.o ./freertos/src/list.o ./freertos/src/port.o ./freertos/src/queue.o ./freertos/src/tasks.o  ./example/src/cr_startup_lpc175x_6x.o ./example/src/mutex_led.o ./example/src/sysinit.o   -llpc_board_nxp_lpcxpresso_1769 -llpc_chip_175x_6x
Finished building target: mutux_led.axf
 
make --no-print-directory post-build
Performing post-build steps
arm-none-eabi-size "mutux_led.axf"; # arm-none-eabi-objcopy -v -O binary "mutux_led.axf" "mutux_led.bin" ; # checksum -p LPC1769 -d "mutux_led.bin";
   text	   data	    bss	    dec	    hex	filename
  11892	      8	    824	  12724	   31b4	mutux_led.axf
 
21:11:57 **** Incremental Build of configuration Debug for project lpc_board_nxp_lpcxpresso_1769 ****
make -r all 
make: Nothing to be done for 'all'.
21:11:58 **** Incremental Build of configuration Debug for project lpc_chip_175x_6x ****
make -r all 
make: Nothing to be done for 'all'.
21:12:00 **** Incremental Build of configuration Debug for project mutux_led ****
make -r -j4 all 
Building file: ../example/src/mutex_led.c
Invoking: MCU C Compiler
arm-none-eabi-gcc -D__REDLIB__ -DDEBUG -D__CODE_RED -D__USE_LPCOPEN -DCORE_M3 -I"/home/manwinder/Documents/MCUXpresso_10.3.1_2233/workspace/lpc_chip_175x_6x/inc" -I"/home/manwinder/Documents/MCUXpresso_10.3.1_2233/workspace/lpc_board_nxp_lpcxpresso_1769/inc" -I"/home/manwinder/Documents/MCUXpresso_10.3.1_2233/workspace/mutux_led/example/inc" -I"/home/manwinder/Documents/MCUXpresso_10.3.1_2233/workspace/mutux_led/freertos/inc" -O0 -g3 -Wall -c -fmessage-length=0 -fno-builtin -ffunction-sections -fdata-sections -mcpu=cortex-m3 -mthumb -specs=redlib.specs -MMD -MP -MF"example/src/mutex_led.d" -MT"example/src/mutex_led.o" -MT"example/src/mutex_led.d" -o "example/src/mutex_led.o" "../example/src/mutex_led.c"
Finished building: ../example/src/mutex_led.c
 
Building target: mutux_led.axf
Invoking: MCU Linker
arm-none-eabi-gcc -nostdlib -L"/home/manwinder/Documents/MCUXpresso_10.3.1_2233/workspace/lpc_chip_175x_6x/Debug" -L"/home/manwinder/Documents/MCUXpresso_10.3.1_2233/workspace/lpc_board_nxp_lpcxpresso_1769/Debug" -Xlinker -Map="mutux_led.map" -Xlinker --gc-sections -mcpu=cortex-m3 -mthumb -T "freertos_blinky_Debug.ld" -o "mutux_led.axf"  ./freertos/src/FreeRTOSCommonHooks.o ./freertos/src/heap_3.o ./freertos/src/list.o ./freertos/src/port.o ./freertos/src/queue.o ./freertos/src/tasks.o  ./example/src/cr_startup_lpc175x_6x.o ./example/src/mutex_led.o ./example/src/sysinit.o   -llpc_board_nxp_lpcxpresso_1769 -llpc_chip_175x_6x
Finished building target: mutux_led.axf
 
make --no-print-directory post-build
Performing post-build steps
arm-none-eabi-size "mutux_led.axf"; # arm-none-eabi-objcopy -v -O binary "mutux_led.axf" "mutux_led.bin" ; # checksum -p LPC1769 -d "mutux_led.bin";
   text	   data	    bss	    dec	    hex	filename
  11892	      8	    824	  12724	   31b4	mutux_led.axf
 
21:14:20 **** Incremental Build of configuration Debug for project lpc_board_nxp_lpcxpresso_1769 ****
make -r all 
make: Nothing to be done for 'all'.
21:14:22 **** Incremental Build of configuration Debug for project lpc_chip_175x_6x ****
make -r all 
make: Nothing to be done for 'all'.
21:14:23 **** Incremental Build of configuration Debug for project mutux_led ****
make -r -j4 all 
Building file: ../example/src/mutex_led.c
Invoking: MCU C Compiler
arm-none-eabi-gcc -D__REDLIB__ -DDEBUG -D__CODE_RED -D__USE_LPCOPEN -DCORE_M3 -I"/home/manwinder/Documents/MCUXpresso_10.3.1_2233/workspace/lpc_chip_175x_6x/inc" -I"/home/manwinder/Documents/MCUXpresso_10.3.1_2233/workspace/lpc_board_nxp_lpcxpresso_1769/inc" -I"/home/manwinder/Documents/MCUXpresso_10.3.1_2233/workspace/mutux_led/example/inc" -I"/home/manwinder/Documents/MCUXpresso_10.3.1_2233/workspace/mutux_led/freertos/inc" -O0 -g3 -Wall -c -fmessage-length=0 -fno-builtin -ffunction-sections -fdata-sections -mcpu=cortex-m3 -mthumb -specs=redlib.specs -MMD -MP -MF"example/src/mutex_led.d" -MT"example/src/mutex_led.o" -MT"example/src/mutex_led.d" -o "example/src/mutex_led.o" "../example/src/mutex_led.c"
Finished building: ../example/src/mutex_led.c
 
Building target: mutux_led.axf
Invoking: MCU Linker
arm-none-eabi-gcc -nostdlib -L"/home/manwinder/Documents/MCUXpresso_10.3.1_2233/workspace/lpc_chip_175x_6x/Debug" -L"/home/manwinder/Documents/MCUXpresso_10.3.1_2233/workspace/lpc_board_nxp_lpcxpresso_1769/Debug" -Xlinker -Map="mutux_led.map" -Xlinker --gc-sections -mcpu=cortex-m3 -mthumb -T "freertos_blinky_Debug.ld" -o "mutux_led.axf"  ./freertos/src/FreeRTOSCommonHooks.o ./freertos/src/heap_3.o ./freertos/src/list.o ./freertos/src/port.o ./freertos/src/queue.o ./freertos/src/tasks.o  ./example/src/cr_startup_lpc175x_6x.o ./example/src/mutex_led.o ./example/src/sysinit.o   -llpc_board_nxp_lpcxpresso_1769 -llpc_chip_175x_6x
Finished building target: mutux_led.axf
 
make --no-print-directory post-build
Performing post-build steps
arm-none-eabi-size "mutux_led.axf"; # arm-none-eabi-objcopy -v -O binary "mutux_led.axf" "mutux_led.bin" ; # checksum -p LPC1769 -d "mutux_led.bin";
   text	   data	    bss	    dec	    hex	filename
  11892	      8	    824	  12724	   31b4	mutux_led.axf
 
21:15:31 **** Incremental Build of configuration Debug for project lpc_board_nxp_lpcxpresso_1769 ****
make -r all 
make: Nothing to be done for 'all'.
21:15:32 **** Incremental Build of configuration Debug for project lpc_chip_175x_6x ****
make -r all 
make: Nothing to be done for 'all'.
21:15:34 **** Incremental Build of configuration Debug for project mutux_led ****
make -r -j4 all 
Building file: ../example/src/mutex_led.c
Invoking: MCU C Compiler
arm-none-eabi-gcc -D__REDLIB__ -DDEBUG -D__CODE_RED -D__USE_LPCOPEN -DCORE_M3 -I"/home/manwinder/Documents/MCUXpresso_10.3.1_2233/workspace/lpc_chip_175x_6x/inc" -I"/home/manwinder/Documents/MCUXpresso_10.3.1_2233/workspace/lpc_board_nxp_lpcxpresso_1769/inc" -I"/home/manwinder/Documents/MCUXpresso_10.3.1_2233/workspace/mutux_led/example/inc" -I"/home/manwinder/Documents/MCUXpresso_10.3.1_2233/workspace/mutux_led/freertos/inc" -O0 -g3 -Wall -c -fmessage-length=0 -fno-builtin -ffunction-sections -fdata-sections -mcpu=cortex-m3 -mthumb -specs=redlib.specs -MMD -MP -MF"example/src/mutex_led.d" -MT"example/src/mutex_led.o" -MT"example/src/mutex_led.d" -o "example/src/mutex_led.o" "../example/src/mutex_led.c"
Finished building: ../example/src/mutex_led.c
 
Building target: mutux_led.axf
Invoking: MCU Linker
arm-none-eabi-gcc -nostdlib -L"/home/manwinder/Documents/MCUXpresso_10.3.1_2233/workspace/lpc_chip_175x_6x/Debug" -L"/home/manwinder/Documents/MCUXpresso_10.3.1_2233/workspace/lpc_board_nxp_lpcxpresso_1769/Debug" -Xlinker -Map="mutux_led.map" -Xlinker --gc-sections -mcpu=cortex-m3 -mthumb -T "freertos_blinky_Debug.ld" -o "mutux_led.axf"  ./freertos/src/FreeRTOSCommonHooks.o ./freertos/src/heap_3.o ./freertos/src/list.o ./freertos/src/port.o ./freertos/src/queue.o ./freertos/src/tasks.o  ./example/src/cr_startup_lpc175x_6x.o ./example/src/mutex_led.o ./example/src/sysinit.o   -llpc_board_nxp_lpcxpresso_1769 -llpc_chip_175x_6x
Finished building target: mutux_led.axf
 
make --no-print-directory post-build
Performing post-build steps
arm-none-eabi-size "mutux_led.axf"; # arm-none-eabi-objcopy -v -O binary "mutux_led.axf" "mutux_led.bin" ; # checksum -p LPC1769 -d "mutux_led.bin";
   text	   data	    bss	    dec	    hex	filename
  11784	      8	    824	  12616	   3148	mutux_led.axf
 
21:16:44 **** Incremental Build of configuration Debug for project lpc_board_nxp_lpcxpresso_1769 ****
make -r all 
make: Nothing to be done for 'all'.
21:16:45 **** Incremental Build of configuration Debug for project lpc_chip_175x_6x ****
make -r all 
make: Nothing to be done for 'all'.
21:16:47 **** Incremental Build of configuration Debug for project mutux_led ****
make -r -j4 all 
Building file: ../example/src/mutex_led.c
Invoking: MCU C Compiler
arm-none-eabi-gcc -D__REDLIB__ -DDEBUG -D__CODE_RED -D__USE_LPCOPEN -DCORE_M3 -I"/home/manwinder/Documents/MCUXpresso_10.3.1_2233/workspace/lpc_chip_175x_6x/inc" -I"/home/manwinder/Documents/MCUXpresso_10.3.1_2233/workspace/lpc_board_nxp_lpcxpresso_1769/inc" -I"/home/manwinder/Documents/MCUXpresso_10.3.1_2233/workspace/mutux_led/example/inc" -I"/home/manwinder/Documents/MCUXpresso_10.3.1_2233/workspace/mutux_led/freertos/inc" -O0 -g3 -Wall -c -fmessage-length=0 -fno-builtin -ffunction-sections -fdata-sections -mcpu=cortex-m3 -mthumb -specs=redlib.specs -MMD -MP -MF"example/src/mutex_led.d" -MT"example/src/mutex_led.o" -MT"example/src/mutex_led.d" -o "example/src/mutex_led.o" "../example/src/mutex_led.c"
Finished building: ../example/src/mutex_led.c
 
Building target: mutux_led.axf
Invoking: MCU Linker
arm-none-eabi-gcc -nostdlib -L"/home/manwinder/Documents/MCUXpresso_10.3.1_2233/workspace/lpc_chip_175x_6x/Debug" -L"/home/manwinder/Documents/MCUXpresso_10.3.1_2233/workspace/lpc_board_nxp_lpcxpresso_1769/Debug" -Xlinker -Map="mutux_led.map" -Xlinker --gc-sections -mcpu=cortex-m3 -mthumb -T "freertos_blinky_Debug.ld" -o "mutux_led.axf"  ./freertos/src/FreeRTOSCommonHooks.o ./freertos/src/heap_3.o ./freertos/src/list.o ./freertos/src/port.o ./freertos/src/queue.o ./freertos/src/tasks.o  ./example/src/cr_startup_lpc175x_6x.o ./example/src/mutex_led.o ./example/src/sysinit.o   -llpc_board_nxp_lpcxpresso_1769 -llpc_chip_175x_6x
Finished building target: mutux_led.axf
 
make --no-print-directory post-build
Performing post-build steps
arm-none-eabi-size "mutux_led.axf"; # arm-none-eabi-objcopy -v -O binary "mutux_led.axf" "mutux_led.bin" ; # checksum -p LPC1769 -d "mutux_led.bin";
   text	   data	    bss	    dec	    hex	filename
  11876	      8	    824	  12708	   31a4	mutux_led.axf
 
21:17:40 **** Incremental Build of configuration Debug for project lpc_board_nxp_lpcxpresso_1769 ****
make -r all 
make: Nothing to be done for 'all'.
21:17:42 **** Incremental Build of configuration Debug for project lpc_chip_175x_6x ****
make -r all 
make: Nothing to be done for 'all'.
21:17:43 **** Incremental Build of configuration Debug for project mutux_led ****
make -r -j4 all 
Building file: ../example/src/mutex_led.c
Invoking: MCU C Compiler
arm-none-eabi-gcc -D__REDLIB__ -DDEBUG -D__CODE_RED -D__USE_LPCOPEN -DCORE_M3 -I"/home/manwinder/Documents/MCUXpresso_10.3.1_2233/workspace/lpc_chip_175x_6x/inc" -I"/home/manwinder/Documents/MCUXpresso_10.3.1_2233/workspace/lpc_board_nxp_lpcxpresso_1769/inc" -I"/home/manwinder/Documents/MCUXpresso_10.3.1_2233/workspace/mutux_led/example/inc" -I"/home/manwinder/Documents/MCUXpresso_10.3.1_2233/workspace/mutux_led/freertos/inc" -O0 -g3 -Wall -c -fmessage-length=0 -fno-builtin -ffunction-sections -fdata-sections -mcpu=cortex-m3 -mthumb -specs=redlib.specs -MMD -MP -MF"example/src/mutex_led.d" -MT"example/src/mutex_led.o" -MT"example/src/mutex_led.d" -o "example/src/mutex_led.o" "../example/src/mutex_led.c"
Finished building: ../example/src/mutex_led.c
 
Building target: mutux_led.axf
Invoking: MCU Linker
arm-none-eabi-gcc -nostdlib -L"/home/manwinder/Documents/MCUXpresso_10.3.1_2233/workspace/lpc_chip_175x_6x/Debug" -L"/home/manwinder/Documents/MCUXpresso_10.3.1_2233/workspace/lpc_board_nxp_lpcxpresso_1769/Debug" -Xlinker -Map="mutux_led.map" -Xlinker --gc-sections -mcpu=cortex-m3 -mthumb -T "freertos_blinky_Debug.ld" -o "mutux_led.axf"  ./freertos/src/FreeRTOSCommonHooks.o ./freertos/src/heap_3.o ./freertos/src/list.o ./freertos/src/port.o ./freertos/src/queue.o ./freertos/src/tasks.o  ./example/src/cr_startup_lpc175x_6x.o ./example/src/mutex_led.o ./example/src/sysinit.o   -llpc_board_nxp_lpcxpresso_1769 -llpc_chip_175x_6x
Finished building target: mutux_led.axf
 
make --no-print-directory post-build
Performing post-build steps
arm-none-eabi-size "mutux_led.axf"; # arm-none-eabi-objcopy -v -O binary "mutux_led.axf" "mutux_led.bin" ; # checksum -p LPC1769 -d "mutux_led.bin";
   text	   data	    bss	    dec	    hex	filename
  11884	      8	    824	  12716	   31ac	mutux_led.axf
 
21:18:44 **** Incremental Build of configuration Debug for project lpc_board_nxp_lpcxpresso_1769 ****
make -r all 
make: Nothing to be done for 'all'.
21:18:45 **** Incremental Build of configuration Debug for project lpc_chip_175x_6x ****
make -r all 
make: Nothing to be done for 'all'.
21:18:47 **** Incremental Build of configuration Debug for project mutux_led ****
make -r -j4 all 
Building file: ../example/src/mutex_led.c
Invoking: MCU C Compiler
arm-none-eabi-gcc -D__REDLIB__ -DDEBUG -D__CODE_RED -D__USE_LPCOPEN -DCORE_M3 -I"/home/manwinder/Documents/MCUXpresso_10.3.1_2233/workspace/lpc_chip_175x_6x/inc" -I"/home/manwinder/Documents/MCUXpresso_10.3.1_2233/workspace/lpc_board_nxp_lpcxpresso_1769/inc" -I"/home/manwinder/Documents/MCUXpresso_10.3.1_2233/workspace/mutux_led/example/inc" -I"/home/manwinder/Documents/MCUXpresso_10.3.1_2233/workspace/mutux_led/freertos/inc" -O0 -g3 -Wall -c -fmessage-length=0 -fno-builtin -ffunction-sections -fdata-sections -mcpu=cortex-m3 -mthumb -specs=redlib.specs -MMD -MP -MF"example/src/mutex_led.d" -MT"example/src/mutex_led.o" -MT"example/src/mutex_led.d" -o "example/src/mutex_led.o" "../example/src/mutex_led.c"
Finished building: ../example/src/mutex_led.c
 
Building target: mutux_led.axf
Invoking: MCU Linker
arm-none-eabi-gcc -nostdlib -L"/home/manwinder/Documents/MCUXpresso_10.3.1_2233/workspace/lpc_chip_175x_6x/Debug" -L"/home/manwinder/Documents/MCUXpresso_10.3.1_2233/workspace/lpc_board_nxp_lpcxpresso_1769/Debug" -Xlinker -Map="mutux_led.map" -Xlinker --gc-sections -mcpu=cortex-m3 -mthumb -T "freertos_blinky_Debug.ld" -o "mutux_led.axf"  ./freertos/src/FreeRTOSCommonHooks.o ./freertos/src/heap_3.o ./freertos/src/list.o ./freertos/src/port.o ./freertos/src/queue.o ./freertos/src/tasks.o  ./example/src/cr_startup_lpc175x_6x.o ./example/src/mutex_led.o ./example/src/sysinit.o   -llpc_board_nxp_lpcxpresso_1769 -llpc_chip_175x_6x
Finished building target: mutux_led.axf
 
make --no-print-directory post-build
Performing post-build steps
arm-none-eabi-size "mutux_led.axf"; # arm-none-eabi-objcopy -v -O binary "mutux_led.axf" "mutux_led.bin" ; # checksum -p LPC1769 -d "mutux_led.bin";
   text	   data	    bss	    dec	    hex	filename
  11892	      8	    824	  12724	   31b4	mutux_led.axf
 
21:19:45 **** Incremental Build of configuration Debug for project lpc_board_nxp_lpcxpresso_1769 ****
make -r all 
make: Nothing to be done for 'all'.
21:19:47 **** Incremental Build of configuration Debug for project lpc_chip_175x_6x ****
make -r all 
make: Nothing to be done for 'all'.
21:19:48 **** Incremental Build of configuration Debug for project mutux_led ****
make -r -j4 all 
Building file: ../example/src/mutex_led.c
Invoking: MCU C Compiler
arm-none-eabi-gcc -D__REDLIB__ -DDEBUG -D__CODE_RED -D__USE_LPCOPEN -DCORE_M3 -I"/home/manwinder/Documents/MCUXpresso_10.3.1_2233/workspace/lpc_chip_175x_6x/inc" -I"/home/manwinder/Documents/MCUXpresso_10.3.1_2233/workspace/lpc_board_nxp_lpcxpresso_1769/inc" -I"/home/manwinder/Documents/MCUXpresso_10.3.1_2233/workspace/mutux_led/example/inc" -I"/home/manwinder/Documents/MCUXpresso_10.3.1_2233/workspace/mutux_led/freertos/inc" -O0 -g3 -Wall -c -fmessage-length=0 -fno-builtin -ffunction-sections -fdata-sections -mcpu=cortex-m3 -mthumb -specs=redlib.specs -MMD -MP -MF"example/src/mutex_led.d" -MT"example/src/mutex_led.o" -MT"example/src/mutex_led.d" -o "example/src/mutex_led.o" "../example/src/mutex_led.c"
Finished building: ../example/src/mutex_led.c
 
Building target: mutux_led.axf
Invoking: MCU Linker
arm-none-eabi-gcc -nostdlib -L"/home/manwinder/Documents/MCUXpresso_10.3.1_2233/workspace/lpc_chip_175x_6x/Debug" -L"/home/manwinder/Documents/MCUXpresso_10.3.1_2233/workspace/lpc_board_nxp_lpcxpresso_1769/Debug" -Xlinker -Map="mutux_led.map" -Xlinker --gc-sections -mcpu=cortex-m3 -mthumb -T "freertos_blinky_Debug.ld" -o "mutux_led.axf"  ./freertos/src/FreeRTOSCommonHooks.o ./freertos/src/heap_3.o ./freertos/src/list.o ./freertos/src/port.o ./freertos/src/queue.o ./freertos/src/tasks.o  ./example/src/cr_startup_lpc175x_6x.o ./example/src/mutex_led.o ./example/src/sysinit.o   -llpc_board_nxp_lpcxpresso_1769 -llpc_chip_175x_6x
Finished building target: mutux_led.axf
 
make --no-print-directory post-build
Performing post-build steps
arm-none-eabi-size "mutux_led.axf"; # arm-none-eabi-objcopy -v -O binary "mutux_led.axf" "mutux_led.bin" ; # checksum -p LPC1769 -d "mutux_led.bin";
   text	   data	    bss	    dec	    hex	filename
  11892	      8	    824	  12724	   31b4	mutux_led.axf
 
21:20:11 **** Incremental Build of configuration Debug for project lpc_board_nxp_lpcxpresso_1769 ****
make -r all 
make: Nothing to be done for 'all'.
21:20:12 **** Incremental Build of configuration Debug for project lpc_chip_175x_6x ****
make -r all 
make: Nothing to be done for 'all'.
21:20:14 **** Incremental Build of configuration Debug for project mutux_led ****
make -r -j4 all 
make: Nothing to be done for 'all'.
21:41:23 **** Incremental Build of configuration Debug for project lpc_board_nxp_lpcxpresso_1769 ****
make -r all 
make: Nothing to be done for 'all'.
21:41:24 **** Incremental Build of configuration Debug for project lpc_chip_175x_6x ****
make -r all 
make: Nothing to be done for 'all'.
21:41:26 **** Incremental Build of configuration Debug for project mutux_led ****
make -r -j4 all 
Building file: ../example/src/mutex_led.c
Invoking: MCU C Compiler
arm-none-eabi-gcc -D__REDLIB__ -DDEBUG -D__CODE_RED -D__USE_LPCOPEN -DCORE_M3 -I"/home/manwinder/Documents/MCUXpresso_10.3.1_2233/workspace/lpc_chip_175x_6x/inc" -I"/home/manwinder/Documents/MCUXpresso_10.3.1_2233/workspace/lpc_board_nxp_lpcxpresso_1769/inc" -I"/home/manwinder/Documents/MCUXpresso_10.3.1_2233/workspace/mutux_led/example/inc" -I"/home/manwinder/Documents/MCUXpresso_10.3.1_2233/workspace/mutux_led/freertos/inc" -O0 -g3 -Wall -c -fmessage-length=0 -fno-builtin -ffunction-sections -fdata-sections -mcpu=cortex-m3 -mthumb -specs=redlib.specs -MMD -MP -MF"example/src/mutex_led.d" -MT"example/src/mutex_led.o" -MT"example/src/mutex_led.d" -o "example/src/mutex_led.o" "../example/src/mutex_led.c"
Finished building: ../example/src/mutex_led.c
 
Building target: mutux_led.axf
Invoking: MCU Linker
arm-none-eabi-gcc -nostdlib -L"/home/manwinder/Documents/MCUXpresso_10.3.1_2233/workspace/lpc_chip_175x_6x/Debug" -L"/home/manwinder/Documents/MCUXpresso_10.3.1_2233/workspace/lpc_board_nxp_lpcxpresso_1769/Debug" -Xlinker -Map="mutux_led.map" -Xlinker --gc-sections -mcpu=cortex-m3 -mthumb -T "freertos_blinky_Debug.ld" -o "mutux_led.axf"  ./freertos/src/FreeRTOSCommonHooks.o ./freertos/src/heap_3.o ./freertos/src/list.o ./freertos/src/port.o ./freertos/src/queue.o ./freertos/src/tasks.o  ./example/src/cr_startup_lpc175x_6x.o ./example/src/mutex_led.o ./example/src/sysinit.o   -llpc_board_nxp_lpcxpresso_1769 -llpc_chip_175x_6x
Finished building target: mutux_led.axf
 
make --no-print-directory post-build
Performing post-build steps
arm-none-eabi-size "mutux_led.axf"; # arm-none-eabi-objcopy -v -O binary "mutux_led.axf" "mutux_led.bin" ; # checksum -p LPC1769 -d "mutux_led.bin";
   text	   data	    bss	    dec	    hex	filename
  11892	      8	    824	  12724	   31b4	mutux_led.axf
 
