21:41:26 **** Incremental Build of configuration Debug for project mutux_led ****
make -r -j4 all 
Building file: ../example/src/mutex_led.c
Invoking: MCU C Compiler
arm-none-eabi-gcc -D__REDLIB__ -DDEBUG -D__CODE_RED -D__USE_LPCOPEN -DCORE_M3 -I"/home/manwinder/Documents/MCUXpresso_10.3.1_2233/workspace/lpc_chip_175x_6x/inc" -I"/home/manwinder/Documents/MCUXpresso_10.3.1_2233/workspace/lpc_board_nxp_lpcxpresso_1769/inc" -I"/home/manwinder/Documents/MCUXpresso_10.3.1_2233/workspace/mutux_led/example/inc" -I"/home/manwinder/Documents/MCUXpresso_10.3.1_2233/workspace/mutux_led/freertos/inc" -O0 -g3 -Wall -c -fmessage-length=0 -fno-builtin -ffunction-sections -fdata-sections -mcpu=cortex-m3 -mthumb -specs=redlib.specs -MMD -MP -MF"example/src/mutex_led.d" -MT"example/src/mutex_led.o" -MT"example/src/mutex_led.d" -o "example/src/mutex_led.o" "../example/src/mutex_led.c"
Finished building: ../example/src/mutex_led.c
 
Building target: mutux_led.axf
Invoking: MCU Linker
arm-none-eabi-gcc -nostdlib -L"/home/manwinder/Documents/MCUXpresso_10.3.1_2233/workspace/lpc_chip_175x_6x/Debug" -L"/home/manwinder/Documents/MCUXpresso_10.3.1_2233/workspace/lpc_board_nxp_lpcxpresso_1769/Debug" -Xlinker -Map="mutux_led.map" -Xlinker --gc-sections -mcpu=cortex-m3 -mthumb -T "freertos_blinky_Debug.ld" -o "mutux_led.axf"  ./freertos/src/FreeRTOSCommonHooks.o ./freertos/src/heap_3.o ./freertos/src/list.o ./freertos/src/port.o ./freertos/src/queue.o ./freertos/src/tasks.o  ./example/src/cr_startup_lpc175x_6x.o ./example/src/mutex_led.o ./example/src/sysinit.o   -llpc_board_nxp_lpcxpresso_1769 -llpc_chip_175x_6x
Finished building target: mutux_led.axf
 
make --no-print-directory post-build
Performing post-build steps
arm-none-eabi-size "mutux_led.axf"; # arm-none-eabi-objcopy -v -O binary "mutux_led.axf" "mutux_led.bin" ; # checksum -p LPC1769 -d "mutux_led.bin";
   text	   data	    bss	    dec	    hex	filename
  11892	      8	    824	  12724	   31b4	mutux_led.axf
 

21:41:27 Build Finished (took 624ms)

