Archive member included to satisfy reference by file (symbol)

/home/manwinder/Documents/MCUXpresso_10.3.1_2233/workspace/lpc_board_nxp_lpcxpresso_1769/Debug/liblpc_board_nxp_lpcxpresso_1769.a(board.o)
                              ./freertos/src/FreeRTOSCommonHooks.o (Board_UARTPutSTR)
/home/manwinder/Documents/MCUXpresso_10.3.1_2233/workspace/lpc_board_nxp_lpcxpresso_1769/Debug/liblpc_board_nxp_lpcxpresso_1769.a(board_sysinit.o)
                              ./example/src/sysinit.o (Board_SystemInit)
/home/manwinder/Documents/MCUXpresso_10.3.1_2233/workspace/lpc_chip_175x_6x/Debug/liblpc_chip_175x_6x.a(chip_17xx_40xx.o)
                              ./freertos/src/port.o (SystemCoreClock)
/home/manwinder/Documents/MCUXpresso_10.3.1_2233/workspace/lpc_chip_175x_6x/Debug/liblpc_chip_175x_6x.a(clock_17xx_40xx.o)
                              /home/manwinder/Documents/MCUXpresso_10.3.1_2233/workspace/lpc_chip_175x_6x/Debug/liblpc_chip_175x_6x.a(chip_17xx_40xx.o) (Chip_Clock_EnablePLL)
/home/manwinder/Documents/MCUXpresso_10.3.1_2233/workspace/lpc_chip_175x_6x/Debug/liblpc_chip_175x_6x.a(i2s_17xx_40xx.o)
                              /home/manwinder/Documents/MCUXpresso_10.3.1_2233/workspace/lpc_board_nxp_lpcxpresso_1769/Debug/liblpc_board_nxp_lpcxpresso_1769.a(board.o) (Chip_I2S_Init)
/home/manwinder/Documents/MCUXpresso_10.3.1_2233/workspace/lpc_chip_175x_6x/Debug/liblpc_chip_175x_6x.a(iocon_17xx_40xx.o)
                              /home/manwinder/Documents/MCUXpresso_10.3.1_2233/workspace/lpc_board_nxp_lpcxpresso_1769/Debug/liblpc_board_nxp_lpcxpresso_1769.a(board.o) (Chip_IOCON_PinMux)
/home/manwinder/Documents/MCUXpresso_10.3.1_2233/workspace/lpc_chip_175x_6x/Debug/liblpc_chip_175x_6x.a(sysinit_17xx_40xx.o)
                              /home/manwinder/Documents/MCUXpresso_10.3.1_2233/workspace/lpc_board_nxp_lpcxpresso_1769/Debug/liblpc_board_nxp_lpcxpresso_1769.a(board_sysinit.o) (Chip_SetupXtalClocking)
/home/manwinder/Documents/MCUXpresso_10.3.1_2233/workspace/lpc_chip_175x_6x/Debug/liblpc_chip_175x_6x.a(uart_17xx_40xx.o)
                              /home/manwinder/Documents/MCUXpresso_10.3.1_2233/workspace/lpc_board_nxp_lpcxpresso_1769/Debug/liblpc_board_nxp_lpcxpresso_1769.a(board.o) (Chip_UART_Init)
/home/manwinder/Documents/MCUXpresso_10.3.1_2233/workspace/lpc_chip_175x_6x/Debug/liblpc_chip_175x_6x.a(ring_buffer.o)
                              /home/manwinder/Documents/MCUXpresso_10.3.1_2233/workspace/lpc_chip_175x_6x/Debug/liblpc_chip_175x_6x.a(uart_17xx_40xx.o) (RingBuffer_Insert)
/usr/local/mcuxpressoide-10.3.1_2233/ide/plugins/com.nxp.mcuxpresso.tools.linux_10.3.0.201811011841/tools/bin/../lib/gcc/arm-none-eabi/7.3.1/../../../../arm-none-eabi/lib/thumb/v7-m/libcr_nohost.a(_cr__main.o)
                              ./example/src/cr_startup_lpc175x_6x.o (__main)
/usr/local/mcuxpressoide-10.3.1_2233/ide/plugins/com.nxp.mcuxpresso.tools.linux_10.3.0.201811011841/tools/bin/../lib/gcc/arm-none-eabi/7.3.1/../../../../arm-none-eabi/lib/thumb/v7-m/libcr_c.a(memcpy.o)
                              ./freertos/src/queue.o (memcpy)
/usr/local/mcuxpressoide-10.3.1_2233/ide/plugins/com.nxp.mcuxpresso.tools.linux_10.3.0.201811011841/tools/bin/../lib/gcc/arm-none-eabi/7.3.1/../../../../arm-none-eabi/lib/thumb/v7-m/libcr_c.a(memset.o)
                              ./freertos/src/tasks.o (memset)
/usr/local/mcuxpressoide-10.3.1_2233/ide/plugins/com.nxp.mcuxpresso.tools.linux_10.3.0.201811011841/tools/bin/../lib/gcc/arm-none-eabi/7.3.1/../../../../arm-none-eabi/lib/thumb/v7-m/libcr_c.a(alloc.o)
                              ./freertos/src/heap_3.o (malloc)
/usr/local/mcuxpressoide-10.3.1_2233/ide/plugins/com.nxp.mcuxpresso.tools.linux_10.3.0.201811011841/tools/bin/../lib/gcc/arm-none-eabi/7.3.1/../../../../arm-none-eabi/lib/thumb/v7-m/libcr_c.a(fpprintf.o)
                              ./freertos/src/FreeRTOSCommonHooks.o (printf)
/usr/local/mcuxpressoide-10.3.1_2233/ide/plugins/com.nxp.mcuxpresso.tools.linux_10.3.0.201811011841/tools/bin/../lib/gcc/arm-none-eabi/7.3.1/../../../../arm-none-eabi/lib/thumb/v7-m/libcr_c.a(initio.o)
                              /usr/local/mcuxpressoide-10.3.1_2233/ide/plugins/com.nxp.mcuxpresso.tools.linux_10.3.0.201811011841/tools/bin/../lib/gcc/arm-none-eabi/7.3.1/../../../../arm-none-eabi/lib/thumb/v7-m/libcr_nohost.a(_cr__main.o) (_initio)
/usr/local/mcuxpressoide-10.3.1_2233/ide/plugins/com.nxp.mcuxpresso.tools.linux_10.3.0.201811011841/tools/bin/../lib/gcc/arm-none-eabi/7.3.1/../../../../arm-none-eabi/lib/thumb/v7-m/libcr_c.a(printf.o)
                              /usr/local/mcuxpressoide-10.3.1_2233/ide/plugins/com.nxp.mcuxpresso.tools.linux_10.3.0.201811011841/tools/bin/../lib/gcc/arm-none-eabi/7.3.1/../../../../arm-none-eabi/lib/thumb/v7-m/libcr_c.a(fpprintf.o) (__vfprintf)
[...]
Memory Configuration

Name             Origin             Length             Attributes
MFlash512        0x0000000000000000 0x0000000000080000 xr
RamLoc32         0x0000000010000000 0x0000000000008000 xrw
RamAHB32         0x000000002007c000 0x0000000000008000 xrw
*default*        0x0000000000000000 0xffffffffffffffff

Linker script and memory map

LOAD ./freertos/src/FreeRTOSCommonHooks.o
LOAD ./freertos/src/heap_3.o
LOAD ./freertos/src/list.o
LOAD ./freertos/src/port.o
LOAD ./freertos/src/queue.o
LOAD ./freertos/src/tasks.o
LOAD ./example/src/cr_startup_lpc175x_6x.o
LOAD ./example/src/q.o
LOAD ./example/src/sysinit.o
LOAD /home/manwinder/Documents/MCUXpresso_10.3.1_2233/workspace/lpc_board_nxp_lpcxpresso_1769/Debug/liblpc_board_nxp_lpcxpresso_1769.a
LOAD /home/manwinder/Documents/MCUXpresso_10.3.1_2233/workspace/lpc_chip_175x_6x/Debug/liblpc_chip_175x_6x.a
START GROUP
LOAD /usr/local/mcuxpressoide-10.3.1_2233/ide/plugins/com.nxp.mcuxpresso.tools.linux_10.3.0.201811011841/tools/bin/../lib/gcc/arm-none-eabi/7.3.1/../../../../arm-none-eabi/lib/thumb/v7-m/libcr_nohost.a
LOAD /usr/local/mcuxpressoide-10.3.1_2233/ide/plugins/com.nxp.mcuxpresso.tools.linux_10.3.0.201811011841/tools/bin/../lib/gcc/arm-none-eabi/7.3.1/../../../../arm-none-eabi/lib/thumb/v7-m/libcr_c.a
LOAD /usr/local/mcuxpressoide-10.3.1_2233/ide/plugins/com.nxp.mcuxpresso.tools.linux_10.3.0.201811011841/tools/bin/../lib/gcc/arm-none-eabi/7.3.1/thumb/v7-m/libcr_eabihelpers.a
LOAD /usr/local/mcuxpressoide-10.3.1_2233/ide/plugins/com.nxp.mcuxpresso.tools.linux_10.3.0.201811011841/tools/bin/../lib/gcc/arm-none-eabi/7.3.1/thumb/v7-m/libgcc.a
END GROUP
                0x0000000000000000                __base_MFlash512 = 0x0
                0x0000000000000000                __base_Flash = 0x0
                0x0000000000080000                __top_MFlash512 = 0x80000
                0x0000000000080000                __top_Flash = 0x80000
                0x0000000010000000                __base_RamLoc32 = 0x10000000
                0x0000000010000000                __base_RAM = 0x10000000
                0x0000000010008000                __top_RamLoc32 = 0x10008000
                0x0000000010008000                __top_RAM = 0x10008000
                0x000000002007c000                __base_RamAHB32 = 0x2007c000
                0x000000002007c000                __base_RAM2 = 0x2007c000
                0x0000000020084000                __top_RamAHB32 = 0x20084000
                0x0000000020084000                __top_RAM2 = 0x20084000

.text           0x0000000000000000     0x2ee0
 FILL mask 0xff
                0x0000000000000000                __vectors_start__ = ABSOLUTE (.)
 *(.isr_vector)
 .isr_vector    0x0000000000000000       0xcc ./example/src/cr_startup_lpc175x_6x.o
                0x0000000000000000                g_pfnVectors
                0x00000000000000cc                . = ALIGN (0x4)
                0x00000000000000cc                __section_table_start = .
                0x00000000000000cc                __data_section_table = .
                0x00000000000000cc        0x4 LONG 0x2ee0 LOADADDR (.data)
                0x00000000000000d0        0x4 LONG 0x10000000 ADDR (.data)
                0x00000000000000d4        0x4 LONG 0xc SIZEOF (.data)
                0x00000000000000d8        0x4 LONG 0x2ee0 LOADADDR (.data_RAM2)
                0x00000000000000dc        0x4 LONG 0x2007c000 ADDR (.data_RAM2)
                0x00000000000000e0        0x4 LONG 0x0 SIZEOF (.data_RAM2)
                0x00000000000000e4                __data_section_table_end = .
                0x00000000000000e4                __bss_section_table = .
                0x00000000000000e4        0x4 LONG 0x1000000c ADDR (.bss)
                0x00000000000000e8        0x4 LONG 0x338 SIZEOF (.bss)
                0x00000000000000ec        0x4 LONG 0x2007c000 ADDR (.bss_RAM2)
                0x00000000000000f0        0x4 LONG 0x0 SIZEOF (.bss_RAM2)
                0x00000000000000f4                __bss_section_table_end = .
                0x00000000000000f4                __section_table_end = .
 *(.after_vectors*)
 .after_vectors
                0x00000000000000f4      0x12c ./example/src/cr_startup_lpc175x_6x.o
                0x00000000000000f4                data_init
                0x0000000000000136                bss_init
                0x000000000000016c                ResetISR
                0x00000000000001e4                NMI_Handler
                0x00000000000001ea                HardFault_Handler
                0x00000000000001f0                MemManage_Handler
                0x00000000000001f6                BusFault_Handler
                0x00000000000001fc                UsageFault_Handler
                0x0000000000000208                DebugMon_Handler
                0x000000000000021a                TIMER2_IRQHandler
                0x000000000000021a                RIT_IRQHandler
                0x000000000000021a                I2C0_IRQHandler
                0x000000000000021a                USBActivity_IRQHandler
                0x000000000000021a                PWM1_IRQHandler
                0x000000000000021a                I2C1_IRQHandler
                0x000000000000021a                EINT2_IRQHandler
                0x000000000000021a                UART1_IRQHandler
                0x000000000000021a                EINT3_IRQHandler
                0x000000000000021a                CANActivity_IRQHandler
                0x000000000000021a                TIMER3_IRQHandler
                0x000000000000021a                UART0_IRQHandler
                0x000000000000021a                IntDefaultHandler
                0x000000000000021a                PLL0_IRQHandler
                0x000000000000021a                CAN_IRQHandler
                0x000000000000021a                PLL1_IRQHandler
                0x000000000000021a                SSP0_IRQHandler
                0x000000000000021a                I2S_IRQHandler
                0x000000000000021a                I2C2_IRQHandler
                0x000000000000021a                RTC_IRQHandler
                0x000000000000021a                TIMER0_IRQHandler
                0x000000000000021a                SPI_IRQHandler
                0x000000000000021a                EINT1_IRQHandler
                0x000000000000021a                TIMER1_IRQHandler
                0x000000000000021a                UART2_IRQHandler
                0x000000000000021a                ADC_IRQHandler
                0x000000000000021a                SSP1_IRQHandler
                0x000000000000021a                USB_IRQHandler
                0x000000000000021a                BOD_IRQHandler
                0x000000000000021a                WDT_IRQHandler
                0x000000000000021a                QEI_IRQHandler
                0x000000000000021a                EINT0_IRQHandler
                0x000000000000021a                ETH_IRQHandler
                0x000000000000021a                DMA_IRQHandler
                0x000000000000021a                UART3_IRQHandler
                0x000000000000021a                MCPWM_IRQHandler
 *(.text*)
 .text.vApplicationIdleHook
                0x0000000000000220        0xe ./freertos/src/FreeRTOSCommonHooks.o
                0x0000000000000220                vApplicationIdleHook
 .text.pvPortMalloc
                0x000000000000022e       0x22 ./freertos/src/heap_3.o
                0x000000000000022e                pvPortMalloc
 .text.vPortFree
                0x0000000000000250       0x24 ./freertos/src/heap_3.o
                0x0000000000000250                vPortFree
 .text.vListInitialise
                0x0000000000000274       0x3e ./freertos/src/list.o
                0x0000000000000274                vListInitialise
 .text.vListInitialiseItem
                0x00000000000002b2       0x18 ./freertos/src/list.o
                0x00000000000002b2                vListInitialiseItem
 .text.vListInsertEnd
                0x00000000000002ca       0x46 ./freertos/src/list.o
                0x00000000000002ca                vListInsertEnd
 .text.vListInsert
                0x0000000000000310       0x70 ./freertos/src/list.o
                0x0000000000000310                vListInsert
 .text.uxListRemove
                0x0000000000000380       0x52 ./freertos/src/list.o
                0x0000000000000380                uxListRemove
 *fill*         0x00000000000003d2        0x2 ff
 .text.pxPortInitialiseStack
                0x00000000000003d4       0x54 ./freertos/src/port.o
                0x00000000000003d4                pxPortInitialiseStack
 .text.prvTaskExitError
                0x0000000000000428        0xa ./freertos/src/port.o
 *fill*         0x0000000000000432        0x2 ff
 .text.SVC_Handler
                0x0000000000000434       0x24 ./freertos/src/port.o
                0x0000000000000434                SVC_Handler
 .text.prvPortStartFirstTask
                0x0000000000000458       0x18 ./freertos/src/port.o
 .text.xPortStartScheduler
                0x0000000000000470       0x38 ./freertos/src/port.o
                0x0000000000000470                xPortStartScheduler
 .text.vPortYield
                0x00000000000004a8       0x20 ./freertos/src/port.o
                0x00000000000004a8                vPortYield
 .text.vPortEnterCritical
                0x00000000000004c8       0x24 ./freertos/src/port.o
                0x00000000000004c8                vPortEnterCritical
 .text.vPortExitCritical
                0x00000000000004ec       0x24 ./freertos/src/port.o
                0x00000000000004ec                vPortExitCritical
 .text.ulPortSetInterruptMask
                0x0000000000000510       0x12 ./freertos/src/port.o
                0x0000000000000510                ulPortSetInterruptMask
 .text.vPortClearInterruptMask
                0x0000000000000522        0x8 ./freertos/src/port.o
                0x0000000000000522                vPortClearInterruptMask
 *fill*         0x000000000000052a        0x2 ff
 .text.PendSV_Handler
                0x000000000000052c       0x40 ./freertos/src/port.o
                0x000000000000052c                PendSV_Handler
 .text.SysTick_Handler
                0x000000000000056c       0x28 ./freertos/src/port.o
                0x000000000000056c                SysTick_Handler
 .text.vPortSuppressTicksAndSleep
                0x0000000000000594      0x15c ./freertos/src/port.o
                0x0000000000000594                vPortSuppressTicksAndSleep
 .text.vPortSetupTimerInterrupt
                0x00000000000006f0       0x68 ./freertos/src/port.o
                0x00000000000006f0                vPortSetupTimerInterrupt
 .text.xQueueGenericReset
                0x0000000000000758       0xa4 ./freertos/src/queue.o
                0x0000000000000758                xQueueGenericReset
 .text.xQueueGenericCreate
                0x00000000000007fc       0x78 ./freertos/src/queue.o
                0x00000000000007fc                xQueueGenericCreate
 .text.xQueueGenericSend
                0x0000000000000874      0x110 ./freertos/src/queue.o
                0x0000000000000874                xQueueGenericSend
 .text.xQueueGenericReceive
                0x0000000000000984      0x16c ./freertos/src/queue.o
                0x0000000000000984                xQueueGenericReceive
 .text.prvCopyDataToQueue
                0x0000000000000af0       0xce ./freertos/src/queue.o
 .text.prvCopyDataFromQueue
                0x0000000000000bbe       0x4c ./freertos/src/queue.o
 .text.prvUnlockQueue
                0x0000000000000c0a       0x98 ./freertos/src/queue.o
 .text.prvIsQueueEmpty
                0x0000000000000ca2       0x2c ./freertos/src/queue.o
 .text.prvIsQueueFull
                0x0000000000000cce       0x30 ./freertos/src/queue.o
 *fill*         0x0000000000000cfe        0x2 ff
 .text.xTaskGenericCreate
                0x0000000000000d00      0x140 ./freertos/src/tasks.o
                0x0000000000000d00                xTaskGenericCreate
 .text.vTaskDelay
                0x0000000000000e40       0x54 ./freertos/src/tasks.o
                0x0000000000000e40                vTaskDelay
 .text.vTaskStartScheduler
                0x0000000000000e94       0x58 ./freertos/src/tasks.o
                0x0000000000000e94                vTaskStartScheduler
 .text.vTaskSuspendAll
                0x0000000000000eec       0x1c ./freertos/src/tasks.o
                0x0000000000000eec                vTaskSuspendAll
 .text.prvGetExpectedIdleTime
                0x0000000000000f08       0x4c ./freertos/src/tasks.o
 .text.xTaskResumeAll
                0x0000000000000f54       0xfc ./freertos/src/tasks.o
                0x0000000000000f54                xTaskResumeAll
 .text.vTaskStepTick
                0x0000000000001050       0x24 ./freertos/src/tasks.o
                0x0000000000001050                vTaskStepTick
 .text.xTaskIncrementTick
                0x0000000000001074      0x18c ./freertos/src/tasks.o
                0x0000000000001074                xTaskIncrementTick
 .text.vTaskSwitchContext
                0x0000000000001200       0x98 ./freertos/src/tasks.o
                0x0000000000001200                vTaskSwitchContext
 .text.vTaskPlaceOnEventList
                0x0000000000001298       0x60 ./freertos/src/tasks.o
                0x0000000000001298                vTaskPlaceOnEventList
 .text.xTaskRemoveFromEventList
                0x00000000000012f8       0xac ./freertos/src/tasks.o
                0x00000000000012f8                xTaskRemoveFromEventList
 .text.vTaskSetTimeOutState
                0x00000000000013a4       0x2c ./freertos/src/tasks.o
                0x00000000000013a4                vTaskSetTimeOutState
 .text.xTaskCheckForTimeOut
                0x00000000000013d0       0x88 ./freertos/src/tasks.o
                0x00000000000013d0                xTaskCheckForTimeOut
 .text.vTaskMissedYield
                0x0000000000001458       0x18 ./freertos/src/tasks.o
                0x0000000000001458                vTaskMissedYield
 .text.prvIdleTask
                0x0000000000001470       0x48 ./freertos/src/tasks.o
 .text.eTaskConfirmSleepModeStatus
                0x00000000000014b8       0x5c ./freertos/src/tasks.o
                0x00000000000014b8                eTaskConfirmSleepModeStatus
 .text.prvInitialiseTCBVariables
                0x0000000000001514       0x98 ./freertos/src/tasks.o
 .text.prvInitialiseTaskLists
                0x00000000000015ac       0x80 ./freertos/src/tasks.o
 .text.prvCheckTasksWaitingTermination
                0x000000000000162c       0x78 ./freertos/src/tasks.o
 .text.prvAddCurrentTaskToDelayedList
                0x00000000000016a4       0x6c ./freertos/src/tasks.o
 .text.prvAllocateTCBAndStack
                0x0000000000001710       0x62 ./freertos/src/tasks.o
 .text.prvDeleteTCB
                0x0000000000001772       0x20 ./freertos/src/tasks.o
 *fill*         0x0000000000001792        0x2 ff
 .text.xTaskGetCurrentTaskHandle
                0x0000000000001794       0x1c ./freertos/src/tasks.o
                0x0000000000001794                xTaskGetCurrentTaskHandle
 .text.vTaskPriorityInherit
                0x00000000000017b0       0xb4 ./freertos/src/tasks.o
                0x00000000000017b0                vTaskPriorityInherit
 .text.vTaskPriorityDisinherit
                0x0000000000001864       0x7c ./freertos/src/tasks.o
                0x0000000000001864                vTaskPriorityDisinherit
 .text.Chip_GPIO_SetPinDIROutput
                0x00000000000018e0       0x36 ./example/src/q.o
 .text.Chip_GPIO_SetPinDIRInput
                0x0000000000001916       0x3a ./example/src/q.o
 .text.Chip_GPIO_SetPinDIR
                0x0000000000001950       0x42 ./example/src/q.o
 .text.Chip_GPIO_WriteDirBit
                0x0000000000001992       0x2e ./example/src/q.o
 .text.RGB      0x00000000000019c0       0xc8 ./example/src/q.o
                0x00000000000019c0                RGB
 .text.prvSetupHardware
                0x0000000000001a88       0x18 ./example/src/q.o
 .text.tx       0x0000000000001aa0       0x30 ./example/src/q.o
 .text.rx       0x0000000000001ad0       0x34 ./example/src/q.o
 .text.main     0x0000000000001b04       0x74 ./example/src/q.o
                0x0000000000001b04                main
 .text.SystemInit
                0x0000000000001b78       0x24 ./example/src/sysinit.o
                0x0000000000001b78                SystemInit
 .text.Chip_IOCON_Init
                0x0000000000001b9c       0x16 /home/manwinder/Documents/MCUXpresso_10.3.1_2233/workspace/lpc_board_nxp_lpcxpresso_1769/Debug/liblpc_board_nxp_lpcxpresso_1769.a(board.o)
 .text.Chip_GPIO_Init
                0x0000000000001bb2       0x16 /home/manwinder/Documents/MCUXpresso_10.3.1_2233/workspace/lpc_board_nxp_lpcxpresso_1769/Debug/liblpc_board_nxp_lpcxpresso_1769.a(board.o)
 .text.Chip_GPIO_SetPinState
                0x0000000000001bc8       0x64 /home/manwinder/Documents/MCUXpresso_10.3.1_2233/workspace/lpc_board_nxp_lpcxpresso_1769/Debug/liblpc_board_nxp_lpcxpresso_1769.a(board.o)
 .text.Chip_GPIO_WritePortBit
                0x0000000000001c2c       0x2c /home/manwinder/Documents/MCUXpresso_10.3.1_2233/workspace/lpc_board_nxp_lpcxpresso_1769/Debug/liblpc_board_nxp_lpcxpresso_1769.a(board.o)
 .text.Chip_GPIO_SetPinDIROutput
                0x0000000000001c58       0x36 /home/manwinder/Documents/MCUXpresso_10.3.1_2233/workspace/lpc_board_nxp_lpcxpresso_1769/Debug/liblpc_board_nxp_lpcxpresso_1769.a(board.o)
 .text.Chip_GPIO_SetPinDIRInput
                0x0000000000001c8e       0x3a /home/manwinder/Documents/MCUXpresso_10.3.1_2233/workspace/lpc_board_nxp_lpcxpresso_1769/Debug/liblpc_board_nxp_lpcxpresso_1769.a(board.o)
 .text.Chip_GPIO_SetPinDIR
                0x0000000000001cc8       0x42 /home/manwinder/Documents/MCUXpresso_10.3.1_2233/workspace/lpc_board_nxp_lpcxpresso_1769/Debug/liblpc_board_nxp_lpcxpresso_1769.a(board.o)
 .text.Chip_GPIO_WriteDirBit
                0x0000000000001d0a       0x2e /home/manwinder/Documents/MCUXpresso_10.3.1_2233/workspace/lpc_board_nxp_lpcxpresso_1769/Debug/liblpc_board_nxp_lpcxpresso_1769.a(board.o)
 .text.Chip_UART_SendByte
                0x0000000000001d38       0x1c /home/manwinder/Documents/MCUXpresso_10.3.1_2233/workspace/lpc_board_nxp_lpcxpresso_1769/Debug/liblpc_board_nxp_lpcxpresso_1769.a(board.o)
 .text.Chip_UART_ConfigData
                0x0000000000001d54       0x1a /home/manwinder/Documents/MCUXpresso_10.3.1_2233/workspace/lpc_board_nxp_lpcxpresso_1769/Debug/liblpc_board_nxp_lpcxpresso_1769.a(board.o)
 .text.Chip_UART_ReadLineStatus
                0x0000000000001d6e       0x16 /home/manwinder/Documents/MCUXpresso_10.3.1_2233/workspace/lpc_board_nxp_lpcxpresso_1769/Debug/liblpc_board_nxp_lpcxpresso_1769.a(board.o)
 .text.__sys_write
                0x0000000000001d84       0x38 /home/manwinder/Documents/MCUXpresso_10.3.1_2233/workspace/lpc_board_nxp_lpcxpresso_1769/Debug/liblpc_board_nxp_lpcxpresso_1769.a(board.o)
                0x0000000000001d84                __sys_write
 .text.Board_LED_Init
                0x0000000000001dbc       0x18 /home/manwinder/Documents/MCUXpresso_10.3.1_2233/workspace/lpc_board_nxp_lpcxpresso_1769/Debug/liblpc_board_nxp_lpcxpresso_1769.a(board.o)
 .text.Board_UART_Init
                0x0000000000001dd4       0x12 /home/manwinder/Documents/MCUXpresso_10.3.1_2233/workspace/lpc_board_nxp_lpcxpresso_1769/Debug/liblpc_board_nxp_lpcxpresso_1769.a(board.o)
                0x0000000000001dd4                Board_UART_Init
 *fill*         0x0000000000001de6        0x2 ff
 .text.Board_Debug_Init
                0x0000000000001de8       0x30 /home/manwinder/Documents/MCUXpresso_10.3.1_2233/workspace/lpc_board_nxp_lpcxpresso_1769/Debug/liblpc_board_nxp_lpcxpresso_1769.a(board.o)
                0x0000000000001de8                Board_Debug_Init
 .text.Board_UARTPutChar
                0x0000000000001e18       0x34 /home/manwinder/Documents/MCUXpresso_10.3.1_2233/workspace/lpc_board_nxp_lpcxpresso_1769/Debug/liblpc_board_nxp_lpcxpresso_1769.a(board.o)
                0x0000000000001e18                Board_UARTPutChar
 .text.Board_LED_Set
                0x0000000000001e4c       0x30 /home/manwinder/Documents/MCUXpresso_10.3.1_2233/workspace/lpc_board_nxp_lpcxpresso_1769/Debug/liblpc_board_nxp_lpcxpresso_1769.a(board.o)
                0x0000000000001e4c                Board_LED_Set
 .text.Board_Init
                0x0000000000001e7c       0x24 /home/manwinder/Documents/MCUXpresso_10.3.1_2233/workspace/lpc_board_nxp_lpcxpresso_1769/Debug/liblpc_board_nxp_lpcxpresso_1769.a(board.o)
                0x0000000000001e7c                Board_Init
 .text.Chip_SYSCTL_SetFLASHAccess
                0x0000000000001ea0       0x30 /home/manwinder/Documents/MCUXpresso_10.3.1_2233/workspace/lpc_board_nxp_lpcxpresso_1769/Debug/liblpc_board_nxp_lpcxpresso_1769.a(board_sysinit.o)
 .text.Board_SetupMuxing
                0x0000000000001ed0       0x1c /home/manwinder/Documents/MCUXpresso_10.3.1_2233/workspace/lpc_board_nxp_lpcxpresso_1769/Debug/liblpc_board_nxp_lpcxpresso_1769.a(board_sysinit.o)
                0x0000000000001ed0                Board_SetupMuxing
 .text.Board_SetupClocking
                0x0000000000001eec       0x12 /home/manwinder/Documents/MCUXpresso_10.3.1_2233/workspace/lpc_board_nxp_lpcxpresso_1769/Debug/liblpc_board_nxp_lpcxpresso_1769.a(board_sysinit.o)
                0x0000000000001eec                Board_SetupClocking
 .text.Board_SystemInit
                0x0000000000001efe       0x10 /home/manwinder/Documents/MCUXpresso_10.3.1_2233/workspace/lpc_board_nxp_lpcxpresso_1769/Debug/liblpc_board_nxp_lpcxpresso_1769.a(board_sysinit.o)
                0x0000000000001efe                Board_SystemInit
 *fill*         0x0000000000001f0e        0x2 ff
 .text.SystemCoreClockUpdate
                0x0000000000001f10       0x18 /home/manwinder/Documents/MCUXpresso_10.3.1_2233/workspace/lpc_chip_175x_6x/Debug/liblpc_chip_175x_6x.a(chip_17xx_40xx.o)
                0x0000000000001f10                SystemCoreClockUpdate
 .text.Chip_Clock_IsMainPLLEnabled
                0x0000000000001f28       0x24 /home/manwinder/Documents/MCUXpresso_10.3.1_2233/workspace/lpc_chip_175x_6x/Debug/liblpc_chip_175x_6x.a(clock_17xx_40xx.o)
 .text.Chip_Clock_IsMainPLLConnected
                0x0000000000001f4c       0x24 /home/manwinder/Documents/MCUXpresso_10.3.1_2233/workspace/lpc_chip_175x_6x/Debug/liblpc_chip_175x_6x.a(clock_17xx_40xx.o)
 .text.Chip_Clock_FeedPLL
                0x0000000000001f70       0x34 /home/manwinder/Documents/MCUXpresso_10.3.1_2233/workspace/lpc_chip_175x_6x/Debug/liblpc_chip_175x_6x.a(clock_17xx_40xx.o)
 .text.Chip_Clock_GetMainPLLSource
                0x0000000000001fa4       0x20 /home/manwinder/Documents/MCUXpresso_10.3.1_2233/workspace/lpc_chip_175x_6x/Debug/liblpc_chip_175x_6x.a(clock_17xx_40xx.o)
 .text.Chip_Clock_GetMainOscRate
                0x0000000000001fc4       0x14 /home/manwinder/Documents/MCUXpresso_10.3.1_2233/workspace/lpc_chip_175x_6x/Debug/liblpc_chip_175x_6x.a(clock_17xx_40xx.o)
 .text.Chip_Clock_GetIntOscRate
                0x0000000000001fd8       0x14 /home/manwinder/Documents/MCUXpresso_10.3.1_2233/workspace/lpc_chip_175x_6x/Debug/liblpc_chip_175x_6x.a(clock_17xx_40xx.o)
 .text.Chip_Clock_GetRTCOscRate
                0x0000000000001fec       0x14 /home/manwinder/Documents/MCUXpresso_10.3.1_2233/workspace/lpc_chip_175x_6x/Debug/liblpc_chip_175x_6x.a(clock_17xx_40xx.o)
 .text.Chip_Clock_GetMainPLLInClockRate
                0x0000000000002000        0xe /home/manwinder/Documents/MCUXpresso_10.3.1_2233/workspace/lpc_chip_175x_6x/Debug/liblpc_chip_175x_6x.a(clock_17xx_40xx.o)
 *fill*         0x000000000000200e        0x2 ff
 .text.Chip_Clock_EnablePLL
                0x0000000000002010       0x44 /home/manwinder/Documents/MCUXpresso_10.3.1_2233/workspace/lpc_chip_175x_6x/Debug/liblpc_chip_175x_6x.a(clock_17xx_40xx.o)
                0x0000000000002010                Chip_Clock_EnablePLL
 .text.Chip_Clock_DisablePLL
                0x0000000000002054       0x48 /home/manwinder/Documents/MCUXpresso_10.3.1_2233/workspace/lpc_chip_175x_6x/Debug/liblpc_chip_175x_6x.a(clock_17xx_40xx.o)
                0x0000000000002054                Chip_Clock_DisablePLL
 .text.Chip_Clock_SetupPLL
                0x000000000000209c       0x5c /home/manwinder/Documents/MCUXpresso_10.3.1_2233/workspace/lpc_chip_175x_6x/Debug/liblpc_chip_175x_6x.a(clock_17xx_40xx.o)
                0x000000000000209c                Chip_Clock_SetupPLL
 .text.Chip_Clock_EnablePeriphClock
                0x00000000000020f8       0x34 /home/manwinder/Documents/MCUXpresso_10.3.1_2233/workspace/lpc_chip_175x_6x/Debug/liblpc_chip_175x_6x.a(clock_17xx_40xx.o)
                0x00000000000020f8                Chip_Clock_EnablePeriphClock
 .text.Chip_Clock_GetCPUClockSource
                0x000000000000212c       0x24 /home/manwinder/Documents/MCUXpresso_10.3.1_2233/workspace/lpc_chip_175x_6x/Debug/liblpc_chip_175x_6x.a(clock_17xx_40xx.o)
                0x000000000000212c                Chip_Clock_GetCPUClockSource
 .text.Chip_Clock_SetCPUClockDiv
                0x0000000000002150       0x20 /home/manwinder/Documents/MCUXpresso_10.3.1_2233/workspace/lpc_chip_175x_6x/Debug/liblpc_chip_175x_6x.a(clock_17xx_40xx.o)
                0x0000000000002150                Chip_Clock_SetCPUClockDiv
 .text.Chip_Clock_GetCPUClockDiv
                0x0000000000002170       0x1c /home/manwinder/Documents/MCUXpresso_10.3.1_2233/workspace/lpc_chip_175x_6x/Debug/liblpc_chip_175x_6x.a(clock_17xx_40xx.o)
                0x0000000000002170                Chip_Clock_GetCPUClockDiv
 .text.Chip_Clock_GetPCLKDiv
                0x000000000000218c       0x8c /home/manwinder/Documents/MCUXpresso_10.3.1_2233/workspace/lpc_chip_175x_6x/Debug/liblpc_chip_175x_6x.a(clock_17xx_40xx.o)
                0x000000000000218c                Chip_Clock_GetPCLKDiv
 .text.Chip_Clock_GetSYSCLKRate
                0x0000000000002218       0x34 /home/manwinder/Documents/MCUXpresso_10.3.1_2233/workspace/lpc_chip_175x_6x/Debug/liblpc_chip_175x_6x.a(clock_17xx_40xx.o)
                0x0000000000002218                Chip_Clock_GetSYSCLKRate
 .text.Chip_Clock_GetMainPLLOutClockRate
                0x000000000000224c       0x54 /home/manwinder/Documents/MCUXpresso_10.3.1_2233/workspace/lpc_chip_175x_6x/Debug/liblpc_chip_175x_6x.a(clock_17xx_40xx.o)
                0x000000000000224c                Chip_Clock_GetMainPLLOutClockRate
 .text.Chip_Clock_GetMainClockRate
                0x00000000000022a0       0x28 /home/manwinder/Documents/MCUXpresso_10.3.1_2233/workspace/lpc_chip_175x_6x/Debug/liblpc_chip_175x_6x.a(clock_17xx_40xx.o)
                0x00000000000022a0                Chip_Clock_GetMainClockRate
 .text.Chip_Clock_GetSystemClockRate
                0x00000000000022c8       0x18 /home/manwinder/Documents/MCUXpresso_10.3.1_2233/workspace/lpc_chip_175x_6x/Debug/liblpc_chip_175x_6x.a(clock_17xx_40xx.o)
                0x00000000000022c8                Chip_Clock_GetSystemClockRate
 .text.Chip_Clock_GetPeripheralClockRate
                0x00000000000022e0       0x26 /home/manwinder/Documents/MCUXpresso_10.3.1_2233/workspace/lpc_chip_175x_6x/Debug/liblpc_chip_175x_6x.a(clock_17xx_40xx.o)
                0x00000000000022e0                Chip_Clock_GetPeripheralClockRate
 .text.Chip_IOCON_PinMuxSet
                0x0000000000002306       0x36 /home/manwinder/Documents/MCUXpresso_10.3.1_2233/workspace/lpc_chip_175x_6x/Debug/liblpc_chip_175x_6x.a(iocon_17xx_40xx.o)
                0x0000000000002306                Chip_IOCON_PinMuxSet
 .text.Chip_IOCON_PinMux
                0x000000000000233c       0x94 /home/manwinder/Documents/MCUXpresso_10.3.1_2233/workspace/lpc_chip_175x_6x/Debug/liblpc_chip_175x_6x.a(iocon_17xx_40xx.o)
                0x000000000000233c                Chip_IOCON_PinMux
 .text.Chip_IOCON_SetPinMuxing
                0x00000000000023d0       0x62 /home/manwinder/Documents/MCUXpresso_10.3.1_2233/workspace/lpc_chip_175x_6x/Debug/liblpc_chip_175x_6x.a(iocon_17xx_40xx.o)
                0x00000000000023d0                Chip_IOCON_SetPinMuxing
 *fill*         0x0000000000002432        0x2 ff
 .text.Chip_Clock_IsMainPLLEnabled
                0x0000000000002434       0x24 /home/manwinder/Documents/MCUXpresso_10.3.1_2233/workspace/lpc_chip_175x_6x/Debug/liblpc_chip_175x_6x.a(sysinit_17xx_40xx.o)
 .text.Chip_Clock_IsMainPLLLocked
                0x0000000000002458       0x24 /home/manwinder/Documents/MCUXpresso_10.3.1_2233/workspace/lpc_chip_175x_6x/Debug/liblpc_chip_175x_6x.a(sysinit_17xx_40xx.o)
 .text.Chip_Clock_IsMainPLLConnected
                0x000000000000247c       0x24 /home/manwinder/Documents/MCUXpresso_10.3.1_2233/workspace/lpc_chip_175x_6x/Debug/liblpc_chip_175x_6x.a(sysinit_17xx_40xx.o)
 .text.Chip_Clock_EnableCrystal
                0x00000000000024a0       0x20 /home/manwinder/Documents/MCUXpresso_10.3.1_2233/workspace/lpc_chip_175x_6x/Debug/liblpc_chip_175x_6x.a(sysinit_17xx_40xx.o)
 .text.Chip_Clock_IsCrystalEnabled
                0x00000000000024c0       0x24 /home/manwinder/Documents/MCUXpresso_10.3.1_2233/workspace/lpc_chip_175x_6x/Debug/liblpc_chip_175x_6x.a(sysinit_17xx_40xx.o)
 .text.Chip_Clock_SetMainPLLSource
                0x00000000000024e4       0x20 /home/manwinder/Documents/MCUXpresso_10.3.1_2233/workspace/lpc_chip_175x_6x/Debug/liblpc_chip_175x_6x.a(sysinit_17xx_40xx.o)
 .text.Chip_SetupXtalClocking
                0x0000000000002504       0x90 /home/manwinder/Documents/MCUXpresso_10.3.1_2233/workspace/lpc_chip_175x_6x/Debug/liblpc_chip_175x_6x.a(sysinit_17xx_40xx.o)
                0x0000000000002504                Chip_SetupXtalClocking
 .text.Chip_UART_SetupFIFOS
                0x0000000000002594       0x1a /home/manwinder/Documents/MCUXpresso_10.3.1_2233/workspace/lpc_chip_175x_6x/Debug/liblpc_chip_175x_6x.a(uart_17xx_40xx.o)
 .text.Chip_UART_ConfigData
                0x00000000000025ae       0x1a /home/manwinder/Documents/MCUXpresso_10.3.1_2233/workspace/lpc_chip_175x_6x/Debug/liblpc_chip_175x_6x.a(uart_17xx_40xx.o)
 .text.Chip_UART_EnableDivisorAccess
                0x00000000000025c8       0x1e /home/manwinder/Documents/MCUXpresso_10.3.1_2233/workspace/lpc_chip_175x_6x/Debug/liblpc_chip_175x_6x.a(uart_17xx_40xx.o)
 .text.Chip_UART_DisableDivisorAccess
                0x00000000000025e6       0x1e /home/manwinder/Documents/MCUXpresso_10.3.1_2233/workspace/lpc_chip_175x_6x/Debug/liblpc_chip_175x_6x.a(uart_17xx_40xx.o)
 .text.Chip_UART_SetDivisorLatches
                0x0000000000002604       0x26 /home/manwinder/Documents/MCUXpresso_10.3.1_2233/workspace/lpc_chip_175x_6x/Debug/liblpc_chip_175x_6x.a(uart_17xx_40xx.o)
 *fill*         0x000000000000262a        0x2 ff
 .text.Chip_UART_GetClockIndex
                0x000000000000262c       0x50 /home/manwinder/Documents/MCUXpresso_10.3.1_2233/workspace/lpc_chip_175x_6x/Debug/liblpc_chip_175x_6x.a(uart_17xx_40xx.o)
 .text.Chip_UART_GetClkIndex
                0x000000000000267c       0x50 /home/manwinder/Documents/MCUXpresso_10.3.1_2233/workspace/lpc_chip_175x_6x/Debug/liblpc_chip_175x_6x.a(uart_17xx_40xx.o)
 .text.Chip_UART_Init
                0x00000000000026cc       0x78 /home/manwinder/Documents/MCUXpresso_10.3.1_2233/workspace/lpc_chip_175x_6x/Debug/liblpc_chip_175x_6x.a(uart_17xx_40xx.o)
                0x00000000000026cc                Chip_UART_Init
 .text.Chip_UART_TXEnable
                0x0000000000002744       0x18 /home/manwinder/Documents/MCUXpresso_10.3.1_2233/workspace/lpc_chip_175x_6x/Debug/liblpc_chip_175x_6x.a(uart_17xx_40xx.o)
                0x0000000000002744                Chip_UART_TXEnable
 .text.Chip_UART_TXDisable
                0x000000000000275c       0x18 /home/manwinder/Documents/MCUXpresso_10.3.1_2233/workspace/lpc_chip_175x_6x/Debug/liblpc_chip_175x_6x.a(uart_17xx_40xx.o)
                0x000000000000275c                Chip_UART_TXDisable
 .text.Chip_UART_SetBaud
                0x0000000000002774       0x62 /home/manwinder/Documents/MCUXpresso_10.3.1_2233/workspace/lpc_chip_175x_6x/Debug/liblpc_chip_175x_6x.a(uart_17xx_40xx.o)
                0x0000000000002774                Chip_UART_SetBaud
 .text.__main   0x00000000000027d6        0xe /usr/local/mcuxpressoide-10.3.1_2233/ide/plugins/com.nxp.mcuxpresso.tools.linux_10.3.0.201811011841/tools/bin/../lib/gcc/arm-none-eabi/7.3.1/../../../../arm-none-eabi/lib/thumb/v7-m/libcr_nohost.a(_cr__main.o)
                0x00000000000027d6                __main
 .text.memcpy   0x00000000000027e4        0x4 /usr/local/mcuxpressoide-10.3.1_2233/ide/plugins/com.nxp.mcuxpresso.tools.linux_10.3.0.201811011841/tools/bin/../lib/gcc/arm-none-eabi/7.3.1/../../../../arm-none-eabi/lib/thumb/v7-m/libcr_c.a(memcpy.o)
                0x00000000000027e4                memcpy
 .text.memset   0x00000000000027e8        0x4 /usr/local/mcuxpressoide-10.3.1_2233/ide/plugins/com.nxp.mcuxpresso.tools.linux_10.3.0.201811011841/tools/bin/../lib/gcc/arm-none-eabi/7.3.1/../../../../arm-none-eabi/lib/thumb/v7-m/libcr_c.a(memset.o)
                0x00000000000027e8                memset
 .text.malloc   0x00000000000027ec       0xc8 /usr/local/mcuxpressoide-10.3.1_2233/ide/plugins/com.nxp.mcuxpresso.tools.linux_10.3.0.201811011841/tools/bin/../lib/gcc/arm-none-eabi/7.3.1/../../../../arm-none-eabi/lib/thumb/v7-m/libcr_c.a(alloc.o)
                0x00000000000027ec                malloc
 .text.free     0x00000000000028b4       0x30 /usr/local/mcuxpressoide-10.3.1_2233/ide/plugins/com.nxp.mcuxpresso.tools.linux_10.3.0.201811011841/tools/bin/../lib/gcc/arm-none-eabi/7.3.1/../../../../arm-none-eabi/lib/thumb/v7-m/libcr_c.a(alloc.o)
                0x00000000000028b4                free
 .text._initio  0x00000000000028e4       0x78 /usr/local/mcuxpressoide-10.3.1_2233/ide/plugins/com.nxp.mcuxpresso.tools.linux_10.3.0.201811011841/tools/bin/../lib/gcc/arm-none-eabi/7.3.1/../../../../arm-none-eabi/lib/thumb/v7-m/libcr_c.a(initio.o)
                0x00000000000028e4                _initio
 .text.setvbuf  0x000000000000295c       0x40 /usr/local/mcuxpressoide-10.3.1_2233/ide/plugins/com.nxp.mcuxpresso.tools.linux_10.3.0.201811011841/tools/bin/../lib/gcc/arm-none-eabi/7.3.1/../../../../arm-none-eabi/lib/thumb/v7-m/libcr_c.a(setvbuf.o)
                0x000000000000295c                setvbuf
 .text.strlen   0x000000000000299c       0x4a /usr/local/mcuxpressoide-10.3.1_2233/ide/plugins/com.nxp.mcuxpresso.tools.linux_10.3.0.201811011841/tools/bin/../lib/gcc/arm-none-eabi/7.3.1/../../../../arm-none-eabi/lib/thumb/v7-m/libcr_c.a(strlen.o)
                0x000000000000299c                strlen
 *fill*         0x00000000000029e6        0x2 ff
 .text._sbrk    0x00000000000029e8       0x3c /usr/local/mcuxpressoide-10.3.1_2233/ide/plugins/com.nxp.mcuxpresso.tools.linux_10.3.0.201811011841/tools/bin/../lib/gcc/arm-none-eabi/7.3.1/../../../../arm-none-eabi/lib/thumb/v7-m/libcr_c.a(_cr_sbrk.o)
                0x00000000000029e8                _sbrk
 .text._deferredlazyseek
                0x0000000000002a24       0x40 /usr/local/mcuxpressoide-10.3.1_2233/ide/plugins/com.nxp.mcuxpresso.tools.linux_10.3.0.201811011841/tools/bin/../lib/gcc/arm-none-eabi/7.3.1/../../../../arm-none-eabi/lib/thumb/v7-m/libcr_c.a(_deferredlazyseek.o)
                0x0000000000002a24                _deferredlazyseek
 .text._fdopen  0x0000000000002a64       0x68 /usr/local/mcuxpressoide-10.3.1_2233/ide/plugins/com.nxp.mcuxpresso.tools.linux_10.3.0.201811011841/tools/bin/../lib/gcc/arm-none-eabi/7.3.1/../../../../arm-none-eabi/lib/thumb/v7-m/libcr_c.a(_fdopen.o)
                0x0000000000002a64                _fdopen
 .text._fflush  0x0000000000002acc       0x52 /usr/local/mcuxpressoide-10.3.1_2233/ide/plugins/com.nxp.mcuxpresso.tools.linux_10.3.0.201811011841/tools/bin/../lib/gcc/arm-none-eabi/7.3.1/../../../../arm-none-eabi/lib/thumb/v7-m/libcr_c.a(_fflush.o)
                0x0000000000002acc                _fflush
 *fill*         0x0000000000002b1e        0x2 ff
 .text._Cwritebuf
                0x0000000000002b20       0x6c /usr/local/mcuxpressoide-10.3.1_2233/ide/plugins/com.nxp.mcuxpresso.tools.linux_10.3.0.201811011841/tools/bin/../lib/gcc/arm-none-eabi/7.3.1/../../../../arm-none-eabi/lib/thumb/v7-m/libcr_c.a(_writebuf.o)
                0x0000000000002b20                _Cwritebuf
 .text.fclose   0x0000000000002b8c       0x58 /usr/local/mcuxpressoide-10.3.1_2233/ide/plugins/com.nxp.mcuxpresso.tools.linux_10.3.0.201811011841/tools/bin/../lib/gcc/arm-none-eabi/7.3.1/../../../../arm-none-eabi/lib/thumb/v7-m/libcr_c.a(fclose.o)
                0x0000000000002b8c                fclose
 .text.fflush   0x0000000000002be4       0x44 /usr/local/mcuxpressoide-10.3.1_2233/ide/plugins/com.nxp.mcuxpresso.tools.linux_10.3.0.201811011841/tools/bin/../lib/gcc/arm-none-eabi/7.3.1/../../../../arm-none-eabi/lib/thumb/v7-m/libcr_c.a(fflush.o)
                0x0000000000002be4                fflush
 .text.fseek    0x0000000000002c28      0x100 /usr/local/mcuxpressoide-10.3.1_2233/ide/plugins/com.nxp.mcuxpresso.tools.linux_10.3.0.201811011841/tools/bin/../lib/gcc/arm-none-eabi/7.3.1/../../../../arm-none-eabi/lib/thumb/v7-m/libcr_c.a(fseek.o)
                0x0000000000002c28                fseek
 .text.ftell    0x0000000000002d28       0x44 /usr/local/mcuxpressoide-10.3.1_2233/ide/plugins/com.nxp.mcuxpresso.tools.linux_10.3.0.201811011841/tools/bin/../lib/gcc/arm-none-eabi/7.3.1/../../../../arm-none-eabi/lib/thumb/v7-m/libcr_c.a(ftell.o)
                0x0000000000002d28                ftell
 .text.remove   0x0000000000002d6c       0x14 /usr/local/mcuxpressoide-10.3.1_2233/ide/plugins/com.nxp.mcuxpresso.tools.linux_10.3.0.201811011841/tools/bin/../lib/gcc/arm-none-eabi/7.3.1/../../../../arm-none-eabi/lib/thumb/v7-m/libcr_c.a(remove.o)
                0x0000000000002d6c                remove
 .text.__check_heap_overflow
                0x0000000000002d80       0x18 /usr/local/mcuxpressoide-10.3.1_2233/ide/plugins/com.nxp.mcuxpresso.tools.linux_10.3.0.201811011841/tools/bin/../lib/gcc/arm-none-eabi/7.3.1/../../../../arm-none-eabi/lib/thumb/v7-m/libcr_c.a(_cr_check_heap.o)
                0x0000000000002d80                __check_heap_overflow
 .text._do_fflush
                0x0000000000002d98       0x40 /usr/local/mcuxpressoide-10.3.1_2233/ide/plugins/com.nxp.mcuxpresso.tools.linux_10.3.0.201811011841/tools/bin/../lib/gcc/arm-none-eabi/7.3.1/../../../../arm-none-eabi/lib/thumb/v7-m/libcr_c.a(_do_fflush.o)
                0x0000000000002d98                _do_fflush
 .text.__aeabi_memcpy
                0x0000000000002dd8       0x34 /usr/local/mcuxpressoide-10.3.1_2233/ide/plugins/com.nxp.mcuxpresso.tools.linux_10.3.0.201811011841/tools/bin/../lib/gcc/arm-none-eabi/7.3.1/thumb/v7-m/libcr_eabihelpers.a(memcpy.o)
                0x0000000000002dd8                __aeabi_memcpy
                0x0000000000002de2                __aeabi_memcpy4
                0x0000000000002de2                __aeabi_memcpy8
 .text.__aeabi_memset_lowlevel
                0x0000000000002e0c       0x32 /usr/local/mcuxpressoide-10.3.1_2233/ide/plugins/com.nxp.mcuxpresso.tools.linux_10.3.0.201811011841/tools/bin/../lib/gcc/arm-none-eabi/7.3.1/thumb/v7-m/libcr_eabihelpers.a(memcpy.o)
                0x0000000000002e0c                __aeabi_lowlevel_memset
 .text.__sys_close
                0x0000000000002e3e        0x6 /usr/local/mcuxpressoide-10.3.1_2233/ide/plugins/com.nxp.mcuxpresso.tools.linux_10.3.0.201811011841/tools/bin/../lib/gcc/arm-none-eabi/7.3.1/../../../../arm-none-eabi/lib/thumb/v7-m/libcr_nohost.a(__sys_close.o)
                0x0000000000002e3e                __sys_close
 .text.__sys_flen
                0x0000000000002e44        0x6 /usr/local/mcuxpressoide-10.3.1_2233/ide/plugins/com.nxp.mcuxpresso.tools.linux_10.3.0.201811011841/tools/bin/../lib/gcc/arm-none-eabi/7.3.1/../../../../arm-none-eabi/lib/thumb/v7-m/libcr_nohost.a(__sys_flen.o)
                0x0000000000002e44                __sys_flen
 .text.__sys_istty
                0x0000000000002e4a        0x6 /usr/local/mcuxpressoide-10.3.1_2233/ide/plugins/com.nxp.mcuxpresso.tools.linux_10.3.0.201811011841/tools/bin/../lib/gcc/arm-none-eabi/7.3.1/../../../../arm-none-eabi/lib/thumb/v7-m/libcr_nohost.a(__sys_istty.o)
                0x0000000000002e4a                __sys_istty
 .text.__sys_remove
                0x0000000000002e50        0x6 /usr/local/mcuxpressoide-10.3.1_2233/ide/plugins/com.nxp.mcuxpresso.tools.linux_10.3.0.201811011841/tools/bin/../lib/gcc/arm-none-eabi/7.3.1/../../../../arm-none-eabi/lib/thumb/v7-m/libcr_nohost.a(__sys_remove.o)
                0x0000000000002e50                __sys_remove
 .text.__sys_seek
                0x0000000000002e56        0x6 /usr/local/mcuxpressoide-10.3.1_2233/ide/plugins/com.nxp.mcuxpresso.tools.linux_10.3.0.201811011841/tools/bin/../lib/gcc/arm-none-eabi/7.3.1/../../../../arm-none-eabi/lib/thumb/v7-m/libcr_nohost.a(__sys_seek.o)
                0x0000000000002e56                __sys_seek
 .text.__sys_tmpnam
                0x0000000000002e5c        0x6 /usr/local/mcuxpressoide-10.3.1_2233/ide/plugins/com.nxp.mcuxpresso.tools.linux_10.3.0.201811011841/tools/bin/../lib/gcc/arm-none-eabi/7.3.1/../../../../arm-none-eabi/lib/thumb/v7-m/libcr_nohost.a(__sys_tmpnam.o)
                0x0000000000002e5c                __sys_tmpnam
 *(.rodata .rodata.* .constdata .constdata.*)
 *fill*         0x0000000000002e62        0x2 ff
 .rodata        0x0000000000002e64        0x5 ./freertos/src/tasks.o
 *fill*         0x0000000000002e69        0x3 ff
 .rodata        0x0000000000002e6c        0x7 ./example/src/q.o
 *fill*         0x0000000000002e73        0x1 ff
 .rodata.OscRateIn
                0x0000000000002e74        0x4 /home/manwinder/Documents/MCUXpresso_10.3.1_2233/workspace/lpc_board_nxp_lpcxpresso_1769/Debug/liblpc_board_nxp_lpcxpresso_1769.a(board.o)
                0x0000000000002e74                OscRateIn
 .rodata.RTCOscRateIn
                0x0000000000002e78        0x4 /home/manwinder/Documents/MCUXpresso_10.3.1_2233/workspace/lpc_board_nxp_lpcxpresso_1769/Debug/liblpc_board_nxp_lpcxpresso_1769.a(board.o)
                0x0000000000002e78                RTCOscRateIn
 .rodata.pinmuxing
                0x0000000000002e7c       0x5c /home/manwinder/Documents/MCUXpresso_10.3.1_2233/workspace/lpc_board_nxp_lpcxpresso_1769/Debug/liblpc_board_nxp_lpcxpresso_1769.a(board_sysinit.o)
 .rodata._initio.str1.1
                0x0000000000002ed8        0x4 /usr/local/mcuxpressoide-10.3.1_2233/ide/plugins/com.nxp.mcuxpresso.tools.linux_10.3.0.201811011841/tools/bin/../lib/gcc/arm-none-eabi/7.3.1/../../../../arm-none-eabi/lib/thumb/v7-m/libcr_c.a(initio.o)
 .rodata.__num_Ciob_streams
                0x0000000000002edc        0x4 /usr/local/mcuxpressoide-10.3.1_2233/ide/plugins/com.nxp.mcuxpresso.tools.linux_10.3.0.201811011841/tools/bin/../lib/gcc/arm-none-eabi/7.3.1/../../../../arm-none-eabi/lib/thumb/v7-m/libcr_nohost.a(__ciob.o)
                0x0000000000002edc                __num_Ciob_streams
                0x0000000000002ee0                . = ALIGN (0x4)

.glue_7         0x0000000000002ee0        0x0
 .glue_7        0x0000000000002ee0        0x0 linker stubs

.glue_7t        0x0000000000002ee0        0x0
 .glue_7t       0x0000000000002ee0        0x0 linker stubs

.vfp11_veneer   0x0000000000002ee0        0x0
 .vfp11_veneer  0x0000000000002ee0        0x0 linker stubs

.v4_bx          0x0000000000002ee0        0x0
 .v4_bx         0x0000000000002ee0        0x0 linker stubs

.iplt           0x0000000000002ee0        0x0
 .iplt          0x0000000000002ee0        0x0 ./freertos/src/FreeRTOSCommonHooks.o

.rel.dyn        0x0000000000002ee0        0x0
 .rel.iplt      0x0000000000002ee0        0x0 ./freertos/src/FreeRTOSCommonHooks.o

.ARM.extab
 *(.ARM.extab* .gnu.linkonce.armextab.*)
                0x0000000000002ee0                __exidx_start = .

.ARM.exidx
 *(.ARM.exidx* .gnu.linkonce.armexidx.*)
                0x0000000000002ee0                __exidx_end = .
                0x0000000000002ee0                _etext = .

.data_RAM2      0x000000002007c000        0x0 load address 0x0000000000002ee0
 FILL mask 0xff
                [!provide]                        PROVIDE (__start_data_RAM2 = .)
 *(.ramfunc.$RAM2)
 *(.ramfunc.$RamAHB32)
 *(.data.$RAM2*)
 *(.data.$RamAHB32*)
                0x000000002007c000                . = ALIGN (0x4)
                [!provide]                        PROVIDE (__end_data_RAM2 = .)

.uninit_RESERVED
                0x0000000010000000        0x0
 *(.bss.$RESERVED*)
                0x0000000010000000                . = ALIGN (0x4)
                0x0000000010000000                _end_uninit_RESERVED = .

.data           0x0000000010000000        0xc load address 0x0000000000002ee0
 FILL mask 0xff
                0x0000000010000000                _data = .
 *(vtable)
 *(.ramfunc*)
 *(.data*)
 .data.uxCriticalNesting
                0x0000000010000000        0x4 ./freertos/src/port.o
 .data.xNextTaskUnblockTime
                0x0000000010000004        0x4 ./freertos/src/tasks.o
 .data.delay    0x0000000010000008        0x4 ./example/src/q.o
                0x0000000010000008                delay
                0x000000001000000c                . = ALIGN (0x4)
                0x000000001000000c                _edata = .

.igot.plt       0x000000001000000c        0x0 load address 0x0000000000002eec
 .igot.plt      0x000000001000000c        0x0 ./freertos/src/FreeRTOSCommonHooks.o

.bss_RAM2       0x000000002007c000        0x0
                [!provide]                        PROVIDE (__start_bss_RAM2 = .)
 *(.bss.$RAM2*)
 *(.bss.$RamAHB32*)
                0x000000002007c000                . = ALIGN ((. != 0x0)?0x4:0x1)
                [!provide]                        PROVIDE (__end_bss_RAM2 = .)

.bss            0x000000001000000c      0x338
                0x000000001000000c                _bss = .
 *(.bss*)
 .bss.ulTimerCountsForOneTick
                0x000000001000000c        0x4 ./freertos/src/port.o
 .bss.xMaximumPossibleSuppressedTicks
                0x0000000010000010        0x4 ./freertos/src/port.o
 .bss.ulStoppedTimerCompensation
                0x0000000010000014        0x4 ./freertos/src/port.o
 .bss.pxCurrentTCB
                0x0000000010000018        0x4 ./freertos/src/tasks.o
                0x0000000010000018                pxCurrentTCB
 .bss.pxReadyTasksLists
                0x000000001000001c       0xa0 ./freertos/src/tasks.o
 .bss.xDelayedTaskList1
                0x00000000100000bc       0x14 ./freertos/src/tasks.o
 .bss.xDelayedTaskList2
                0x00000000100000d0       0x14 ./freertos/src/tasks.o
 .bss.pxDelayedTaskList
                0x00000000100000e4        0x4 ./freertos/src/tasks.o
 .bss.pxOverflowDelayedTaskList
                0x00000000100000e8        0x4 ./freertos/src/tasks.o
 .bss.xPendingReadyList
                0x00000000100000ec       0x14 ./freertos/src/tasks.o
 .bss.xTasksWaitingTermination
                0x0000000010000100       0x14 ./freertos/src/tasks.o
 .bss.uxTasksDeleted
                0x0000000010000114        0x4 ./freertos/src/tasks.o
 .bss.xSuspendedTaskList
                0x0000000010000118       0x14 ./freertos/src/tasks.o
 .bss.uxCurrentNumberOfTasks
                0x000000001000012c        0x4 ./freertos/src/tasks.o
 .bss.xTickCount
                0x0000000010000130        0x4 ./freertos/src/tasks.o
 .bss.uxTopReadyPriority
                0x0000000010000134        0x4 ./freertos/src/tasks.o
 .bss.xSchedulerRunning
                0x0000000010000138        0x4 ./freertos/src/tasks.o
 .bss.uxSchedulerSuspended
                0x000000001000013c        0x4 ./freertos/src/tasks.o
 .bss.uxPendedTicks
                0x0000000010000140        0x4 ./freertos/src/tasks.o
 .bss.xYieldPending
                0x0000000010000144        0x4 ./freertos/src/tasks.o
 .bss.xNumOfOverflows
                0x0000000010000148        0x4 ./freertos/src/tasks.o
 .bss.uxTaskNumber
                0x000000001000014c        0x4 ./freertos/src/tasks.o
 .bss.__end_of_heap
                0x0000000010000150        0x4 /usr/local/mcuxpressoide-10.3.1_2233/ide/plugins/com.nxp.mcuxpresso.tools.linux_10.3.0.201811011841/tools/bin/../lib/gcc/arm-none-eabi/7.3.1/../../../../arm-none-eabi/lib/thumb/v7-m/libcr_c.a(__init_alloc.o)
                0x0000000010000150                __end_of_heap
 .bss.__heaps   0x0000000010000154        0x4 /usr/local/mcuxpressoide-10.3.1_2233/ide/plugins/com.nxp.mcuxpresso.tools.linux_10.3.0.201811011841/tools/bin/../lib/gcc/arm-none-eabi/7.3.1/../../../../arm-none-eabi/lib/thumb/v7-m/libcr_c.a(__init_alloc.o)
                0x0000000010000154                __heaps
 .bss.errno     0x0000000010000158        0x4 /usr/local/mcuxpressoide-10.3.1_2233/ide/plugins/com.nxp.mcuxpresso.tools.linux_10.3.0.201811011841/tools/bin/../lib/gcc/arm-none-eabi/7.3.1/../../../../arm-none-eabi/lib/thumb/v7-m/libcr_c.a(errno.o)
                0x0000000010000158                errno
 .bss.__Ciob    0x000000001000015c      0x1e0 /usr/local/mcuxpressoide-10.3.1_2233/ide/plugins/com.nxp.mcuxpresso.tools.linux_10.3.0.201811011841/tools/bin/../lib/gcc/arm-none-eabi/7.3.1/../../../../arm-none-eabi/lib/thumb/v7-m/libcr_nohost.a(__ciob.o)
                0x000000001000015c                __Ciob
 *(COMMON)
 COMMON         0x000000001000033c        0x4 ./example/src/q.o
                0x000000001000033c                RGB_colour
 COMMON         0x0000000010000340        0x4 /home/manwinder/Documents/MCUXpresso_10.3.1_2233/workspace/lpc_chip_175x_6x/Debug/liblpc_chip_175x_6x.a(chip_17xx_40xx.o)
                0x0000000010000340                SystemCoreClock
                0x0000000010000344                . = ALIGN (0x4)
                0x0000000010000344                _ebss = .
                [!provide]                        PROVIDE (end = .)

.noinit_RAM2    0x000000002007c000        0x0
 *(.noinit.$RAM2*)
 *(.noinit.$RamAHB32*)
                0x000000002007c000                . = ALIGN (0x4)

.noinit         0x0000000010000344        0x0
                0x0000000010000344                _noinit = .
 *(.noinit*)
                0x0000000010000344                . = ALIGN (0x4)
                0x0000000010000344                _end_noinit = .
                0x0000000010000344                PROVIDE (_pvHeapStart = DEFINED (__user_heap_base)?__user_heap_base:.)
                0x0000000010008000                PROVIDE (_vStackTop = DEFINED (__user_stack_top)?__user_stack_top:(__top_RamLoc32 - 0x0))
                [!provide]                        PROVIDE (__valid_user_code_checksum = (0x0 - ((((((_vStackTop + (ResetISR + 0x1)) + (NMI_Handler + 0x1)) + (HardFault_Handler + 0x1)) + (DEFINED (MemManage_Handler)?MemManage_Handler:0x0 + 0x1)) + (DEFINED (BusFault_Handler)?BusFault_Handler:0x0 + 0x1)) + (DEFINED (UsageFault_Handler)?UsageFault_Handler:0x0 + 0x1))))
                0x0000000000000000                _image_start = LOADADDR (.text)
                0x0000000000002eec                _image_end = (LOADADDR (.data) + SIZEOF (.data))
                0x0000000000002eec                _image_size = (_image_end - _image_start)
OUTPUT(q.axf elf32-littlearm)

.debug_info     0x0000000000000000     0x7b6a
 .debug_info    0x0000000000000000      0x2d0 ./freertos/src/FreeRTOSCommonHooks.o
 .debug_info    0x00000000000002d0      0x261 ./freertos/src/heap_3.o
 .debug_info    0x0000000000000531      0x3fc ./freertos/src/list.o
 .debug_info    0x000000000000092d      0x4ff ./freertos/src/port.o
 .debug_info    0x0000000000000e2c      0xd05 ./freertos/src/queue.o
 .debug_info    0x0000000000001b31     0x132c ./freertos/src/tasks.o
 .debug_info    0x0000000000002e5d      0x251 ./example/src/cr_startup_lpc175x_6x.o
 .debug_info    0x00000000000030ae      0x51c ./example/src/q.o
 .debug_info    0x00000000000035ca      0x232 ./example/src/sysinit.o
 .debug_info    0x00000000000037fc     0x150a /home/manwinder/Documents/MCUXpresso_10.3.1_2233/workspace/lpc_board_nxp_lpcxpresso_1769/Debug/liblpc_board_nxp_lpcxpresso_1769.a(board.o)
 .debug_info    0x0000000000004d06      0x6c3 /home/manwinder/Documents/MCUXpresso_10.3.1_2233/workspace/lpc_board_nxp_lpcxpresso_1769/Debug/liblpc_board_nxp_lpcxpresso_1769.a(board_sysinit.o)
 .debug_info    0x00000000000053c9      0x558 /home/manwinder/Documents/MCUXpresso_10.3.1_2233/workspace/lpc_chip_175x_6x/Debug/liblpc_chip_175x_6x.a(chip_17xx_40xx.o)
 .debug_info    0x0000000000005921      0xba2 /home/manwinder/Documents/MCUXpresso_10.3.1_2233/workspace/lpc_chip_175x_6x/Debug/liblpc_chip_175x_6x.a(clock_17xx_40xx.o)
 .debug_info    0x00000000000064c3      0x31e /home/manwinder/Documents/MCUXpresso_10.3.1_2233/workspace/lpc_chip_175x_6x/Debug/liblpc_chip_175x_6x.a(iocon_17xx_40xx.o)
 .debug_info    0x00000000000067e1      0x474 /home/manwinder/Documents/MCUXpresso_10.3.1_2233/workspace/lpc_chip_175x_6x/Debug/liblpc_chip_175x_6x.a(sysinit_17xx_40xx.o)
 .debug_info    0x0000000000006c55      0xf15 /home/manwinder/Documents/MCUXpresso_10.3.1_2233/workspace/lpc_chip_175x_6x/Debug/liblpc_chip_175x_6x.a(uart_17xx_40xx.o)

.debug_abbrev   0x0000000000000000     0x1d59
 .debug_abbrev  0x0000000000000000      0x165 ./freertos/src/FreeRTOSCommonHooks.o
 .debug_abbrev  0x0000000000000165      0x117 ./freertos/src/heap_3.o
 .debug_abbrev  0x000000000000027c      0x122 ./freertos/src/list.o
 .debug_abbrev  0x000000000000039e      0x21b ./freertos/src/port.o
 .debug_abbrev  0x00000000000005b9      0x212 ./freertos/src/queue.o
 .debug_abbrev  0x00000000000007cb      0x254 ./freertos/src/tasks.o
 .debug_abbrev  0x0000000000000a1f      0x103 ./example/src/cr_startup_lpc175x_6x.o
 .debug_abbrev  0x0000000000000b22      0x1ce ./example/src/q.o
 .debug_abbrev  0x0000000000000cf0       0xdd ./example/src/sysinit.o
 .debug_abbrev  0x0000000000000dcd      0x3c8 /home/manwinder/Documents/MCUXpresso_10.3.1_2233/workspace/lpc_board_nxp_lpcxpresso_1769/Debug/liblpc_board_nxp_lpcxpresso_1769.a(board.o)
 .debug_abbrev  0x0000000000001195      0x180 /home/manwinder/Documents/MCUXpresso_10.3.1_2233/workspace/lpc_board_nxp_lpcxpresso_1769/Debug/liblpc_board_nxp_lpcxpresso_1769.a(board_sysinit.o)
 .debug_abbrev  0x0000000000001315      0x151 /home/manwinder/Documents/MCUXpresso_10.3.1_2233/workspace/lpc_chip_175x_6x/Debug/liblpc_chip_175x_6x.a(chip_17xx_40xx.o)
 .debug_abbrev  0x0000000000001466      0x309 /home/manwinder/Documents/MCUXpresso_10.3.1_2233/workspace/lpc_chip_175x_6x/Debug/liblpc_chip_175x_6x.a(clock_17xx_40xx.o)
 .debug_abbrev  0x000000000000176f      0x14a /home/manwinder/Documents/MCUXpresso_10.3.1_2233/workspace/lpc_chip_175x_6x/Debug/liblpc_chip_175x_6x.a(iocon_17xx_40xx.o)
 .debug_abbrev  0x00000000000018b9      0x18e /home/manwinder/Documents/MCUXpresso_10.3.1_2233/workspace/lpc_chip_175x_6x/Debug/liblpc_chip_175x_6x.a(sysinit_17xx_40xx.o)
 .debug_abbrev  0x0000000000001a47      0x312 /home/manwinder/Documents/MCUXpresso_10.3.1_2233/workspace/lpc_chip_175x_6x/Debug/liblpc_chip_175x_6x.a(uart_17xx_40xx.o)

.debug_aranges  0x0000000000000000      0x940
 .debug_aranges
                0x0000000000000000       0x40 ./freertos/src/FreeRTOSCommonHooks.o
 .debug_aranges
                0x0000000000000040       0x28 ./freertos/src/heap_3.o
 .debug_aranges
                0x0000000000000068       0x40 ./freertos/src/list.o
 .debug_aranges
                0x00000000000000a8       0x90 ./freertos/src/port.o
 .debug_aranges
                0x0000000000000138       0xf0 ./freertos/src/queue.o
 .debug_aranges
                0x0000000000000228      0x170 ./freertos/src/tasks.o
 .debug_aranges
                0x0000000000000398       0x80 ./example/src/cr_startup_lpc175x_6x.o
 .debug_aranges
                0x0000000000000418       0x60 ./example/src/q.o
 .debug_aranges
                0x0000000000000478       0x20 ./example/src/sysinit.o
 .debug_aranges
                0x0000000000000498      0x160 /home/manwinder/Documents/MCUXpresso_10.3.1_2233/workspace/lpc_board_nxp_lpcxpresso_1769/Debug/liblpc_board_nxp_lpcxpresso_1769.a(board.o)
 .debug_aranges
                0x00000000000005f8       0x38 /home/manwinder/Documents/MCUXpresso_10.3.1_2233/workspace/lpc_board_nxp_lpcxpresso_1769/Debug/liblpc_board_nxp_lpcxpresso_1769.a(board_sysinit.o)
 .debug_aranges
                0x0000000000000630       0x38 /home/manwinder/Documents/MCUXpresso_10.3.1_2233/workspace/lpc_chip_175x_6x/Debug/liblpc_chip_175x_6x.a(chip_17xx_40xx.o)
 .debug_aranges
                0x0000000000000668      0x120 /home/manwinder/Documents/MCUXpresso_10.3.1_2233/workspace/lpc_chip_175x_6x/Debug/liblpc_chip_175x_6x.a(clock_17xx_40xx.o)
 .debug_aranges
                0x0000000000000788       0x30 /home/manwinder/Documents/MCUXpresso_10.3.1_2233/workspace/lpc_chip_175x_6x/Debug/liblpc_chip_175x_6x.a(iocon_17xx_40xx.o)
 .debug_aranges
                0x00000000000007b8       0x60 /home/manwinder/Documents/MCUXpresso_10.3.1_2233/workspace/lpc_chip_175x_6x/Debug/liblpc_chip_175x_6x.a(sysinit_17xx_40xx.o)
 .debug_aranges
                0x0000000000000818      0x128 /home/manwinder/Documents/MCUXpresso_10.3.1_2233/workspace/lpc_chip_175x_6x/Debug/liblpc_chip_175x_6x.a(uart_17xx_40xx.o)

.debug_ranges   0x0000000000000000      0x840
 .debug_ranges  0x0000000000000000       0x30 ./freertos/src/FreeRTOSCommonHooks.o
 .debug_ranges  0x0000000000000030       0x18 ./freertos/src/heap_3.o
 .debug_ranges  0x0000000000000048       0x30 ./freertos/src/list.o
 .debug_ranges  0x0000000000000078       0x80 ./freertos/src/port.o
 .debug_ranges  0x00000000000000f8       0xe0 ./freertos/src/queue.o
 .debug_ranges  0x00000000000001d8      0x160 ./freertos/src/tasks.o
 .debug_ranges  0x0000000000000338       0x70 ./example/src/cr_startup_lpc175x_6x.o
 .debug_ranges  0x00000000000003a8       0x50 ./example/src/q.o
 .debug_ranges  0x00000000000003f8       0x10 ./example/src/sysinit.o
 .debug_ranges  0x0000000000000408      0x150 /home/manwinder/Documents/MCUXpresso_10.3.1_2233/workspace/lpc_board_nxp_lpcxpresso_1769/Debug/liblpc_board_nxp_lpcxpresso_1769.a(board.o)
 .debug_ranges  0x0000000000000558       0x28 /home/manwinder/Documents/MCUXpresso_10.3.1_2233/workspace/lpc_board_nxp_lpcxpresso_1769/Debug/liblpc_board_nxp_lpcxpresso_1769.a(board_sysinit.o)
 .debug_ranges  0x0000000000000580       0x28 /home/manwinder/Documents/MCUXpresso_10.3.1_2233/workspace/lpc_chip_175x_6x/Debug/liblpc_chip_175x_6x.a(chip_17xx_40xx.o)
 .debug_ranges  0x00000000000005a8      0x110 /home/manwinder/Documents/MCUXpresso_10.3.1_2233/workspace/lpc_chip_175x_6x/Debug/liblpc_chip_175x_6x.a(clock_17xx_40xx.o)
 .debug_ranges  0x00000000000006b8       0x20 /home/manwinder/Documents/MCUXpresso_10.3.1_2233/workspace/lpc_chip_175x_6x/Debug/liblpc_chip_175x_6x.a(iocon_17xx_40xx.o)
 .debug_ranges  0x00000000000006d8       0x50 /home/manwinder/Documents/MCUXpresso_10.3.1_2233/workspace/lpc_chip_175x_6x/Debug/liblpc_chip_175x_6x.a(sysinit_17xx_40xx.o)
 .debug_ranges  0x0000000000000728      0x118 /home/manwinder/Documents/MCUXpresso_10.3.1_2233/workspace/lpc_chip_175x_6x/Debug/liblpc_chip_175x_6x.a(uart_17xx_40xx.o)

.debug_macro    0x0000000000000000     0x6636
 .debug_macro   0x0000000000000000      0x29c ./freertos/src/FreeRTOSCommonHooks.o
 .debug_macro   0x000000000000029c      0xa66 ./freertos/src/FreeRTOSCommonHooks.o
 .debug_macro   0x0000000000000d02       0x10 ./freertos/src/FreeRTOSCommonHooks.o
 .debug_macro   0x0000000000000d12      0x12d ./freertos/src/FreeRTOSCommonHooks.o
 .debug_macro   0x0000000000000e3f       0x16 ./freertos/src/FreeRTOSCommonHooks.o
 .debug_macro   0x0000000000000e55       0x46 ./freertos/src/FreeRTOSCommonHooks.o
 .debug_macro   0x0000000000000e9b      0x5b2 ./freertos/src/FreeRTOSCommonHooks.o
 .debug_macro   0x000000000000144d       0x22 ./freertos/src/FreeRTOSCommonHooks.o
 .debug_macro   0x000000000000146f       0x74 ./freertos/src/FreeRTOSCommonHooks.o
 .debug_macro   0x00000000000014e3       0x10 ./freertos/src/FreeRTOSCommonHooks.o
 .debug_macro   0x00000000000014f3       0x2d ./freertos/src/FreeRTOSCommonHooks.o
 .debug_macro   0x0000000000001520       0x3a ./freertos/src/FreeRTOSCommonHooks.o
 .debug_macro   0x000000000000155a       0x2d ./freertos/src/FreeRTOSCommonHooks.o
 .debug_macro   0x0000000000001587      0xbb1 ./freertos/src/FreeRTOSCommonHooks.o
 .debug_macro   0x0000000000002138      0x22c ./freertos/src/FreeRTOSCommonHooks.o
 .debug_macro   0x0000000000002364       0x42 ./freertos/src/FreeRTOSCommonHooks.o
 .debug_macro   0x00000000000023a6       0x52 ./freertos/src/FreeRTOSCommonHooks.o
 .debug_macro   0x00000000000023f8       0x78 ./freertos/src/FreeRTOSCommonHooks.o
 .debug_macro   0x0000000000002470       0x82 ./freertos/src/FreeRTOSCommonHooks.o
 .debug_macro   0x00000000000024f2      0x48c ./freertos/src/FreeRTOSCommonHooks.o
 .debug_macro   0x000000000000297e       0x34 ./freertos/src/FreeRTOSCommonHooks.o
 .debug_macro   0x00000000000029b2      0x4c5 ./freertos/src/FreeRTOSCommonHooks.o
 .debug_macro   0x0000000000002e77      0x1b7 ./freertos/src/FreeRTOSCommonHooks.o
 .debug_macro   0x000000000000302e       0x10 ./freertos/src/FreeRTOSCommonHooks.o
 .debug_macro   0x000000000000303e      0x21b ./freertos/src/FreeRTOSCommonHooks.o
 .debug_macro   0x0000000000003259      0x1b9 ./freertos/src/FreeRTOSCommonHooks.o
 .debug_macro   0x0000000000003412       0x40 ./freertos/src/FreeRTOSCommonHooks.o
 .debug_macro   0x0000000000003452       0x22 ./freertos/src/FreeRTOSCommonHooks.o
 .debug_macro   0x0000000000003474      0x162 ./freertos/src/FreeRTOSCommonHooks.o
 .debug_macro   0x00000000000035d6       0x94 ./freertos/src/FreeRTOSCommonHooks.o
 .debug_macro   0x000000000000366a       0xb8 ./freertos/src/FreeRTOSCommonHooks.o
 .debug_macro   0x0000000000003722       0x4c ./freertos/src/FreeRTOSCommonHooks.o
 .debug_macro   0x000000000000376e       0x16 ./freertos/src/FreeRTOSCommonHooks.o
 .debug_macro   0x0000000000003784      0x328 ./freertos/src/FreeRTOSCommonHooks.o
 .debug_macro   0x0000000000003aac       0x49 ./freertos/src/FreeRTOSCommonHooks.o
 .debug_macro   0x0000000000003af5       0x16 ./freertos/src/FreeRTOSCommonHooks.o
 .debug_macro   0x0000000000003b0b       0xca ./freertos/src/FreeRTOSCommonHooks.o
 .debug_macro   0x0000000000003bd5       0x11 ./freertos/src/FreeRTOSCommonHooks.o
 .debug_macro   0x0000000000003be6       0x70 ./freertos/src/FreeRTOSCommonHooks.o
 .debug_macro   0x0000000000003c56       0x9a ./freertos/src/FreeRTOSCommonHooks.o
 .debug_macro   0x0000000000003cf0       0x20 ./freertos/src/FreeRTOSCommonHooks.o
 .debug_macro   0x0000000000003d10       0x28 ./freertos/src/FreeRTOSCommonHooks.o
 .debug_macro   0x0000000000003d38       0xee ./freertos/src/FreeRTOSCommonHooks.o
 .debug_macro   0x0000000000003e26       0xab ./freertos/src/FreeRTOSCommonHooks.o
 .debug_macro   0x0000000000003ed1       0x12 ./freertos/src/FreeRTOSCommonHooks.o
 .debug_macro   0x0000000000003ee3       0x1f ./freertos/src/FreeRTOSCommonHooks.o
 .debug_macro   0x0000000000003f02      0x257 ./freertos/src/FreeRTOSCommonHooks.o
 .debug_macro   0x0000000000004159       0x64 ./freertos/src/FreeRTOSCommonHooks.o
 .debug_macro   0x00000000000041bd       0x57 ./freertos/src/FreeRTOSCommonHooks.o
 .debug_macro   0x0000000000004214      0x2b2 ./freertos/src/heap_3.o
 .debug_macro   0x00000000000044c6       0x28 ./freertos/src/heap_3.o
 .debug_macro   0x00000000000044ee      0x297 ./freertos/src/list.o
 .debug_macro   0x0000000000004785      0x329 ./freertos/src/port.o
 .debug_macro   0x0000000000004aae      0x2fa ./freertos/src/queue.o
 .debug_macro   0x0000000000004da8       0xb0 ./freertos/src/queue.o
 .debug_macro   0x0000000000004e58      0x336 ./freertos/src/tasks.o
 .debug_macro   0x000000000000518e       0x5b ./freertos/src/tasks.o
 .debug_macro   0x00000000000051e9       0x16 ./freertos/src/tasks.o
 .debug_macro   0x00000000000051ff       0x1d ./example/src/cr_startup_lpc175x_6x.o
 .debug_macro   0x000000000000521c      0x2b9 ./example/src/q.o
 .debug_macro   0x00000000000054d5       0x7b ./example/src/q.o
 .debug_macro   0x0000000000005550       0x18 ./example/src/q.o
 .debug_macro   0x0000000000005568       0x10 ./example/src/q.o
 .debug_macro   0x0000000000005578       0xf4 ./example/src/q.o
 .debug_macro   0x000000000000566c      0x217 ./example/src/sysinit.o
 .debug_macro   0x0000000000005883      0x289 /home/manwinder/Documents/MCUXpresso_10.3.1_2233/workspace/lpc_board_nxp_lpcxpresso_1769/Debug/liblpc_board_nxp_lpcxpresso_1769.a(board.o)
 .debug_macro   0x0000000000005b0c       0x12 /home/manwinder/Documents/MCUXpresso_10.3.1_2233/workspace/lpc_board_nxp_lpcxpresso_1769/Debug/liblpc_board_nxp_lpcxpresso_1769.a(board.o)
 .debug_macro   0x0000000000005b1e      0x217 /home/manwinder/Documents/MCUXpresso_10.3.1_2233/workspace/lpc_board_nxp_lpcxpresso_1769/Debug/liblpc_board_nxp_lpcxpresso_1769.a(board_sysinit.o)
 .debug_macro   0x0000000000005d35      0x1cd /home/manwinder/Documents/MCUXpresso_10.3.1_2233/workspace/lpc_chip_175x_6x/Debug/liblpc_chip_175x_6x.a(chip_17xx_40xx.o)
 .debug_macro   0x0000000000005f02      0x1cd /home/manwinder/Documents/MCUXpresso_10.3.1_2233/workspace/lpc_chip_175x_6x/Debug/liblpc_chip_175x_6x.a(clock_17xx_40xx.o)
 .debug_macro   0x00000000000060cf      0x1cd /home/manwinder/Documents/MCUXpresso_10.3.1_2233/workspace/lpc_chip_175x_6x/Debug/liblpc_chip_175x_6x.a(iocon_17xx_40xx.o)
 .debug_macro   0x000000000000629c      0x1cd /home/manwinder/Documents/MCUXpresso_10.3.1_2233/workspace/lpc_chip_175x_6x/Debug/liblpc_chip_175x_6x.a(sysinit_17xx_40xx.o)
 .debug_macro   0x0000000000006469      0x1cd /home/manwinder/Documents/MCUXpresso_10.3.1_2233/workspace/lpc_chip_175x_6x/Debug/liblpc_chip_175x_6x.a(uart_17xx_40xx.o)

.debug_line     0x0000000000000000     0x6b45
 .debug_line    0x0000000000000000      0x6ab ./freertos/src/FreeRTOSCommonHooks.o
 .debug_line    0x00000000000006ab      0x650 ./freertos/src/heap_3.o
 .debug_line    0x0000000000000cfb      0x69c ./freertos/src/list.o
 .debug_line    0x0000000000001397      0x782 ./freertos/src/port.o
 .debug_line    0x0000000000001b19      0x9a6 ./freertos/src/queue.o
 .debug_line    0x00000000000024bf      0xd50 ./freertos/src/tasks.o
 .debug_line    0x000000000000320f       0xdb ./example/src/cr_startup_lpc175x_6x.o
 .debug_line    0x00000000000032ea      0x6e4 ./example/src/q.o
 .debug_line    0x00000000000039ce      0x51d ./example/src/sysinit.o
 .debug_line    0x0000000000003eeb      0x8d0 /home/manwinder/Documents/MCUXpresso_10.3.1_2233/workspace/lpc_board_nxp_lpcxpresso_1769/Debug/liblpc_board_nxp_lpcxpresso_1769.a(board.o)
 .debug_line    0x00000000000047bb      0x555 /home/manwinder/Documents/MCUXpresso_10.3.1_2233/workspace/lpc_board_nxp_lpcxpresso_1769/Debug/liblpc_board_nxp_lpcxpresso_1769.a(board_sysinit.o)
 .debug_line    0x0000000000004d10      0x4d6 /home/manwinder/Documents/MCUXpresso_10.3.1_2233/workspace/lpc_chip_175x_6x/Debug/liblpc_chip_175x_6x.a(chip_17xx_40xx.o)
 .debug_line    0x00000000000051e6      0x752 /home/manwinder/Documents/MCUXpresso_10.3.1_2233/workspace/lpc_chip_175x_6x/Debug/liblpc_chip_175x_6x.a(clock_17xx_40xx.o)
 .debug_line    0x0000000000005938      0x4c2 /home/manwinder/Documents/MCUXpresso_10.3.1_2233/workspace/lpc_chip_175x_6x/Debug/liblpc_chip_175x_6x.a(iocon_17xx_40xx.o)
 .debug_line    0x0000000000005dfa      0x54c /home/manwinder/Documents/MCUXpresso_10.3.1_2233/workspace/lpc_chip_175x_6x/Debug/liblpc_chip_175x_6x.a(sysinit_17xx_40xx.o)
 .debug_line    0x0000000000006346      0x7ff /home/manwinder/Documents/MCUXpresso_10.3.1_2233/workspace/lpc_chip_175x_6x/Debug/liblpc_chip_175x_6x.a(uart_17xx_40xx.o)

.debug_str      0x0000000000000000    0x184b4
 .debug_str     0x0000000000000000    0x1336d ./freertos/src/FreeRTOSCommonHooks.o
                                      0x13455 (size before relaxing)
 .debug_str     0x000000000001336d      0x103 ./freertos/src/heap_3.o
                                      0x13469 (size before relaxing)
 .debug_str     0x0000000000013470      0x12e ./freertos/src/list.o
                                      0x131ae (size before relaxing)
 .debug_str     0x000000000001359e      0x8f6 ./freertos/src/port.o
                                      0x13ca5 (size before relaxing)
 .debug_str     0x0000000000013e94     0x1106 ./freertos/src/queue.o
                                      0x147b6 (size before relaxing)
 .debug_str     0x0000000000014f9a     0x14cf ./freertos/src/tasks.o
                                      0x14c70 (size before relaxing)
 .debug_str     0x0000000000016469      0x1b3 ./example/src/cr_startup_lpc175x_6x.o
                                       0x2ebd (size before relaxing)
 .debug_str     0x000000000001661c      0x19a ./example/src/q.o
                                      0x14100 (size before relaxing)
 .debug_str     0x00000000000167b6       0x23 ./example/src/sysinit.o
                                      0x1129f (size before relaxing)
 .debug_str     0x00000000000167d9      0xc95 /home/manwinder/Documents/MCUXpresso_10.3.1_2233/workspace/lpc_board_nxp_lpcxpresso_1769/Debug/liblpc_board_nxp_lpcxpresso_1769.a(board.o)
                                      0x12181 (size before relaxing)
 .debug_str     0x000000000001746e      0x22d /home/manwinder/Documents/MCUXpresso_10.3.1_2233/workspace/lpc_board_nxp_lpcxpresso_1769/Debug/liblpc_board_nxp_lpcxpresso_1769.a(board_sysinit.o)
                                      0x116bb (size before relaxing)
 .debug_str     0x000000000001769b       0xc5 /home/manwinder/Documents/MCUXpresso_10.3.1_2233/workspace/lpc_chip_175x_6x/Debug/liblpc_chip_175x_6x.a(chip_17xx_40xx.o)
                                      0x1130b (size before relaxing)
 .debug_str     0x0000000000017760      0x857 /home/manwinder/Documents/MCUXpresso_10.3.1_2233/workspace/lpc_chip_175x_6x/Debug/liblpc_chip_175x_6x.a(clock_17xx_40xx.o)
                                      0x11989 (size before relaxing)
 .debug_str     0x0000000000017fb7       0x79 /home/manwinder/Documents/MCUXpresso_10.3.1_2233/workspace/lpc_chip_175x_6x/Debug/liblpc_chip_175x_6x.a(iocon_17xx_40xx.o)
                                      0x10e06 (size before relaxing)
 .debug_str     0x0000000000018030       0xc4 /home/manwinder/Documents/MCUXpresso_10.3.1_2233/workspace/lpc_chip_175x_6x/Debug/liblpc_chip_175x_6x.a(sysinit_17xx_40xx.o)
                                      0x10fee (size before relaxing)
 .debug_str     0x00000000000180f4      0x3c0 /home/manwinder/Documents/MCUXpresso_10.3.1_2233/workspace/lpc_chip_175x_6x/Debug/liblpc_chip_175x_6x.a(uart_17xx_40xx.o)
                                      0x1185e (size before relaxing)

.comment        0x0000000000000000       0x7f
 .comment       0x0000000000000000       0x7f ./freertos/src/FreeRTOSCommonHooks.o
                                         0x80 (size before relaxing)
 .comment       0x000000000000007f       0x80 ./freertos/src/heap_3.o
 .comment       0x000000000000007f       0x80 ./freertos/src/list.o
 .comment       0x000000000000007f       0x80 ./freertos/src/port.o
 .comment       0x000000000000007f       0x80 ./freertos/src/queue.o
 .comment       0x000000000000007f       0x80 ./freertos/src/tasks.o
 .comment       0x000000000000007f       0x80 ./example/src/cr_startup_lpc175x_6x.o
 .comment       0x000000000000007f       0x80 ./example/src/q.o
 .comment       0x000000000000007f       0x80 ./example/src/sysinit.o
 .comment       0x000000000000007f       0x80 /home/manwinder/Documents/MCUXpresso_10.3.1_2233/workspace/lpc_board_nxp_lpcxpresso_1769/Debug/liblpc_board_nxp_lpcxpresso_1769.a(board.o)
 .comment       0x000000000000007f       0x80 /home/manwinder/Documents/MCUXpresso_10.3.1_2233/workspace/lpc_board_nxp_lpcxpresso_1769/Debug/liblpc_board_nxp_lpcxpresso_1769.a(board_sysinit.o)
 .comment       0x000000000000007f       0x80 /home/manwinder/Documents/MCUXpresso_10.3.1_2233/workspace/lpc_chip_175x_6x/Debug/liblpc_chip_175x_6x.a(chip_17xx_40xx.o)
 .comment       0x000000000000007f       0x80 /home/manwinder/Documents/MCUXpresso_10.3.1_2233/workspace/lpc_chip_175x_6x/Debug/liblpc_chip_175x_6x.a(clock_17xx_40xx.o)
 .comment       0x000000000000007f       0x80 /home/manwinder/Documents/MCUXpresso_10.3.1_2233/workspace/lpc_chip_175x_6x/Debug/liblpc_chip_175x_6x.a(iocon_17xx_40xx.o)
 .comment       0x000000000000007f       0x80 /home/manwinder/Documents/MCUXpresso_10.3.1_2233/workspace/lpc_chip_175x_6x/Debug/liblpc_chip_175x_6x.a(sysinit_17xx_40xx.o)
 .comment       0x000000000000007f       0x80 /home/manwinder/Documents/MCUXpresso_10.3.1_2233/workspace/lpc_chip_175x_6x/Debug/liblpc_chip_175x_6x.a(uart_17xx_40xx.o)
 .comment       0x000000000000007f       0x80 /usr/local/mcuxpressoide-10.3.1_2233/ide/plugins/com.nxp.mcuxpresso.tools.linux_10.3.0.201811011841/tools/bin/../lib/gcc/arm-none-eabi/7.3.1/../../../../arm-none-eabi/lib/thumb/v7-m/libcr_nohost.a(_cr__main.o)
 .comment       0x000000000000007f       0x80 /usr/local/mcuxpressoide-10.3.1_2233/ide/plugins/com.nxp.mcuxpresso.tools.linux_10.3.0.201811011841/tools/bin/../lib/gcc/arm-none-eabi/7.3.1/../../../../arm-none-eabi/lib/thumb/v7-m/libcr_c.a(memcpy.o)
 .comment       0x000000000000007f       0x80 /usr/local/mcuxpressoide-10.3.1_2233/ide/plugins/com.nxp.mcuxpresso.tools.linux_10.3.0.201811011841/tools/bin/../lib/gcc/arm-none-eabi/7.3.1/../../../../arm-none-eabi/lib/thumb/v7-m/libcr_c.a(memset.o)
 .comment       0x000000000000007f       0x80 /usr/local/mcuxpressoide-10.3.1_2233/ide/plugins/com.nxp.mcuxpresso.tools.linux_10.3.0.201811011841/tools/bin/../lib/gcc/arm-none-eabi/7.3.1/../../../../arm-none-eabi/lib/thumb/v7-m/libcr_c.a(alloc.o)
 .comment       0x000000000000007f       0x80 /usr/local/mcuxpressoide-10.3.1_2233/ide/plugins/com.nxp.mcuxpresso.tools.linux_10.3.0.201811011841/tools/bin/../lib/gcc/arm-none-eabi/7.3.1/../../../../arm-none-eabi/lib/thumb/v7-m/libcr_c.a(initio.o)
 .comment       0x000000000000007f       0x80 /usr/local/mcuxpressoide-10.3.1_2233/ide/plugins/com.nxp.mcuxpresso.tools.linux_10.3.0.201811011841/tools/bin/../lib/gcc/arm-none-eabi/7.3.1/../../../../arm-none-eabi/lib/thumb/v7-m/libcr_c.a(setvbuf.o)
 .comment       0x000000000000007f       0x80 /usr/local/mcuxpressoide-10.3.1_2233/ide/plugins/com.nxp.mcuxpresso.tools.linux_10.3.0.201811011841/tools/bin/../lib/gcc/arm-none-eabi/7.3.1/../../../../arm-none-eabi/lib/thumb/v7-m/libcr_c.a(strlen.o)
 .comment       0x000000000000007f       0x80 /usr/local/mcuxpressoide-10.3.1_2233/ide/plugins/com.nxp.mcuxpresso.tools.linux_10.3.0.201811011841/tools/bin/../lib/gcc/arm-none-eabi/7.3.1/../../../../arm-none-eabi/lib/thumb/v7-m/libcr_c.a(__init_alloc.o)
 .comment       0x000000000000007f       0x80 /usr/local/mcuxpressoide-10.3.1_2233/ide/plugins/com.nxp.mcuxpresso.tools.linux_10.3.0.201811011841/tools/bin/../lib/gcc/arm-none-eabi/7.3.1/../../../../arm-none-eabi/lib/thumb/v7-m/libcr_c.a(_cr_sbrk.o)
 .comment       0x000000000000007f       0x80 /usr/local/mcuxpressoide-10.3.1_2233/ide/plugins/com.nxp.mcuxpresso.tools.linux_10.3.0.201811011841/tools/bin/../lib/gcc/arm-none-eabi/7.3.1/../../../../arm-none-eabi/lib/thumb/v7-m/libcr_c.a(_deferredlazyseek.o)
 .comment       0x000000000000007f       0x80 /usr/local/mcuxpressoide-10.3.1_2233/ide/plugins/com.nxp.mcuxpresso.tools.linux_10.3.0.201811011841/tools/bin/../lib/gcc/arm-none-eabi/7.3.1/../../../../arm-none-eabi/lib/thumb/v7-m/libcr_c.a(_fdopen.o)
 .comment       0x000000000000007f       0x80 /usr/local/mcuxpressoide-10.3.1_2233/ide/plugins/com.nxp.mcuxpresso.tools.linux_10.3.0.201811011841/tools/bin/../lib/gcc/arm-none-eabi/7.3.1/../../../../arm-none-eabi/lib/thumb/v7-m/libcr_c.a(_fflush.o)
 .comment       0x000000000000007f       0x80 /usr/local/mcuxpressoide-10.3.1_2233/ide/plugins/com.nxp.mcuxpresso.tools.linux_10.3.0.201811011841/tools/bin/../lib/gcc/arm-none-eabi/7.3.1/../../../../arm-none-eabi/lib/thumb/v7-m/libcr_c.a(_writebuf.o)
 .comment       0x000000000000007f       0x80 /usr/local/mcuxpressoide-10.3.1_2233/ide/plugins/com.nxp.mcuxpresso.tools.linux_10.3.0.201811011841/tools/bin/../lib/gcc/arm-none-eabi/7.3.1/../../../../arm-none-eabi/lib/thumb/v7-m/libcr_c.a(errno.o)
 .comment       0x000000000000007f       0x80 /usr/local/mcuxpressoide-10.3.1_2233/ide/plugins/com.nxp.mcuxpresso.tools.linux_10.3.0.201811011841/tools/bin/../lib/gcc/arm-none-eabi/7.3.1/../../../../arm-none-eabi/lib/thumb/v7-m/libcr_c.a(fclose.o)
 .comment       0x000000000000007f       0x80 /usr/local/mcuxpressoide-10.3.1_2233/ide/plugins/com.nxp.mcuxpresso.tools.linux_10.3.0.201811011841/tools/bin/../lib/gcc/arm-none-eabi/7.3.1/../../../../arm-none-eabi/lib/thumb/v7-m/libcr_c.a(fflush.o)
 .comment       0x000000000000007f       0x80 /usr/local/mcuxpressoide-10.3.1_2233/ide/plugins/com.nxp.mcuxpresso.tools.linux_10.3.0.201811011841/tools/bin/../lib/gcc/arm-none-eabi/7.3.1/../../../../arm-none-eabi/lib/thumb/v7-m/libcr_c.a(fseek.o)
 .comment       0x000000000000007f       0x80 /usr/local/mcuxpressoide-10.3.1_2233/ide/plugins/com.nxp.mcuxpresso.tools.linux_10.3.0.201811011841/tools/bin/../lib/gcc/arm-none-eabi/7.3.1/../../../../arm-none-eabi/lib/thumb/v7-m/libcr_c.a(ftell.o)
 .comment       0x000000000000007f       0x80 /usr/local/mcuxpressoide-10.3.1_2233/ide/plugins/com.nxp.mcuxpresso.tools.linux_10.3.0.201811011841/tools/bin/../lib/gcc/arm-none-eabi/7.3.1/../../../../arm-none-eabi/lib/thumb/v7-m/libcr_c.a(remove.o)
 .comment       0x000000000000007f       0x80 /usr/local/mcuxpressoide-10.3.1_2233/ide/plugins/com.nxp.mcuxpresso.tools.linux_10.3.0.201811011841/tools/bin/../lib/gcc/arm-none-eabi/7.3.1/../../../../arm-none-eabi/lib/thumb/v7-m/libcr_c.a(_cr_check_heap.o)
 .comment       0x000000000000007f       0x80 /usr/local/mcuxpressoide-10.3.1_2233/ide/plugins/com.nxp.mcuxpresso.tools.linux_10.3.0.201811011841/tools/bin/../lib/gcc/arm-none-eabi/7.3.1/../../../../arm-none-eabi/lib/thumb/v7-m/libcr_c.a(_do_fflush.o)
 .comment       0x000000000000007f       0x80 /usr/local/mcuxpressoide-10.3.1_2233/ide/plugins/com.nxp.mcuxpresso.tools.linux_10.3.0.201811011841/tools/bin/../lib/gcc/arm-none-eabi/7.3.1/../../../../arm-none-eabi/lib/thumb/v7-m/libcr_nohost.a(__ciob.o)
 .comment       0x000000000000007f       0x80 /usr/local/mcuxpressoide-10.3.1_2233/ide/plugins/com.nxp.mcuxpresso.tools.linux_10.3.0.201811011841/tools/bin/../lib/gcc/arm-none-eabi/7.3.1/../../../../arm-none-eabi/lib/thumb/v7-m/libcr_nohost.a(__sys_close.o)
 .comment       0x000000000000007f       0x80 /usr/local/mcuxpressoide-10.3.1_2233/ide/plugins/com.nxp.mcuxpresso.tools.linux_10.3.0.201811011841/tools/bin/../lib/gcc/arm-none-eabi/7.3.1/../../../../arm-none-eabi/lib/thumb/v7-m/libcr_nohost.a(__sys_flen.o)
 .comment       0x000000000000007f       0x80 /usr/local/mcuxpressoide-10.3.1_2233/ide/plugins/com.nxp.mcuxpresso.tools.linux_10.3.0.201811011841/tools/bin/../lib/gcc/arm-none-eabi/7.3.1/../../../../arm-none-eabi/lib/thumb/v7-m/libcr_nohost.a(__sys_istty.o)
 .comment       0x000000000000007f       0x80 /usr/local/mcuxpressoide-10.3.1_2233/ide/plugins/com.nxp.mcuxpresso.tools.linux_10.3.0.201811011841/tools/bin/../lib/gcc/arm-none-eabi/7.3.1/../../../../arm-none-eabi/lib/thumb/v7-m/libcr_nohost.a(__sys_remove.o)
 .comment       0x000000000000007f       0x80 /usr/local/mcuxpressoide-10.3.1_2233/ide/plugins/com.nxp.mcuxpresso.tools.linux_10.3.0.201811011841/tools/bin/../lib/gcc/arm-none-eabi/7.3.1/../../../../arm-none-eabi/lib/thumb/v7-m/libcr_nohost.a(__sys_seek.o)
 .comment       0x000000000000007f       0x80 /usr/local/mcuxpressoide-10.3.1_2233/ide/plugins/com.nxp.mcuxpresso.tools.linux_10.3.0.201811011841/tools/bin/../lib/gcc/arm-none-eabi/7.3.1/../../../../arm-none-eabi/lib/thumb/v7-m/libcr_nohost.a(__sys_tmpnam.o)

.ARM.attributes
                0x0000000000000000       0x31
 .ARM.attributes
                0x0000000000000000       0x33 ./freertos/src/FreeRTOSCommonHooks.o
 .ARM.attributes
                0x0000000000000033       0x33 ./freertos/src/heap_3.o
 .ARM.attributes
                0x0000000000000066       0x33 ./freertos/src/list.o
 .ARM.attributes
                0x0000000000000099       0x33 ./freertos/src/port.o
 .ARM.attributes
                0x00000000000000cc       0x33 ./freertos/src/queue.o
 .ARM.attributes
                0x00000000000000ff       0x33 ./freertos/src/tasks.o
 .ARM.attributes
                0x0000000000000132       0x33 ./example/src/cr_startup_lpc175x_6x.o
 .ARM.attributes
                0x0000000000000165       0x33 ./example/src/q.o
 .ARM.attributes
                0x0000000000000198       0x33 ./example/src/sysinit.o
 .ARM.attributes
                0x00000000000001cb       0x33 /home/manwinder/Documents/MCUXpresso_10.3.1_2233/workspace/lpc_board_nxp_lpcxpresso_1769/Debug/liblpc_board_nxp_lpcxpresso_1769.a(board.o)
 .ARM.attributes
                0x00000000000001fe       0x33 /home/manwinder/Documents/MCUXpresso_10.3.1_2233/workspace/lpc_board_nxp_lpcxpresso_1769/Debug/liblpc_board_nxp_lpcxpresso_1769.a(board_sysinit.o)
 .ARM.attributes
                0x0000000000000231       0x33 /home/manwinder/Documents/MCUXpresso_10.3.1_2233/workspace/lpc_chip_175x_6x/Debug/liblpc_chip_175x_6x.a(chip_17xx_40xx.o)
 .ARM.attributes
                0x0000000000000264       0x33 /home/manwinder/Documents/MCUXpresso_10.3.1_2233/workspace/lpc_chip_175x_6x/Debug/liblpc_chip_175x_6x.a(clock_17xx_40xx.o)
 .ARM.attributes
                0x0000000000000297       0x33 /home/manwinder/Documents/MCUXpresso_10.3.1_2233/workspace/lpc_chip_175x_6x/Debug/liblpc_chip_175x_6x.a(iocon_17xx_40xx.o)
 .ARM.attributes
                0x00000000000002ca       0x33 /home/manwinder/Documents/MCUXpresso_10.3.1_2233/workspace/lpc_chip_175x_6x/Debug/liblpc_chip_175x_6x.a(sysinit_17xx_40xx.o)
 .ARM.attributes
                0x00000000000002fd       0x33 /home/manwinder/Documents/MCUXpresso_10.3.1_2233/workspace/lpc_chip_175x_6x/Debug/liblpc_chip_175x_6x.a(uart_17xx_40xx.o)
 .ARM.attributes
                0x0000000000000330       0x33 /usr/local/mcuxpressoide-10.3.1_2233/ide/plugins/com.nxp.mcuxpresso.tools.linux_10.3.0.201811011841/tools/bin/../lib/gcc/arm-none-eabi/7.3.1/../../../../arm-none-eabi/lib/thumb/v7-m/libcr_nohost.a(_cr__main.o)
 .ARM.attributes
                0x0000000000000363       0x33 /usr/local/mcuxpressoide-10.3.1_2233/ide/plugins/com.nxp.mcuxpresso.tools.linux_10.3.0.201811011841/tools/bin/../lib/gcc/arm-none-eabi/7.3.1/../../../../arm-none-eabi/lib/thumb/v7-m/libcr_c.a(memcpy.o)
 .ARM.attributes
                0x0000000000000396       0x33 /usr/local/mcuxpressoide-10.3.1_2233/ide/plugins/com.nxp.mcuxpresso.tools.linux_10.3.0.201811011841/tools/bin/../lib/gcc/arm-none-eabi/7.3.1/../../../../arm-none-eabi/lib/thumb/v7-m/libcr_c.a(memset.o)
 .ARM.attributes
                0x00000000000003c9       0x33 /usr/local/mcuxpressoide-10.3.1_2233/ide/plugins/com.nxp.mcuxpresso.tools.linux_10.3.0.201811011841/tools/bin/../lib/gcc/arm-none-eabi/7.3.1/../../../../arm-none-eabi/lib/thumb/v7-m/libcr_c.a(alloc.o)
 .ARM.attributes
                0x00000000000003fc       0x33 /usr/local/mcuxpressoide-10.3.1_2233/ide/plugins/com.nxp.mcuxpresso.tools.linux_10.3.0.201811011841/tools/bin/../lib/gcc/arm-none-eabi/7.3.1/../../../../arm-none-eabi/lib/thumb/v7-m/libcr_c.a(initio.o)
 .ARM.attributes
                0x000000000000042f       0x33 /usr/local/mcuxpressoide-10.3.1_2233/ide/plugins/com.nxp.mcuxpresso.tools.linux_10.3.0.201811011841/tools/bin/../lib/gcc/arm-none-eabi/7.3.1/../../../../arm-none-eabi/lib/thumb/v7-m/libcr_c.a(setvbuf.o)
 .ARM.attributes
                0x0000000000000462       0x33 /usr/local/mcuxpressoide-10.3.1_2233/ide/plugins/com.nxp.mcuxpresso.tools.linux_10.3.0.201811011841/tools/bin/../lib/gcc/arm-none-eabi/7.3.1/../../../../arm-none-eabi/lib/thumb/v7-m/libcr_c.a(strlen.o)
 .ARM.attributes
                0x0000000000000495       0x33 /usr/local/mcuxpressoide-10.3.1_2233/ide/plugins/com.nxp.mcuxpresso.tools.linux_10.3.0.201811011841/tools/bin/../lib/gcc/arm-none-eabi/7.3.1/../../../../arm-none-eabi/lib/thumb/v7-m/libcr_c.a(__init_alloc.o)
 .ARM.attributes
                0x00000000000004c8       0x33 /usr/local/mcuxpressoide-10.3.1_2233/ide/plugins/com.nxp.mcuxpresso.tools.linux_10.3.0.201811011841/tools/bin/../lib/gcc/arm-none-eabi/7.3.1/../../../../arm-none-eabi/lib/thumb/v7-m/libcr_c.a(_cr_sbrk.o)
 .ARM.attributes
                0x00000000000004fb       0x33 /usr/local/mcuxpressoide-10.3.1_2233/ide/plugins/com.nxp.mcuxpresso.tools.linux_10.3.0.201811011841/tools/bin/../lib/gcc/arm-none-eabi/7.3.1/../../../../arm-none-eabi/lib/thumb/v7-m/libcr_c.a(_deferredlazyseek.o)
 .ARM.attributes
                0x000000000000052e       0x33 /usr/local/mcuxpressoide-10.3.1_2233/ide/plugins/com.nxp.mcuxpresso.tools.linux_10.3.0.201811011841/tools/bin/../lib/gcc/arm-none-eabi/7.3.1/../../../../arm-none-eabi/lib/thumb/v7-m/libcr_c.a(_fdopen.o)
 .ARM.attributes
                0x0000000000000561       0x33 /usr/local/mcuxpressoide-10.3.1_2233/ide/plugins/com.nxp.mcuxpresso.tools.linux_10.3.0.201811011841/tools/bin/../lib/gcc/arm-none-eabi/7.3.1/../../../../arm-none-eabi/lib/thumb/v7-m/libcr_c.a(_fflush.o)
 .ARM.attributes
                0x0000000000000594       0x33 /usr/local/mcuxpressoide-10.3.1_2233/ide/plugins/com.nxp.mcuxpresso.tools.linux_10.3.0.201811011841/tools/bin/../lib/gcc/arm-none-eabi/7.3.1/../../../../arm-none-eabi/lib/thumb/v7-m/libcr_c.a(_writebuf.o)
 .ARM.attributes
                0x00000000000005c7       0x33 /usr/local/mcuxpressoide-10.3.1_2233/ide/plugins/com.nxp.mcuxpresso.tools.linux_10.3.0.201811011841/tools/bin/../lib/gcc/arm-none-eabi/7.3.1/../../../../arm-none-eabi/lib/thumb/v7-m/libcr_c.a(errno.o)
 .ARM.attributes
                0x00000000000005fa       0x33 /usr/local/mcuxpressoide-10.3.1_2233/ide/plugins/com.nxp.mcuxpresso.tools.linux_10.3.0.201811011841/tools/bin/../lib/gcc/arm-none-eabi/7.3.1/../../../../arm-none-eabi/lib/thumb/v7-m/libcr_c.a(fclose.o)
 .ARM.attributes
                0x000000000000062d       0x33 /usr/local/mcuxpressoide-10.3.1_2233/ide/plugins/com.nxp.mcuxpresso.tools.linux_10.3.0.201811011841/tools/bin/../lib/gcc/arm-none-eabi/7.3.1/../../../../arm-none-eabi/lib/thumb/v7-m/libcr_c.a(fflush.o)
 .ARM.attributes
                0x0000000000000660       0x33 /usr/local/mcuxpressoide-10.3.1_2233/ide/plugins/com.nxp.mcuxpresso.tools.linux_10.3.0.201811011841/tools/bin/../lib/gcc/arm-none-eabi/7.3.1/../../../../arm-none-eabi/lib/thumb/v7-m/libcr_c.a(fseek.o)
 .ARM.attributes
                0x0000000000000693       0x33 /usr/local/mcuxpressoide-10.3.1_2233/ide/plugins/com.nxp.mcuxpresso.tools.linux_10.3.0.201811011841/tools/bin/../lib/gcc/arm-none-eabi/7.3.1/../../../../arm-none-eabi/lib/thumb/v7-m/libcr_c.a(ftell.o)
 .ARM.attributes
                0x00000000000006c6       0x33 /usr/local/mcuxpressoide-10.3.1_2233/ide/plugins/com.nxp.mcuxpresso.tools.linux_10.3.0.201811011841/tools/bin/../lib/gcc/arm-none-eabi/7.3.1/../../../../arm-none-eabi/lib/thumb/v7-m/libcr_c.a(remove.o)
 .ARM.attributes
                0x00000000000006f9       0x33 /usr/local/mcuxpressoide-10.3.1_2233/ide/plugins/com.nxp.mcuxpresso.tools.linux_10.3.0.201811011841/tools/bin/../lib/gcc/arm-none-eabi/7.3.1/../../../../arm-none-eabi/lib/thumb/v7-m/libcr_c.a(_cr_check_heap.o)
 .ARM.attributes
                0x000000000000072c       0x33 /usr/local/mcuxpressoide-10.3.1_2233/ide/plugins/com.nxp.mcuxpresso.tools.linux_10.3.0.201811011841/tools/bin/../lib/gcc/arm-none-eabi/7.3.1/../../../../arm-none-eabi/lib/thumb/v7-m/libcr_c.a(_do_fflush.o)
 .ARM.attributes
                0x000000000000075f       0x21 /usr/local/mcuxpressoide-10.3.1_2233/ide/plugins/com.nxp.mcuxpresso.tools.linux_10.3.0.201811011841/tools/bin/../lib/gcc/arm-none-eabi/7.3.1/thumb/v7-m/libcr_eabihelpers.a(memcpy.o)
 .ARM.attributes
                0x0000000000000780       0x33 /usr/local/mcuxpressoide-10.3.1_2233/ide/plugins/com.nxp.mcuxpresso.tools.linux_10.3.0.201811011841/tools/bin/../lib/gcc/arm-none-eabi/7.3.1/../../../../arm-none-eabi/lib/thumb/v7-m/libcr_nohost.a(__ciob.o)
 .ARM.attributes
                0x00000000000007b3       0x33 /usr/local/mcuxpressoide-10.3.1_2233/ide/plugins/com.nxp.mcuxpresso.tools.linux_10.3.0.201811011841/tools/bin/../lib/gcc/arm-none-eabi/7.3.1/../../../../arm-none-eabi/lib/thumb/v7-m/libcr_nohost.a(__sys_close.o)
 .ARM.attributes
                0x00000000000007e6       0x33 /usr/local/mcuxpressoide-10.3.1_2233/ide/plugins/com.nxp.mcuxpresso.tools.linux_10.3.0.201811011841/tools/bin/../lib/gcc/arm-none-eabi/7.3.1/../../../../arm-none-eabi/lib/thumb/v7-m/libcr_nohost.a(__sys_flen.o)
 .ARM.attributes
                0x0000000000000819       0x33 /usr/local/mcuxpressoide-10.3.1_2233/ide/plugins/com.nxp.mcuxpresso.tools.linux_10.3.0.201811011841/tools/bin/../lib/gcc/arm-none-eabi/7.3.1/../../../../arm-none-eabi/lib/thumb/v7-m/libcr_nohost.a(__sys_istty.o)
 .ARM.attributes
                0x000000000000084c       0x33 /usr/local/mcuxpressoide-10.3.1_2233/ide/plugins/com.nxp.mcuxpresso.tools.linux_10.3.0.201811011841/tools/bin/../lib/gcc/arm-none-eabi/7.3.1/../../../../arm-none-eabi/lib/thumb/v7-m/libcr_nohost.a(__sys_remove.o)
 .ARM.attributes
                0x000000000000087f       0x33 /usr/local/mcuxpressoide-10.3.1_2233/ide/plugins/com.nxp.mcuxpresso.tools.linux_10.3.0.201811011841/tools/bin/../lib/gcc/arm-none-eabi/7.3.1/../../../../arm-none-eabi/lib/thumb/v7-m/libcr_nohost.a(__sys_seek.o)
 .ARM.attributes
                0x00000000000008b2       0x33 /usr/local/mcuxpressoide-10.3.1_2233/ide/plugins/com.nxp.mcuxpresso.tools.linux_10.3.0.201811011841/tools/bin/../lib/gcc/arm-none-eabi/7.3.1/../../../../arm-none-eabi/lib/thumb/v7-m/libcr_nohost.a(__sys_tmpnam.o)

.debug_frame    0x0000000000000000     0x22ec
 .debug_frame   0x0000000000000000       0xb0 ./freertos/src/FreeRTOSCommonHooks.o
 .debug_frame   0x00000000000000b0       0x58 ./freertos/src/heap_3.o
 .debug_frame   0x0000000000000108       0xd8 ./freertos/src/list.o
 .debug_frame   0x00000000000001e0      0x198 ./freertos/src/port.o
 .debug_frame   0x0000000000000378      0x404 ./freertos/src/queue.o
 .debug_frame   0x000000000000077c      0x634 ./freertos/src/tasks.o
 .debug_frame   0x0000000000000db0      0x170 ./example/src/cr_startup_lpc175x_6x.o
 .debug_frame   0x0000000000000f20      0x144 ./example/src/q.o
 .debug_frame   0x0000000000001064       0x34 ./example/src/sysinit.o
 .debug_frame   0x0000000000001098      0x5d4 /home/manwinder/Documents/MCUXpresso_10.3.1_2233/workspace/lpc_board_nxp_lpcxpresso_1769/Debug/liblpc_board_nxp_lpcxpresso_1769.a(board.o)
 .debug_frame   0x000000000000166c       0x8c /home/manwinder/Documents/MCUXpresso_10.3.1_2233/workspace/lpc_board_nxp_lpcxpresso_1769/Debug/liblpc_board_nxp_lpcxpresso_1769.a(board_sysinit.o)
 .debug_frame   0x00000000000016f8       0x88 /home/manwinder/Documents/MCUXpresso_10.3.1_2233/workspace/lpc_chip_175x_6x/Debug/liblpc_chip_175x_6x.a(chip_17xx_40xx.o)
 .debug_frame   0x0000000000001780      0x490 /home/manwinder/Documents/MCUXpresso_10.3.1_2233/workspace/lpc_chip_175x_6x/Debug/liblpc_chip_175x_6x.a(clock_17xx_40xx.o)
 .debug_frame   0x0000000000001c10       0x80 /home/manwinder/Documents/MCUXpresso_10.3.1_2233/workspace/lpc_chip_175x_6x/Debug/liblpc_chip_175x_6x.a(iocon_17xx_40xx.o)
 .debug_frame   0x0000000000001c90      0x12c /home/manwinder/Documents/MCUXpresso_10.3.1_2233/workspace/lpc_chip_175x_6x/Debug/liblpc_chip_175x_6x.a(sysinit_17xx_40xx.o)
 .debug_frame   0x0000000000001dbc      0x530 /home/manwinder/Documents/MCUXpresso_10.3.1_2233/workspace/lpc_chip_175x_6x/Debug/liblpc_chip_175x_6x.a(uart_17xx_40xx.o)
